//my_bigball/Omoji/assets/ageMod/U_001.bundle 8-386
//my_bigball/Omoji/assets/ani/accountbg/ani_oppo_head_k4.bundle 387-403
//my_bigball/Omoji/assets/ani/aod/ani_oppo_head_k1.bundle 405-412
//my_bigball/Omoji/assets/ani/aod/ani_oppo_head_k2.bundle 414-423
//my_bigball/Omoji/assets/ani/aod/ani_oppo_head_k3.bundle 425-435
//my_bigball/Omoji/assets/ani/watch/ani_oppo_head_k1.bundle 456-463
//my_bigball/Omoji/assets/ani/watch/ani_oppo_head_k2.bundle 465-474
//my_bigball/Omoji/assets/ani/watch/ani_oppo_head_k3.bundle 475-482
//my_bigball/Omoji/assets/ani/watch/ani_oppo_head_k4.bundle 484-492
//my_bigball/Omoji/assets/ani/watch/ani_oppo_head_k5.bundle 493-500
//my_bigball/Omoji/assets/beard/H_001.bundle 502-581
//my_bigball/Omoji/assets/beard/H_002.bundle 582-729
//my_bigball/Omoji/assets/beard/H_003.bundle 731-943
//my_bigball/Omoji/assets/beard/H_004.bundle 944-1219
//my_bigball/Omoji/assets/beard/H_005.bundle 1220-1269
//my_bigball/Omoji/assets/beard/H_006.bundle 1271-1365
//my_bigball/Omoji/assets/beard/H_007.bundle 1366-1403
//my_bigball/Omoji/assets/beard/H_008.bundle 1405-1439
//my_bigball/Omoji/assets/beard/H_009.bundle 1440-1498
//my_bigball/Omoji/assets/beard/H_010.bundle 1500-1539
//my_bigball/Omoji/assets/beard/H_011.bundle 1540-1599
//my_bigball/Omoji/assets/beard/H_012.bundle 1601-1661
//my_bigball/Omoji/assets/beard/H_013.bundle 1663-1856
//my_bigball/Omoji/assets/beard/H_014.bundle 1857-1954
//my_bigball/Omoji/assets/beard/H_015.bundle 1956-2027
//my_bigball/Omoji/assets/beard/H_016.bundle 2029-2315
//my_bigball/Omoji/assets/beard/H_017.bundle 2316-2708
//my_bigball/Omoji/assets/beard/H_018.bundle 2710-2949
//my_bigball/Omoji/assets/beard/H_019.bundle 2950-3236
//my_bigball/Omoji/assets/beauty/midManBeauty.bundle 3237-3256
//my_bigball/Omoji/assets/beauty/nasolabial.bundle 3257-3308
//my_bigball/Omoji/assets/beauty/oldManBeauty.bundle 3310-3408
//my_bigball/Omoji/assets/beauty/oppo_liplash.bundle 3409-3410
//my_bigball/Omoji/assets/brow/M_001.bundle 3412-3427
//my_bigball/Omoji/assets/brow/M_002.bundle 3428-3445
//my_bigball/Omoji/assets/brow/M_003.bundle 3447-3461
//my_bigball/Omoji/assets/brow/M_004.bundle 3462-3476
//my_bigball/Omoji/assets/brow/M_005.bundle 3478-3493
//my_bigball/Omoji/assets/brow/M_006.bundle 3495-3509
//my_bigball/Omoji/assets/brow/M_007.bundle 3511-3525
//my_bigball/Omoji/assets/brow/M_008.bundle 3526-3541
//my_bigball/Omoji/assets/brow/M_009.bundle 3542-3556
//my_bigball/Omoji/assets/brow/M_010.bundle 3558-3573
//my_bigball/Omoji/assets/brow/M_011.bundle 3575-3606
//my_bigball/Omoji/assets/brow/M_012.bundle 3607-3637
//my_bigball/Omoji/assets/brow/M_013.bundle 3639-3667
//my_bigball/Omoji/assets/brow/M_014.bundle 3669-3689
//my_bigball/Omoji/assets/brow/M_015.bundle 3690-3711
//my_bigball/Omoji/assets/brow/M_016.bundle 3713-3738
//my_bigball/Omoji/assets/config.json 3749
//my_bigball/Omoji/assets/ear/E_001.bundle 3750-3754
//my_bigball/Omoji/assets/ear/E_002.bundle 3755-3756
//my_bigball/Omoji/assets/ear/E_003.bundle 3758-3760
//my_bigball/Omoji/assets/earring_l/S_001_L.bundle 3762-3800
//my_bigball/Omoji/assets/earring_l/S_002_L.bundle 3802-3838
//my_bigball/Omoji/assets/earring_l/S_003_L.bundle 3840-3870
//my_bigball/Omoji/assets/earring_l/S_004_L.bundle 3871-3913
//my_bigball/Omoji/assets/earring_l/S_005_L.bundle 3914-3964
//my_bigball/Omoji/assets/earring_l/S_006_L.bundle 3965-4007
//my_bigball/Omoji/assets/earring_l/S_007_L.bundle 4008-4031
//my_bigball/Omoji/assets/earring_l/S_008_L.bundle 4033-4070
//my_bigball/Omoji/assets/earring_l/S_009_L.bundle 4072-4100
//my_bigball/Omoji/assets/earring_r/S_001_R.bundle 4101-4139
//my_bigball/Omoji/assets/earring_r/S_002_R.bundle 4140-4177
//my_bigball/Omoji/assets/earring_r/S_003_R.bundle 4179-4209
//my_bigball/Omoji/assets/earring_r/S_004_R.bundle 4211-4253
//my_bigball/Omoji/assets/earring_r/S_005_R.bundle 4254-4304
//my_bigball/Omoji/assets/earring_r/S_006_R.bundle 4306-4348
//my_bigball/Omoji/assets/earring_r/S_007_R.bundle 4349-4372
//my_bigball/Omoji/assets/earring_r/S_008_R.bundle 4373-4410
//my_bigball/Omoji/assets/earring_r/S_009_R.bundle 4411-4439
//my_bigball/Omoji/assets/eye/Y_001.bundle 4441-4461
//my_bigball/Omoji/assets/eye/Y_002.bundle 4462-4481
//my_bigball/Omoji/assets/eye/Y_003.bundle 4483-4495 4496
//my_bigball/Omoji/assets/eye/Y_004.bundle 4497-4531
//my_bigball/Omoji/assets/eye/Y_005.bundle 4532-4556
//my_bigball/Omoji/assets/eye/Y_006.bundle 4558-4581
//my_bigball/Omoji/assets/eye/Y_007.bundle 4582-4605
//my_bigball/Omoji/assets/eye/Y_008.bundle 4607-4635
//my_bigball/Omoji/assets/eye/Y_009.bundle 4636-4662
//my_bigball/Omoji/assets/eyelash/J_001.bundle 4663-4688
//my_bigball/Omoji/assets/eyelash/J_002.bundle 4689-4713
//my_bigball/Omoji/assets/eyelash/J_003.bundle 4714-4739
//my_bigball/Omoji/assets/eyelash/J_004.bundle 4741-4766
//my_bigball/Omoji/assets/eyelash/J_005.bundle 4767-4793
//my_bigball/Omoji/assets/eyelash/J_006.bundle 4795-4830
//my_bigball/Omoji/assets/eyelash/J_007.bundle 4832-4904
//my_bigball/Omoji/assets/eyelash/J_008.bundle 4906-4986
//my_bigball/Omoji/assets/eyelash/J_009.bundle 4988-5064
//my_bigball/Omoji/assets/face/L_004.bundle 5069-5076
//my_bigball/Omoji/assets/face/L_005.bundle 5077-5084
//my_bigball/Omoji/assets/face/L_006.bundle 5085-5092
//my_bigball/Omoji/assets/face/L_007.bundle 5093-5099
//my_bigball/Omoji/assets/face/L_008.bundle 5100-5106
//my_bigball/Omoji/assets/face/L_009.bundle 5107-5113
//my_bigball/Omoji/assets/freckles/A_001.bundle 5114-5116
//my_bigball/Omoji/assets/freckles/A_002.bundle 5117-5121
//my_bigball/Omoji/assets/freckles/A_003.bundle 5123-5124
//my_bigball/Omoji/assets/glasses/G_001.bundle 5125-5196
//my_bigball/Omoji/assets/glasses/G_002.bundle 5198-5243
//my_bigball/Omoji/assets/glasses/G_003.bundle 5245-5314
//my_bigball/Omoji/assets/glasses/G_004.bundle 5315-5364
//my_bigball/Omoji/assets/glasses/G_005.bundle 5366-5411
//my_bigball/Omoji/assets/glasses/G_006.bundle 5413-5496
//my_bigball/Omoji/assets/glasses/G_008.bundle 5497-5560
//my_bigball/Omoji/assets/glasses/G_009.bundle 5561-5663
//my_bigball/Omoji/assets/glasses/G_010.bundle 5665-5719
//my_bigball/Omoji/assets/glasses/G_011.bundle 5721-5785
//my_bigball/Omoji/assets/glasses/G_012.bundle 5787-5827
//my_bigball/Omoji/assets/glasses/G_013.bundle 5828-5902
//my_bigball/Omoji/assets/glasses/G_014.bundle 5903-5972
//my_bigball/Omoji/assets/glasses/G_015.bundle 5974-6054
//my_bigball/Omoji/assets/glasses/G_016.bundle 6055-6087
//my_bigball/Omoji/assets/glasses/G_017.bundle 6089-6125
//my_bigball/Omoji/assets/glasses/G_018.bundle 6127-6164
//my_bigball/Omoji/assets/glasses/G_019.bundle 6165-6209
//my_bigball/Omoji/assets/glasses/G_020.bundle 6211-6265
//my_bigball/Omoji/assets/glasses/G_021.bundle 6266-6315
//my_bigball/Omoji/assets/glasses/G_022.bundle 6317-6366
//my_bigball/Omoji/assets/hair/F_001.bundle 6367-6643
//my_bigball/Omoji/assets/hair/F_002.bundle 6645-7040
//my_bigball/Omoji/assets/hair/F_003.bundle 7041-7343
//my_bigball/Omoji/assets/hair/F_004.bundle 7344-7995
//my_bigball/Omoji/assets/hair/F_005.bundle 7997-8140 8141
//my_bigball/Omoji/assets/hair/F_006.bundle 8142-8318
//my_bigball/Omoji/assets/hair/F_007.bundle 8320-8903
//my_bigball/Omoji/assets/hair/F_008.bundle 8905-9229
//my_bigball/Omoji/assets/hair/F_009.bundle 9230-9583
//my_bigball/Omoji/assets/hair/F_010.bundle 9584-9920
//my_bigball/Omoji/assets/hair/F_011.bundle 9922-10204
//my_bigball/Omoji/assets/hair/F_012.bundle 10206-10221
//my_bigball/Omoji/assets/hair/F_013.bundle 10223-10481
//my_bigball/Omoji/assets/hair/F_014.bundle 10482-10680
//my_bigball/Omoji/assets/hair/F_015.bundle 10681-10921
//my_bigball/Omoji/assets/hair/F_016.bundle 10922-11491
//my_bigball/Omoji/assets/hair/F_017.bundle 11492-11741
//my_bigball/Omoji/assets/hair/F_018.bundle 11743-12225
//my_bigball/Omoji/assets/hair/F_019.bundle 12227-12528
//my_bigball/Omoji/assets/hair/F_020.bundle 12530-12863
//my_bigball/Omoji/assets/hair/F_021.bundle 12865-13139
//my_bigball/Omoji/assets/hair/F_022.bundle 13141-13470
//my_bigball/Omoji/assets/hair/F_023.bundle 13472-13742
//my_bigball/Omoji/assets/hair/F_024.bundle 13743-14110
//my_bigball/Omoji/assets/hair/F_025.bundle 14111-14378
//my_bigball/Omoji/assets/hair/F_026.bundle 14379-14788
//my_bigball/Omoji/assets/hair/F_027.bundle 14789-15031
//my_bigball/Omoji/assets/hair/F_028.bundle 15033-15300
//my_bigball/Omoji/assets/hair/F_029.bundle 15301-15847
//my_bigball/Omoji/assets/hair/F_030.bundle 15849-16109
//my_bigball/Omoji/assets/hair/F_031.bundle 16110-16448
//my_bigball/Omoji/assets/hair/F_032.bundle 16450-16690
//my_bigball/Omoji/assets/hair/F_033.bundle 16692-17138
//my_bigball/Omoji/assets/hair/F_034.bundle 17139-17400
//my_bigball/Omoji/assets/hair/F_035.bundle 17401-17903
//my_bigball/Omoji/assets/hair/F_036.bundle 17904-18302
//my_bigball/Omoji/assets/hair/F_037.bundle 18303-18587
//my_bigball/Omoji/assets/hair/F_038.bundle 18589-18735
//my_bigball/Omoji/assets/hair/F_039.bundle 18737-18894 18895
//my_bigball/Omoji/assets/hair/F_040.bundle 18896-19018
//my_bigball/Omoji/assets/hair/F_041.bundle 19019-19288
//my_bigball/Omoji/assets/hair/F_042.bundle 19290-19770
//my_bigball/Omoji/assets/hair/F_043.bundle 19771-19998
//my_bigball/Omoji/assets/hair/F_044.bundle 19999-20309
//my_bigball/Omoji/assets/hair/F_045.bundle 20310-20703
//my_bigball/Omoji/assets/hair/F_046.bundle 20705-20945
//my_bigball/Omoji/assets/hair/F_047.bundle 20947-21235
//my_bigball/Omoji/assets/hair/F_048.bundle 21236-21517
//my_bigball/Omoji/assets/hair/F_049.bundle 21519-21730
//my_bigball/Omoji/assets/hair/F_050.bundle 21732-22017
//my_bigball/Omoji/assets/hair/F_051.bundle 22018-22328
//my_bigball/Omoji/assets/hair/F_052.bundle 22330-22690
//my_bigball/Omoji/assets/hair/F_053.bundle 22692-22887
//my_bigball/Omoji/assets/hair/F_054.bundle 22889-23150
//my_bigball/Omoji/assets/hair/F_055.bundle 23151-23309
//my_bigball/Omoji/assets/hair/F_056.bundle 23310-23543
//my_bigball/Omoji/assets/hair/F_057.bundle 23544-23878
//my_bigball/Omoji/assets/hair/F_058.bundle 23879-24798
//my_bigball/Omoji/assets/hair/F_059.bundle 24800-25008
//my_bigball/Omoji/assets/hair/F_060.bundle 25010-25187
//my_bigball/Omoji/assets/hair/F_061.bundle 25188-25576
//my_bigball/Omoji/assets/hair/F_062.bundle 25578-25847
//my_bigball/Omoji/assets/hair/F_063.bundle 25848-26188
//my_bigball/Omoji/assets/hair/F_064.bundle 26189-26608
//my_bigball/Omoji/assets/hair/F_065.bundle 26609-26877
//my_bigball/Omoji/assets/hair/F_066.bundle 26879-27011
//my_bigball/Omoji/assets/hair/F_067.bundle 27012-27254
//my_bigball/Omoji/assets/hair/F_068.bundle 27255-27426
//my_bigball/Omoji/assets/hair/F_069.bundle 27427-28054
//my_bigball/Omoji/assets/head/head_1/info.json 28055
//my_bigball/Omoji/assets/head/head_2/info.json 28056
//my_bigball/Omoji/assets/head/head_2/originPhoto.png 28057-28101
//my_bigball/Omoji/assets/head/head_3/info.json 28102
//my_bigball/Omoji/assets/head/head_3/originPhoto.png 28103-28161
//my_bigball/Omoji/assets/head/head_4/info.json 28162
//my_bigball/Omoji/assets/head/head_4/originPhoto.png 28163-28208
//my_bigball/Omoji/assets/head/head_5/info.json 28209
//my_bigball/Omoji/assets/head/head_5/originPhoto.png 28210-28250
//my_bigball/Omoji/assets/head/oppo_face_mid.bundle 28251-29102
//my_bigball/Omoji/assets/headwear/T_001.bundle 29103-29294
//my_bigball/Omoji/assets/headwear/T_002.bundle 29296-29374
//my_bigball/Omoji/assets/headwear/T_003.bundle 29376-29441
//my_bigball/Omoji/assets/headwear/T_004.bundle 29442-29523
//my_bigball/Omoji/assets/headwear/T_005.bundle 29525-29667
//my_bigball/Omoji/assets/headwear/T_006.bundle 29669-29744
//my_bigball/Omoji/assets/headwear/T_007.bundle 29745-29845
//my_bigball/Omoji/assets/headwear/T_008.bundle 29846-29920
//my_bigball/Omoji/assets/headwear/T_009.bundle 29921-30064
//my_bigball/Omoji/assets/headwear/T_010.bundle 30066-30114
//my_bigball/Omoji/assets/headwear/T_011.bundle 30116-30360
//my_bigball/Omoji/assets/headwear/T_012.bundle 30362-30438
//my_bigball/Omoji/assets/headwear/T_013.bundle 30440-30713
//my_bigball/Omoji/assets/headwear/T_014.bundle 30714-30902
//my_bigball/Omoji/assets/headwear/T_015.bundle 30903-31005
//my_bigball/Omoji/assets/headwear/T_016.bundle 31006-31146
//my_bigball/Omoji/assets/light/oppo_light.bundle 31148-31385
//my_bigball/Omoji/assets/light/oppo_light_02.bundle 31386-31623
//my_bigball/Omoji/assets/light/oppo_light_03.bundle 31624-31861
//my_bigball/Omoji/assets/light/oppo_light_04.bundle 31862-32099
//my_bigball/Omoji/assets/light/oppo_light_modify_01.bundle 32100-32337
//my_bigball/Omoji/assets/light/oppo_light_modify_02.bundle 32338-32575
//my_bigball/Omoji/assets/lipstuds/I_001.bundle 32576-32617
//my_bigball/Omoji/assets/lipstuds/I_002.bundle 32618-32659
//my_bigball/Omoji/assets/lipstuds/I_003.bundle 32661-32703
//my_bigball/Omoji/assets/lipstuds/I_004.bundle 32705-32769
//my_bigball/Omoji/assets/lipstuds/I_005.bundle 32771-32826
//my_bigball/Omoji/assets/mouth/Z_001.bundle 32827-32836
//my_bigball/Omoji/assets/mouth/Z_002.bundle 32837
//my_bigball/Omoji/assets/mouth/Z_003.bundle 32838-32847
//my_bigball/Omoji/assets/mouth/Z_004.bundle 32848-32857
//my_bigball/Omoji/assets/mouth/Z_005.bundle 32859-32893
//my_bigball/Omoji/assets/mouth/Z_006.bundle 32894-32905
//my_bigball/Omoji/assets/mouth/Z_007.bundle 32906-32915
//my_bigball/Omoji/assets/mouth/Z_008.bundle 32917-32926
//my_bigball/Omoji/assets/mouth/Z_009.bundle 32928-32938
//my_bigball/Omoji/assets/mouth/Z_010.bundle 32940-32949
//my_bigball/Omoji/assets/mouth/Z_011.bundle 32950-32959
//my_bigball/Omoji/assets/mouth/Z_012.bundle 32960-32973
//my_bigball/Omoji/assets/nevus/C_003.bundle 32977-32989
//my_bigball/Omoji/assets/nevus/C_004.bundle 32990-33002
//my_bigball/Omoji/assets/nevus/C_005.bundle 33003-33013
//my_bigball/Omoji/assets/nevus/C_006.bundle 33014-33024
//my_bigball/Omoji/assets/nose/B_001.bundle 33025-33026
//my_bigball/Omoji/assets/nose/B_002.bundle 33028-33030
//my_bigball/Omoji/assets/nose/B_003.bundle 33031-33033
//my_bigball/Omoji/assets/others/ARmask.bundle 33035-33050
//my_bigball/Omoji/assets/others/ARmask_gk.bundle 33052-33067
//my_bigball/Omoji/assets/others/ARmask_shadow.bundle 33069-33084
//my_bigball/Omoji/assets/others/color.json 33086
//my_bigball/Omoji/assets/others/controller_config.bundle 33087-33111
//my_bigball/Omoji/assets/others/controller_config_for_icon_scene.bundle 33112-33136
//my_bigball/Omoji/info.json 33137
//my_bigball/apkcerts.txt 33138
//my_bigball/app/AssistantScreen/AssistantScreen.apk 33139-38633
//my_bigball/app/AssistantScreen/oat/arm/AssistantScreen.vdex 38639-38709
//my_bigball/app/AssistantScreen/oat/arm64/AssistantScreen.vdex 38710-38780
//my_bigball/app/CalendarGoogle/CalendarGoogle.apk 38781-43662
//my_bigball/app/CloudService/CloudService.apk 43667-50835
//my_bigball/app/CloudService/oat/arm/CloudService.vdex 50842-50912
//my_bigball/app/CloudService/oat/arm64/CloudService.vdex 50913-50983
//my_bigball/app/Drive/Drive.apk 50984-57869
//my_bigball/app/Duo/Duo.apk 57876-68334
//my_bigball/app/GoogleContacts/GoogleContacts.apk 68343-70685
//my_bigball/app/Google_AssistantShell/Google_AssistantShell.apk 70688-70908
//my_bigball/app/Google_Lens/Google_Lens.apk 70909-71210
//my_bigball/app/Google_Pay3/Google_Pay3.apk 71211-79795
//my_bigball/app/KeKePay/KeKePay.apk 79803-83197
//my_bigball/app/KeKePay/lib/arm64/libdns_server_rk.so 83201-83274
//my_bigball/app/KeKePay/lib/arm64/libmmkv.so 83275-83346
//my_bigball/app/KeKePay/oat/arm/KeKePay.vdex 83347-83392
//my_bigball/app/KeKePay/oat/arm64/KeKePay.vdex 83393-83438
//my_bigball/app/LatinImeGoogle/LatinImeGoogle.apk 83439-96454
//my_bigball/app/Netflix_Activation_OnePlus/Netflix_Activation_OnePlus.apk 96465-96473
//my_bigball/app/Netflix_Stub/Netflix_Stub.apk 96474-96487
//my_bigball/app/Omoji/Omoji.apk 96488-111714
//my_bigball/app/Omoji/lib/arm64/libCNamaSDK_vendor.so 111724-113865
//my_bigball/app/Omoji/lib/arm64/libFUP2AHelper.so 113869-114135
//my_bigball/app/Omoji/lib/arm64/libffmpeg.so 114137-114586
//my_bigball/app/Omoji/lib/arm64/libffmpegJNI.so 114587-114689
//my_bigball/app/Omoji/lib/arm64/libfuai_vendor.so 114690-116343
//my_bigball/app/Omoji/oat/arm/Omoji.vdex 116346-116399
//my_bigball/app/Omoji/oat/arm64/Omoji.vdex 116400-116453
//my_bigball/app/Photos/Photos.apk 116454-131567
//my_bigball/app/SoftsimRedteaRoaming/SoftsimRedteaRoaming.apk 131580-137262
//my_bigball/app/Videos/Videos.apk 137267-142133
//my_bigball/app/YTMusic/YTMusic.apk 142138-149682
//my_bigball/del-app/INOnePlusStore/INOnePlusStore.apk 149689-166411
//my_bigball/del-app/NewSoundRecorder/NewSoundRecorder.apk 166421-169535
//my_bigball/del-app/NewSoundRecorder/lib/arm64/libSlienceDetect.so 169539-169562
//my_bigball/del-app/NewSoundRecorder/lib/arm64/liblamemp3.so 169563-169609
//my_bigball/del-app/NewSoundRecorder/lib/arm64/libopluslog.so 169610-169618
//my_bigball/del-app/NewSoundRecorder/lib/arm64/libsilenceWrapper.so 169619-169623
//my_bigball/del-app-pre/Google_Home/Google_Home.apk 169624-180075
//my_bigball/del-app-pre/Google_News/Google_News.apk 180085-183221
//my_bigball/del-app-pre/Google_One/Google_One.apk 183225-186234
//my_bigball/del-app-pre/Google_Podcasts/Google_Podcasts.apk 186238-186887
//my_bigball/etc/battery/sys_deviceidle_whitelist.xml 186888
//my_bigball/etc/launcher/default_workspace.xml 186898
//my_bigball/etc/launcher/default_workspace_simple.xml 186899
//my_bigball/etc/oplus_carriers_map.xml 186900
//my_bigball/etc/oplus_channel_map.xml 186901-186902
//my_bigball/etc/oplus_channel_ready_stat_map.xml 186903
//my_bigball/overlay/GmsConfigOverlayASI_Features/GmsConfigOverlayASI_Features.apk 186905-186906
//my_bigball/overlay/GmsConfigOverlayCommon/GmsConfigOverlayCommon.apk 186907-186910
//my_bigball/overlay/GmsConfigOverlayComms/GmsConfigOverlayComms.apk 186911-186912
//my_bigball/overlay/GmsConfigOverlayGSA/GmsConfigOverlayGSA.apk 186913-186914
//my_bigball/overlay/OplusDocumentsUIOverlay/OplusDocumentsUIOverlay.apk 186916-186917
//my_bigball/overlay/OplusGmsConfigOverlayCommon/OplusGmsConfigOverlayCommon.apk 186918-186919
//my_bigball/priv-app/AndroidSystemIntelligence_Features/AndroidSystemIntelligence_Features.apk 186920-192504
//my_bigball/priv-app/AndroidSystemIntelligence_Features/oat/arm64/AndroidSystemIntelligence_Features.vdex 192510-192534
//my_bigball/priv-app/CarrierServices/CarrierServices.apk 192535-193816
//my_bigball/priv-app/CarrierServices/oat/arm64/CarrierServices.vdex 193819-193864
//my_bigball/priv-app/GoogleDialer/GoogleDialer.apk 193865-203385
//my_bigball/priv-app/GoogleDialer/oat/arm64/GoogleDialer.vdex 203394-203455
//my_bigball/priv-app/Google_Files/Google_Files.apk 203456-206481
//my_bigball/priv-app/Google_Files/oat/arm64/Google_Files.vdex 206485-206532
//my_bigball/priv-app/KeKeThemeSpace/KeKeThemeSpace.apk 206533-216581
//my_bigball/priv-app/KeKeThemeSpace/oat/arm64/KeKeThemeSpace.vdex 216591-216690
//my_bigball/priv-app/Messages/Messages.apk 216691-232866
//my_bigball/priv-app/Messages/oat/arm64/Messages.vdex 232881-233106
//my_bigball/priv-app/OPMemberShip/OPMemberShip.apk 233107-234668
//my_bigball/priv-app/OPMemberShip/oat/arm64/OPMemberShip.vdex 234671-234696
//my_bigball/priv-app/OplusCallRecorder/OplusCallRecorder.apk 234697-235254
//my_bigball/priv-app/OplusCallRecorder/oat/arm64/OplusCallRecorder.vdex 235255-235261
//my_bigball/priv-app/OppoGallery2/OppoGallery2.apk 235262-275197
//my_bigball/priv-app/OppoGallery2/oat/arm64/OppoGallery2.vdex 275226-275332
//my_bigball/priv-app/PlayAutoInstallConfig_OnePlus/PlayAutoInstallConfig_OnePlus.apk 275333-275334
//my_bigball/priv-app/PrivateComputeServices/PrivateComputeServices.apk 275335-277912
//my_bigball/priv-app/PrivateComputeServices/oat/arm64/PrivateComputeServices.vdex 277916-277924
