//my_heytap/apkcerts.txt 1
//my_heytap/app/ARCore/ARCore.apk 2-4
//my_heytap/app/Chrome/Chrome.apk 5-5119
//my_heytap/app/ChromePartnerProvider/ChromePartnerProvider.apk 5125-5327
//my_heytap/app/ChromePartnerProvider/oat/arm64/ChromePartnerProvider.vdex 5328-5330
//my_heytap/app/EmailPartnerProvider/EmailPartnerProvider.apk 5331-5533
//my_heytap/app/EmailPartnerProvider/oat/arm64/EmailPartnerProvider.vdex 5534-5536
//my_heytap/app/Gmail2/Gmail2.apk 5537-18564
//my_heytap/app/GoogleLocationHistory/GoogleLocationHistory.apk 18576-18583
//my_heytap/app/InterconnectCollectKit/InterconnectCollectKit.apk 18584-18679
//my_heytap/app/InterconnectCollectKit/oat/arm64/InterconnectCollectKit.vdex 18680-18682
//my_heytap/app/MCS/MCS.apk 18683-21249
//my_heytap/app/MCS/oat/arm64/MCS.vdex 21253-21294
//my_heytap/app/Maps/Maps.apk 21295-34779
//my_heytap/app/SpeechServicesByGoogle/SpeechServicesByGoogle.apk 34791-45339
//my_heytap/app/StdSP/StdSP.apk 45348-59139
//my_heytap/app/StdSP/oat/arm64/StdSP.vdex 59150-59168
//my_heytap/app/TrichromeLibrary/TrichromeLibrary.apk 59169-73367
//my_heytap/app/WebViewGoogle/WebViewGoogle.apk 73378-90454
//my_heytap/app/WifiBackupRestore/WifiBackupRestore.apk 90469-93285
//my_heytap/app/WifiBackupRestore/oat/arm/WifiBackupRestore.vdex 93289-93330
//my_heytap/app/WifiBackupRestore/oat/arm64/WifiBackupRestore.vdex 93331-93372
//my_heytap/app/YouTube/YouTube.apk 93373-109065
//my_heytap/app/talkback/talkback.apk 109078-113316
//my_heytap/del-app/Melody/Melody.apk 113321-119039
//my_heytap/etc/NOTICE.xml.gz 119045-119052
//my_heytap/etc/permissions/privapp-permissions-google-product.xml 119053
//my_heytap/etc/permissions/privapp-permissions-google-system-ext.xml 119054
//my_heytap/etc/permissions/privapp-permissions-oplus.xml 119055
//my_heytap/etc/preferred-apps/google.xml 119056
//my_heytap/etc/sysconfig/google-hiddenapi-package-allowlist.xml 119057
//my_heytap/etc/sysconfig/google.xml 119058
//my_heytap/non_overlay/app/GoogleExtShared/GoogleExtShared.apk 119059-119061
//my_heytap/non_overlay/app/GooglePrintRecommendationService/GooglePrintRecommendationService.apk 119062-119079
//my_heytap/non_overlay/priv-app/GoogleFeedback/GoogleFeedback.apk 119080-119166
//my_heytap/non_overlay/priv-app/GooglePackageInstaller/GooglePackageInstaller.apk 119167-119592
//my_heytap/non_overlay/priv-app/GoogleServicesFramework/GoogleServicesFramework.apk 119593-120586
//my_heytap/non_overlay/priv-app/SetupWizard/SetupWizard.apk 120588-121570
//my_heytap/priv-app/AndroidAutoStub/AndroidAutoStub.apk 121573-122084
//my_heytap/priv-app/AndroidAutoStub/oat/arm64/AndroidAutoStub.vdex 122085-122094
//my_heytap/priv-app/ConfigUpdater/ConfigUpdater.apk 122095-123196
//my_heytap/priv-app/ConfigUpdater/oat/arm64/ConfigUpdater.vdex 123198-123220
//my_heytap/priv-app/FamilyLinkParentalControls/FamilyLinkParentalControls.apk 123221-123225
//my_heytap/priv-app/GmsCore/GmsCore.apk 123226-141919
//my_heytap/priv-app/GmsCore/m/independent/AndroidPlatformServices.apk 141934-143997
//my_heytap/priv-app/GmsCore/m/independent/oat/arm64/AndroidPlatformServices.vdex 144000-144036
//my_heytap/priv-app/GmsCore/oat/arm/GmsCore.vdex 144037-144335
//my_heytap/priv-app/GmsCore/oat/arm64/GmsCore.vdex 144336-144634
//my_heytap/priv-app/GoogleOneTimeInitializer/GoogleOneTimeInitializer.apk 144635-144662
//my_heytap/priv-app/GooglePartnerSetup/GooglePartnerSetup.apk 144663-144769
//my_heytap/priv-app/GooglePartnerSetup/oat/arm64/GooglePartnerSetup.vdex 144770-144772
//my_heytap/priv-app/GoogleRestore/GoogleRestore.apk 144773-146175
//my_heytap/priv-app/GoogleRestore/oat/arm64/GoogleRestore.vdex 146178-146200
//my_heytap/priv-app/Phonesky/Phonesky.apk 146201-154704
//my_heytap/priv-app/Phonesky/oat/arm64/Phonesky.vdex 154713-154836
//my_heytap/priv-app/Velvet/Velvet.apk 154837-188754
//my_heytap/priv-app/Velvet/oat/arm/Velvet.vdex 188786-189318
//my_heytap/priv-app/Velvet/oat/arm64/Velvet.vdex 189319-189851
//my_heytap/priv-app/Wellbeing/Wellbeing.apk 189853-192191
//my_heytap/priv-app/Wellbeing/oat/arm64/Wellbeing.vdex 192195-192232
//my_heytap/product/usr/srec/en-US/CLG.prewalk.fst 192233-192888
//my_heytap/product/usr/srec/en-US/CONTACT.transform.mfar 192889-192892
//my_heytap/product/usr/srec/en-US/TERSE_LSTM_LM.lstm_lm.main_model.uint8.data 192893-193225
//my_heytap/product/usr/srec/en-US/TERSE_LSTM_LM.lstm_lm.self_normalized_model.uint8.data 193226-193787
//my_heytap/product/usr/srec/en-US/TERSE_LSTM_LM.lstm_lm.syms 193789-193925
//my_heytap/product/usr/srec/en-US/c_fst 193926-193964
//my_heytap/product/usr/srec/en-US/config.pumpkin 193966-193991
//my_heytap/product/usr/srec/en-US/dictation.config 193993-193994
//my_heytap/product/usr/srec/en-US/dnn 193995-194711
//my_heytap/product/usr/srec/en-US/embedded_class_denorm.mfar 194713-194814
//my_heytap/product/usr/srec/en-US/embedded_normalizer.mfar 194815-194842
//my_heytap/product/usr/srec/en-US/en-US_confirmation_confirmation-cancellation_TWIDDLER_FST.fst 194843
//my_heytap/product/usr/srec/en-US/en-US_gmm-actions_gmm-nav-actions_TWIDDLER_FST.fst 194844
//my_heytap/product/usr/srec/en-US/endpointer_model 194848-194851
//my_heytap/product/usr/srec/en-US/endpointer_model.mmap 194853-194856
//my_heytap/product/usr/srec/en-US/ep_portable_model.uint8.mmap 194858-194888
//my_heytap/product/usr/srec/en-US/g2p.data 194890-195136
//my_heytap/product/usr/srec/en-US/g2p_fst 195138-195879
//my_heytap/product/usr/srec/en-US/hmm_symbols 195881-195895
//my_heytap/product/usr/srec/en-US/hmmlist 195896-195903
//my_heytap/product/usr/srec/en-US/lexicon.U.fst 195905-196048
//my_heytap/product/usr/srec/en-US/lstm_model.uint8.data 196049-197143
//my_heytap/product/usr/srec/en-US/metadata 197145
//my_heytap/product/usr/srec/en-US/offensive_word_normalizer.mfar 197146-197202
//my_heytap/product/usr/srec/en-US/offline_action_data.pb 197203
//my_heytap/product/usr/srec/en-US/portable_lstm 197204-197325
//my_heytap/product/usr/srec/en-US/prons_exception_dictionary_file.txt 197326-197337
//my_heytap/product/usr/srec/en-US/pumpkin.mmap 197338-199600
//my_heytap/product/usr/srec/en-US/rescoring.fst.compact 199603-200815
//my_heytap/product/usr/srec/en-US/semantics.pumpkin 200817-200830
//my_heytap/product/usr/srec/en-US/verbalizer_terse.mfar 200831-200950
//my_heytap/product/usr/srec/en-US/voice_actions.config 200951-200952
//my_heytap/product/usr/srec/en-US/voice_actions_compiler.config 200953-200954
//my_heytap/product/usr/srec/en-US/wordlist.syms 200955-201099
