//my_heytap/apkcerts.txt 1
//my_heytap/app/ARCore/ARCore.apk 2-4
//my_heytap/app/Chrome/Chrome.apk 5-5256
//my_heytap/app/ChromePartnerProvider/ChromePartnerProvider.apk 5262-5464
//my_heytap/app/ChromePartnerProvider/oat/arm64/ChromePartnerProvider.vdex 5465-5467
//my_heytap/app/EmailPartnerProvider/EmailPartnerProvider.apk 5468-5670
//my_heytap/app/EmailPartnerProvider/oat/arm64/EmailPartnerProvider.vdex 5671-5673
//my_heytap/app/Gmail2/Gmail2.apk 5674-19193
//my_heytap/app/GoogleLocationHistory/GoogleLocationHistory.apk 19205-19212
//my_heytap/app/InterconnectCollectKit/InterconnectCollectKit.apk 19213-19308
//my_heytap/app/InterconnectCollectKit/oat/arm64/InterconnectCollectKit.vdex 19309-19311
//my_heytap/app/MCS/MCS.apk 19312-21878
//my_heytap/app/MCS/oat/arm64/MCS.vdex 21882-21923
//my_heytap/app/Maps/Maps.apk 21924-35699
//my_heytap/app/SpeechServicesByGoogle/SpeechServicesByGoogle.apk 35711-46750
//my_heytap/app/StdSP/StdSP.apk 46759-58309
//my_heytap/app/StdSP/oat/arm64/StdSP.vdex 58319-58337
//my_heytap/app/TrichromeLibrary/TrichromeLibrary.apk 58338-72632
//my_heytap/app/WebViewGoogle/WebViewGoogle.apk 72643-90128
//my_heytap/app/WifiBackupRestore/WifiBackupRestore.apk 90143-92959
//my_heytap/app/WifiBackupRestore/oat/arm/WifiBackupRestore.vdex 92963-93004
//my_heytap/app/WifiBackupRestore/oat/arm64/WifiBackupRestore.vdex 93005-93046
//my_heytap/app/YouTube/YouTube.apk 93047-108846
//my_heytap/app/talkback/talkback.apk 108859-113097
//my_heytap/del-app/Melody/Melody.apk 113102-118890
//my_heytap/etc/NOTICE.xml.gz 118896-118903
//my_heytap/etc/permissions/privapp-permissions-google-product.xml 118904
//my_heytap/etc/permissions/privapp-permissions-google-system-ext.xml 118905
//my_heytap/etc/permissions/privapp-permissions-oplus.xml 118906
//my_heytap/etc/preferred-apps/google.xml 118907
//my_heytap/etc/sysconfig/google-hiddenapi-package-allowlist.xml 118908
//my_heytap/etc/sysconfig/google.xml 118909
//my_heytap/non_overlay/app/GoogleExtShared/GoogleExtShared.apk 118910-118912
//my_heytap/non_overlay/app/GooglePrintRecommendationService/GooglePrintRecommendationService.apk 118913-118930
//my_heytap/non_overlay/priv-app/GoogleFeedback/GoogleFeedback.apk 118931-119017
//my_heytap/non_overlay/priv-app/GooglePackageInstaller/GooglePackageInstaller.apk 119018-119443
//my_heytap/non_overlay/priv-app/GoogleServicesFramework/GoogleServicesFramework.apk 119444-120437
//my_heytap/non_overlay/priv-app/SetupWizard/SetupWizard.apk 120439-121421
//my_heytap/priv-app/AndroidAutoStub/AndroidAutoStub.apk 121424-121952
//my_heytap/priv-app/AndroidAutoStub/oat/arm64/AndroidAutoStub.vdex 121953-121962
//my_heytap/priv-app/ConfigUpdater/ConfigUpdater.apk 121963-123064
//my_heytap/priv-app/ConfigUpdater/oat/arm64/ConfigUpdater.vdex 123066-123088
//my_heytap/priv-app/FamilyLinkParentalControls/FamilyLinkParentalControls.apk 123089-123093
//my_heytap/priv-app/GmsCore/GmsCore.apk 123094-142001
//my_heytap/priv-app/GmsCore/m/independent/AndroidPlatformServices.apk 142016-144079
//my_heytap/priv-app/GmsCore/m/independent/oat/arm64/AndroidPlatformServices.vdex 144082-144118
//my_heytap/priv-app/GmsCore/oat/arm/GmsCore.vdex 144119-144422
//my_heytap/priv-app/GmsCore/oat/arm64/GmsCore.vdex 144424-144727
//my_heytap/priv-app/GoogleOneTimeInitializer/GoogleOneTimeInitializer.apk 144728-144755
//my_heytap/priv-app/GooglePartnerSetup/GooglePartnerSetup.apk 144757-144863
//my_heytap/priv-app/GooglePartnerSetup/oat/arm64/GooglePartnerSetup.vdex 144864-144866
//my_heytap/priv-app/GoogleRestore/GoogleRestore.apk 144867-146284
//my_heytap/priv-app/GoogleRestore/oat/arm64/GoogleRestore.vdex 146287-146310
//my_heytap/priv-app/Phonesky/Phonesky.apk 146311-155193
//my_heytap/priv-app/Phonesky/oat/arm64/Phonesky.vdex 155202-155329
//my_heytap/priv-app/Velvet/Velvet.apk 155330-187927
//my_heytap/priv-app/Velvet/oat/arm/Velvet.vdex 187959-188508
//my_heytap/priv-app/Velvet/oat/arm64/Velvet.vdex 188509-189058
//my_heytap/priv-app/Wellbeing/Wellbeing.apk 189059-191397
//my_heytap/priv-app/Wellbeing/oat/arm64/Wellbeing.vdex 191401-191438
//my_heytap/product/usr/srec/en-US/CLG.prewalk.fst 191439-192094
//my_heytap/product/usr/srec/en-US/CONTACT.transform.mfar 192096-192099
//my_heytap/product/usr/srec/en-US/TERSE_LSTM_LM.lstm_lm.main_model.uint8.data 192100-192432
//my_heytap/product/usr/srec/en-US/TERSE_LSTM_LM.lstm_lm.self_normalized_model.uint8.data 192433-192994
//my_heytap/product/usr/srec/en-US/TERSE_LSTM_LM.lstm_lm.syms 192996-193132
//my_heytap/product/usr/srec/en-US/c_fst 193133-193171
//my_heytap/product/usr/srec/en-US/config.pumpkin 193172-193197
//my_heytap/product/usr/srec/en-US/dictation.config 193200-193201
//my_heytap/product/usr/srec/en-US/dnn 193202-193918
//my_heytap/product/usr/srec/en-US/embedded_class_denorm.mfar 193919-194020
//my_heytap/product/usr/srec/en-US/embedded_normalizer.mfar 194021-194048
//my_heytap/product/usr/srec/en-US/en-US_confirmation_confirmation-cancellation_TWIDDLER_FST.fst 194050
//my_heytap/product/usr/srec/en-US/en-US_gmm-actions_gmm-nav-actions_TWIDDLER_FST.fst 194051
//my_heytap/product/usr/srec/en-US/endpointer_model 194055-194058
//my_heytap/product/usr/srec/en-US/endpointer_model.mmap 194060-194063
//my_heytap/product/usr/srec/en-US/ep_portable_model.uint8.mmap 194065-194095
//my_heytap/product/usr/srec/en-US/g2p.data 194097-194343
//my_heytap/product/usr/srec/en-US/g2p_fst 194345-195086
//my_heytap/product/usr/srec/en-US/hmm_symbols 195088-195102
//my_heytap/product/usr/srec/en-US/hmmlist 195103-195110
//my_heytap/product/usr/srec/en-US/lexicon.U.fst 195112-195255
//my_heytap/product/usr/srec/en-US/lstm_model.uint8.data 195256-196350
//my_heytap/product/usr/srec/en-US/metadata 196352
//my_heytap/product/usr/srec/en-US/offensive_word_normalizer.mfar 196353-196409
//my_heytap/product/usr/srec/en-US/offline_action_data.pb 196410
//my_heytap/product/usr/srec/en-US/portable_lstm 196411-196532
//my_heytap/product/usr/srec/en-US/prons_exception_dictionary_file.txt 196533-196544
//my_heytap/product/usr/srec/en-US/pumpkin.mmap 196545-198807
//my_heytap/product/usr/srec/en-US/rescoring.fst.compact 198810-200022
//my_heytap/product/usr/srec/en-US/semantics.pumpkin 200024-200037
//my_heytap/product/usr/srec/en-US/verbalizer_terse.mfar 200038-200157
//my_heytap/product/usr/srec/en-US/voice_actions.config 200158-200159
//my_heytap/product/usr/srec/en-US/voice_actions_compiler.config 200160-200161
//my_heytap/product/usr/srec/en-US/wordlist.syms 200162-200306
