//my_product/apkcerts.txt 1-2
//my_product/app/AudioEffectCenter/AudioEffectCenter.apk 3-674
//my_product/app/AudioEffectCenter/oat/arm64/AudioEffectCenter.vdex 676-685
//my_product/app/OPLiveWallpaper/OPLiveWallpaper.apk 686-16795
//my_product/app/com.oplus.gpudrivers.sm8250.api30/com.oplus.gpudrivers.sm8250.api30.apk 16805-16806
//my_product/app/com.oplus.vulkanLayer/com.oplus.vulkanLayer.apk 16807-17501
//my_product/build.prop 17502
//my_product/decouping_wallpaper/common/default_multi_sys_wallpaper.png 17503-17507
//my_product/decouping_wallpaper/common/inlay_wallpaper1.png 17509-17922
//my_product/decouping_wallpaper/common/inlay_wallpaper2.png 17924-18145
//my_product/decouping_wallpaper/common/inlay_wallpaper3.png 18147-18517
//my_product/decouping_wallpaper/common/inlay_wallpaper4.png 18518-18790
//my_product/decouping_wallpaper/common/intuition_wallpaper/intuition_green_wallpaper.mp4 18792-23755
//my_product/decouping_wallpaper/common/intuition_wallpaper/intuition_yellow_wallpaper.mp4 23759-28768
//my_product/decouping_wallpaper/common/product_wallpaper1.png 28772-29185
//my_product/decouping_wallpaper/common/product_wallpaper10.png 29187-29570
//my_product/decouping_wallpaper/common/product_wallpaper11.png 29571-30063
//my_product/decouping_wallpaper/common/product_wallpaper12.jpg 30064-30310
//my_product/decouping_wallpaper/common/product_wallpaper13.png 30311-30818
//my_product/decouping_wallpaper/common/product_wallpaper2.png 30819-31040
//my_product/decouping_wallpaper/common/product_wallpaper3.png 31042-31412
//my_product/decouping_wallpaper/common/product_wallpaper4.png 31413-31685
//my_product/decouping_wallpaper/common/product_wallpaper5.png 31687-32230
//my_product/decouping_wallpaper/common/product_wallpaper6.png 32231-32750
//my_product/decouping_wallpaper/common/product_wallpaper7.png 32752-32957
//my_product/decouping_wallpaper/common/product_wallpaper8.png 32958-33418
//my_product/decouping_wallpaper/common/product_wallpaper9.png 33420-34020
//my_product/decouping_wallpaper/default/default_multi_sys_wallpaper.png 34022-34026
//my_product/decouping_wallpaper/default/default_wallpaper.png 34028-34441
//my_product/decouping_wallpaper/default/default_wallpaper_lock.png 34443-34856
//my_product/decouping_wallpaper/default/liveWallpaper/op9_1.mp4 34858-35461
//my_product/decouping_wallpaper/default/liveWallpaper/op9_2.mp4 35462-36115
//my_product/decouping_wallpaper/default/liveWallpaper/op9_3.mp4 36116-36532
//my_product/decouping_wallpaper/default/liveWallpaper/op9_4.mp4 36533-37264
//my_product/decouping_wallpaper/default/liveWallpaper/op9_5.mp4 37265-37652
//my_product/decouping_wallpaper/default/liveWallpaper/op9_6.mp4 37653-38084
//my_product/decouping_wallpaper/default/liveWallpaper/op9_7.mp4 38085-38363
//my_product/decouping_wallpaper/default/liveWallpaper/op9_8.mp4 38365-38798
//my_product/decouping_wallpaper/default/preview_0.png 38799-38808
//my_product/decouping_wallpaper/default/preview_0_en.png 38809-38819
//my_product/decouping_wallpaper/default/preview_1.png 38820-38882
//my_product/decouping_wallpaper/default/preview_1_en.png 38883-38929
//my_product/decouping_wallpaper/default/thumb.png 38930-38941
//my_product/decouping_wallpaper/default/thumb_en.png 38943-38950
//my_product/etc/Multimedia_Daemon_List.xml 38952-38954
//my_product/etc/NOTICE.xml.gz 38956
//my_product/etc/apns-conf.xml 38957-38997
//my_product/etc/audio_policy_configuration.xml 38999-39000
//my_product/etc/audio_policy_volumes.xml 39001
//my_product/etc/cooleffect/defaultEncryptedData/dwrg.dat 39003
//my_product/etc/cooleffect/defaultEncryptedData/fortnite.dat 39004-39006
//my_product/etc/cooleffect/defaultEncryptedData/lolm.dat 39007
//my_product/etc/cooleffect/defaultEncryptedData/lolm_international.dat 39008
//my_product/etc/cooleffect/defaultEncryptedData/wzry.dat 39012
//my_product/etc/default_volume_tables.xml 39013
//my_product/etc/fusionlight_profile/oplus_fusion_light_args.xml 39014
//my_product/etc/fusionlight_profile/oplus_fusion_light_args_2.xml 39015
//my_product/etc/fusionlight_profile/oppo_fusion_light_args.xml 39016
//my_product/etc/fusionlight_profile/oppo_fusion_light_args_2.xml 39017
//my_product/etc/qvaconfig.xml 39026
//my_product/etc/refresh_rate_config.xml 39027
//my_product/etc/vibrator/effect2waveform.xml 39029-39031
//my_product/framework/com.android.hotwordenrollment.common.util.jar 39032
//my_product/lib/libAPSClient-cmd-jni.so 39033-39110
//my_product/lib/libAPSClient-jni.so 39111-39199
//my_product/lib/libcolorx-loader.so 39200-39205
//my_product/lib/libcolorx.so 39206-39462
//my_product/lib/libcoolex.so 39464-39490
//my_product/lib64/libAPSClient-cmd-jni.so 39491-39600
//my_product/lib64/libAPSClient-jni.so 39601-39723
//my_product/lib64/libAncFilter_jni.so 39724-39812
//my_product/lib64/libAncHumBokeh-jni.so 39813-39848
//my_product/lib64/libAncHumanDoubleExposure-jni.so 39849-39891
//my_product/lib64/libAncHumanRetain-jni_v2.so 39892-39933
//my_product/lib64/libAncHumanSegFigureFusion-jni.so 39935-39977
//my_product/lib64/libAncHumanVideo-jni.so 39978-40011
//my_product/lib64/libApsFaceBeautyPreviewProductJni.so 40012-40075
//my_product/lib64/libFileExtender-jni.so 40076-40100
//my_product/lib64/libOplusBlurPreviewJNI.so 40101-40144
//my_product/lib64/libSuperTextWrapper.so 40145-40267
//my_product/lib64/libXDocProcessSDK-jni.so 40268-40408
//my_product/lib64/libXDocProcessSDK.so 40409-41303
//my_product/lib64/libYTCommon.so 41305-41408
//my_product/lib64/libcolorx-loader.so 41409-41416
//my_product/lib64/libcolorx.so 41417-41717
//my_product/lib64/libcoolex.so 41719-41745
//my_product/lib64/libextendfile.so 41746-41888
//my_product/lib64/libjnisingleblur_api.so 41889-41953
//my_product/lib64/libjnistblur_api.so 41954-42019
//my_product/lib64/libmpbase.so 42020
//my_product/lib64/liboplusCode.so 42021
//my_product/lib64/libsingle_camera_bokeh_native.so 42022-42159
//my_product/media/bootanimation/bootanimation.zip 42160-42333
//my_product/media/bootanimation/rbootanimation.zip 42334-42341
//my_product/non_overlay/priv-app/OPFaceUnlock/OPFaceUnlock.apk 42342-42836
//my_product/overlay/SystemUIChargingRes_Wave_Normal.apk 42838-44687
//my_product/overlay/SystemUIChargingRes_Wave_SuperVooc.apk 44689-47375
//my_product/overlay/SystemUIChargingRes_Wave_SuperVooc2.apk 47378-50064
//my_product/overlay/SystemUIChargingRes_Wave_Vooc.apk 50067-51590
//my_product/overlay/SystemUIFingerprintRes_13_0_COSMOS.apk 51592-54626
//my_product/overlay/SystemUIFingerprintRes_13_0_FIREWORKS.apk 54629-55747
//my_product/overlay/SystemUIFingerprintRes_13_0_FY.apk 55748-57376
//my_product/overlay/SystemUIFingerprintRes_13_0_NONE.apk 57378-57435
//my_product/overlay/SystemUIFingerprintRes_13_0_RIPPLE.apk 57436-58392
//my_product/overlay/SystemUIFingerprintRes_13_0_STRIPE.apk 58393-58689
//my_product/overlay/SystemUIFingerprintRes_13_0_SW.apk 58690-60143
//my_product/overlay/android_framework_res_overlay.display.product.20838.apk 60145-60146
//my_product/overlay/android_framework_res_rro_export_oneplus.apk 60147-60148
//my_product/overlay/oplus_framework_res_overlay.display.product.20838.apk 60149-60151
//my_product/overlay/oplus_framework_res_rro_oneplus.apk 60152-60153
//my_product/priv-app/HotwordEnrollmentOKGoogleHEXAGON.apk 60154-60285
//my_product/priv-app/OnePlusCamera/OnePlusCamera.apk 60286-87443
//my_product/priv-app/OnePlusCamera/lib/arm64/libsnpe_dsp_v66_domains_v2_skel.so 87462-87712
//my_product/priv-app/OnePlusCameraPicProcService/OnePlusCameraPicProcService.apk 87713-89610
//my_product/priv-app/OnePlusCameraPicProcService/oat/arm64/OnePlusCameraPicProcService.vdex 89613-89634
//my_product/priv-app/OnePlusCameraService/OnePlusCameraService.apk 89635-89642
//my_product/product_overlay/framework/com.oneplus.camera.external.jar 89644-89646
//my_product/product_overlay/framework/com.oplus.camera.unit.sdk.adapter.jar 89648-89834
//my_product/product_overlay/framework/com.oplus.camera.unit.sdk.jar 89835-90090
//my_product/res/audio/spk.wav 90091-90139
//my_product/res/engineermode/MEMC_SDR2HDR_Test_24fps.mp4 90140-92328
//my_product/vendor/etc/display_brightness_config_samsung1024.xml 92329-92369
//my_product/vendor/etc/multimedia_app_scale_list.xml 92371-92372
//my_product/vendor/etc/multimedia_display_perf_list.xml 92373-92374
