//my_product/apkcerts.txt 1-2
//my_product/app/AudioEffectCenter/AudioEffectCenter.apk 3-674
//my_product/app/AudioEffectCenter/oat/arm64/AudioEffectCenter.vdex 676-685
//my_product/app/OPLiveWallpaper/OPLiveWallpaper.apk 686-16795
//my_product/app/com.oplus.gpudrivers.sm8250.api30/com.oplus.gpudrivers.sm8250.api30.apk 16805-16806
//my_product/app/com.oplus.vulkanLayer/com.oplus.vulkanLayer.apk 16807-17501
//my_product/build.prop 17502
//my_product/decouping_wallpaper/common/default_multi_sys_wallpaper.png 17503-17507
//my_product/decouping_wallpaper/common/inlay_wallpaper1.png 17509-17922
//my_product/decouping_wallpaper/common/inlay_wallpaper2.png 17924-18145
//my_product/decouping_wallpaper/common/inlay_wallpaper3.png 18147-18517
//my_product/decouping_wallpaper/common/inlay_wallpaper4.png 18518-18790
//my_product/decouping_wallpaper/common/intuition_wallpaper/intuition_green_wallpaper.mp4 18792-23755
//my_product/decouping_wallpaper/common/intuition_wallpaper/intuition_yellow_wallpaper.mp4 23759-28768
//my_product/decouping_wallpaper/common/product_wallpaper1.png 28772-29185
//my_product/decouping_wallpaper/common/product_wallpaper10.png 29187-29570
//my_product/decouping_wallpaper/common/product_wallpaper11.png 29571-30063
//my_product/decouping_wallpaper/common/product_wallpaper12.jpg 30064-30310
//my_product/decouping_wallpaper/common/product_wallpaper13.png 30311-30818
//my_product/decouping_wallpaper/common/product_wallpaper2.png 30819-31040
//my_product/decouping_wallpaper/common/product_wallpaper3.png 31042-31412
//my_product/decouping_wallpaper/common/product_wallpaper4.png 31413-31685
//my_product/decouping_wallpaper/common/product_wallpaper5.png 31687-32230
//my_product/decouping_wallpaper/common/product_wallpaper6.png 32231-32750
//my_product/decouping_wallpaper/common/product_wallpaper7.png 32752-32957
//my_product/decouping_wallpaper/common/product_wallpaper8.png 32958-33418
//my_product/decouping_wallpaper/common/product_wallpaper9.png 33420-34020
//my_product/decouping_wallpaper/default/default_multi_sys_wallpaper.png 34022-34026
//my_product/decouping_wallpaper/default/default_wallpaper.png 34028-34441
//my_product/decouping_wallpaper/default/default_wallpaper_lock.png 34443-34856
//my_product/decouping_wallpaper/default/liveWallpaper/op9_1.mp4 34858-35461
//my_product/decouping_wallpaper/default/liveWallpaper/op9_2.mp4 35462-36115
//my_product/decouping_wallpaper/default/liveWallpaper/op9_3.mp4 36116-36532
//my_product/decouping_wallpaper/default/liveWallpaper/op9_4.mp4 36533-37264
//my_product/decouping_wallpaper/default/liveWallpaper/op9_5.mp4 37265-37652
//my_product/decouping_wallpaper/default/liveWallpaper/op9_6.mp4 37653-38084
//my_product/decouping_wallpaper/default/liveWallpaper/op9_7.mp4 38085-38363
//my_product/decouping_wallpaper/default/liveWallpaper/op9_8.mp4 38365-38798
//my_product/decouping_wallpaper/default/preview_0.png 38799-38809
//my_product/decouping_wallpaper/default/preview_0_en.png 38810-38820
//my_product/decouping_wallpaper/default/preview_1.png 38821-38880
//my_product/decouping_wallpaper/default/preview_1_en.png 38881-38941
//my_product/decouping_wallpaper/default/thumb.png 38942-38951
//my_product/decouping_wallpaper/default/thumb_en.png 38952-38961
//my_product/etc/Multimedia_Daemon_List.xml 38963-38965
//my_product/etc/NOTICE.xml.gz 38967
//my_product/etc/apns-conf.xml 38969-39009
//my_product/etc/audio_policy_configuration.xml 39010-39011
//my_product/etc/audio_policy_volumes.xml 39012
//my_product/etc/cooleffect/defaultEncryptedData/dwrg.dat 39015
//my_product/etc/cooleffect/defaultEncryptedData/fortnite.dat 39016-39018
//my_product/etc/cooleffect/defaultEncryptedData/lolm.dat 39019
//my_product/etc/cooleffect/defaultEncryptedData/lolm_international.dat 39020
//my_product/etc/cooleffect/defaultEncryptedData/onmyoji.dat 39021-39024
//my_product/etc/cooleffect/defaultEncryptedData/wzry.dat 39026
//my_product/etc/default_volume_tables.xml 39028
//my_product/etc/fusionlight_profile/oplus_fusion_light_args.xml 39029
//my_product/etc/fusionlight_profile/oplus_fusion_light_args_2.xml 39030
//my_product/etc/fusionlight_profile/oppo_fusion_light_args.xml 39031
//my_product/etc/fusionlight_profile/oppo_fusion_light_args_2.xml 39032
//my_product/etc/qvaconfig.xml 39041
//my_product/etc/refresh_rate_config.xml 39042
//my_product/etc/vibrator/effect2waveform.xml 39043-39045
//my_product/framework/com.android.hotwordenrollment.common.util.jar 39046
//my_product/lib/libAPSClient-cmd-jni.so 39048-39124
//my_product/lib/libAPSClient-jni.so 39125-39215
//my_product/lib/libcolorx-loader.so 39216-39221
//my_product/lib/libcolorx.so 39222-39478
//my_product/lib/libcoolex.so 39479-39505
//my_product/lib64/libAPSClient-cmd-jni.so 39507-39614
//my_product/lib64/libAPSClient-jni.so 39615-39738
//my_product/lib64/libAncFilter_jni.so 39739-39827
//my_product/lib64/libAncHumBokeh-jni.so 39828-39863
//my_product/lib64/libAncHumanDoubleExposure-jni.so 39864-39906
//my_product/lib64/libAncHumanRetain-jni_v2.so 39907-39948
//my_product/lib64/libAncHumanSegFigureFusion-jni.so 39949-39974
//my_product/lib64/libAncHumanVideo-jni.so 39975-40008
//my_product/lib64/libApsFaceBeautyPreviewProductJni.so 40009-40072
//my_product/lib64/libFileExtender-jni.so 40073-40105
//my_product/lib64/libOplusBlurPreviewJNI.so 40106-40149
//my_product/lib64/libSuperTextWrapper.so 40151-40273
//my_product/lib64/libXDocProcessSDK-jni.so 40274-40414
//my_product/lib64/libXDocProcessSDK.so 40415-41309
//my_product/lib64/libYTCommon.so 41311-41414
//my_product/lib64/libcolorx-loader.so 41415-41422
//my_product/lib64/libcolorx.so 41423-41722
//my_product/lib64/libcoolex.so 41723-41749
//my_product/lib64/libextendfile.so 41750-42379
//my_product/lib64/libjnisingleblur_api.so 42381-42445
//my_product/lib64/libjnistblur_api.so 42446-42511
//my_product/lib64/libmpbase.so 42512
//my_product/lib64/liboplusCode.so 42513
//my_product/lib64/libsingle_camera_bokeh_native.so 42514-42651
//my_product/media/bootanimation/bootanimation.zip 42653-42826
//my_product/media/bootanimation/rbootanimation.zip 42827-42834
//my_product/non_overlay/priv-app/OPFaceUnlock/OPFaceUnlock.apk 42835-43329
//my_product/non_overlay/priv-app/QualcommVoiceActivation/QualcommVoiceActivation.apk 43330-44230
//my_product/overlay/SystemUIChargingRes_Wave_Normal.apk 44232-46081
//my_product/overlay/SystemUIChargingRes_Wave_SuperVooc.apk 46083-48769
//my_product/overlay/SystemUIChargingRes_Wave_SuperVooc2.apk 48772-51458
//my_product/overlay/SystemUIChargingRes_Wave_Vooc.apk 51461-52984
//my_product/overlay/SystemUIFingerprintRes_13_0_COSMOS.apk 52986-56096
//my_product/overlay/SystemUIFingerprintRes_13_0_FIREWORKS.apk 56099-57217
//my_product/overlay/SystemUIFingerprintRes_13_0_FY.apk 57218-58846
//my_product/overlay/SystemUIFingerprintRes_13_0_NONE.apk 58848-58905
//my_product/overlay/SystemUIFingerprintRes_13_0_RIPPLE.apk 58906-59886
//my_product/overlay/SystemUIFingerprintRes_13_0_STRIPE.apk 59887-60183
//my_product/overlay/SystemUIFingerprintRes_13_0_SW.apk 60184-61637
//my_product/overlay/android_framework_res_overlay.display.product.20838.apk 61639-61640
//my_product/overlay/android_framework_res_rro_export_oneplus.apk 61641-61642
//my_product/overlay/oplus_framework_res_overlay.display.product.20838.apk 61643-61645
//my_product/overlay/oplus_framework_res_rro_oneplus.apk 61646-61647
//my_product/priv-app/HotwordEnrollmentOKGoogleHEXAGON.apk 61648-61779
//my_product/priv-app/OnePlusCameraService/OnePlusCameraService.apk 61780-61787
//my_product/priv-app/SystemClone/SystemClone.apk 61788-63391
//my_product/priv-app/SystemClone/oat/arm64/SystemClone.vdex 63394-63415
//my_product/product_overlay/framework/com.oplus.camera.unit.sdk.adapter.jar 63416-63606
//my_product/product_overlay/framework/com.oplus.camera.unit.sdk.jar 63607-63867
//my_product/res/audio/spk.wav 63869-63917
//my_product/res/engineermode/MEMC_SDR2HDR_Test_24fps.mp4 63918-66106
//my_product/vendor/etc/display_brightness_config_samsung1024.xml 66107-66147
//my_product/vendor/etc/multimedia_app_scale_list.xml 66148-66149
//my_product/vendor/etc/multimedia_display_perf_list.xml 66151-66152
