//my_stock/apkcerts.txt 1
//my_stock/app/Aod/Aod.apk 2-14346
//my_stock/app/Aod/lib/arm64/libVFX.so 14355-14903
//my_stock/app/Aod/lib/arm64/libhandpaintedeffects.so 14905-14959
//my_stock/app/Aod/lib/arm64/liboplus_gifdecoder.so 14960-14989
//my_stock/app/Aod/lib/arm64/liboplus_image_process.so 14990-14991
//my_stock/app/Aod/lib/arm64/liboplusos_lunar.so 14992-14994
//my_stock/app/Aod/oat/arm64/Aod.vdex 14995-15017
//my_stock/app/COSA/COSA.apk 15018-20041
//my_stock/app/COSA/oat/arm64/COSA.vdex 20046-20064
//my_stock/app/Calculator2/Calculator2.apk 20065-21491
//my_stock/app/Calculator2/oat/arm64/Calculator2.vdex 21494-21511
//my_stock/app/ChildrenSpace/ChildrenSpace.apk 21512-28397
//my_stock/app/ChildrenSpace/oat/arm/ChildrenSpace.vdex 28403-28426
//my_stock/app/ChildrenSpace/oat/arm64/ChildrenSpace.vdex 28427-28450
//my_stock/app/Clock/Clock.apk 28451-32539
//my_stock/app/Clock/oat/arm64/Clock.vdex 32544-32583
//my_stock/app/FileEncryption/FileEncryption.apk 32584-33959
//my_stock/app/FileManager/FileManager.apk 33962-36778
//my_stock/app/FileManager/oat/arm64/FileManager.vdex 36782-36817
//my_stock/app/FloatAssistant/FloatAssistant.apk 36818-41673
//my_stock/app/FloatAssistant/oat/arm64/FloatAssistant.vdex 41679-41698
//my_stock/app/Games/Games.apk 41699-55335
//my_stock/app/Games/oat/arm64/Games.vdex 55349-55475
//my_stock/app/GlobalSearch/GlobalSearch.apk 55476-58621
//my_stock/app/LocationProxy/LocationProxy.apk 58625-59580
//my_stock/app/LocationProxy/oat/arm64/LocationProxy.vdex 59581-59593
//my_stock/app/OPWorkLifeBalance/OPWorkLifeBalance.apk 59594-61191
//my_stock/app/OpenCapabilityService/OpenCapabilityService.apk 61194-62959
//my_stock/app/OpenCapabilityService/oat/arm64/OpenCapabilityService.vdex 62962-62985
//my_stock/app/OplusOperationManual/OplusOperationManual.apk 62986-66083
//my_stock/app/OplusOperationManual/oat/arm64/OplusOperationManual.vdex 66087-66110
//my_stock/app/OplusSecurityKeyboard/OplusSecurityKeyboard.apk 66111-66190
//my_stock/app/OppoWeather2/OppoWeather2.apk 66191-71390
//my_stock/app/OppoWeather2/oat/arm64/OppoWeather2.vdex 71395-71430
//my_stock/app/OppoWeatherService/OppoWeatherService.apk 71431-72650
//my_stock/app/OppoWeatherService/oat/arm64/OppoWeatherService.vdex 72653-72667
//my_stock/app/Portrait/Portrait.apk 72668-82893
//my_stock/app/Portrait/lib/arm64/libAncSegBaseJni.so 82900-82946
//my_stock/app/Portrait/lib/arm64/libAncSegBaseSdk.so 82947-83547
//my_stock/app/Portrait/lib/arm64/libCaptureBokeh.so 83548-83667
//my_stock/app/Portrait/lib/arm64/libMNN.so 83668-83858
//my_stock/app/Portrait/lib/arm64/libNvEffectSdkCore.so 83859-85087
//my_stock/app/Portrait/lib/arm64/libancbase_segbase.so 85090-86961
//my_stock/app/Portrait/lib/arm64/libc++_shared.so 86964-87073
//my_stock/app/Portrait/lib/arm64/libcvface_api.so 87074-90637
//my_stock/app/Portrait/lib/arm64/libgraphics-lib.so 90641-90667
//my_stock/app/Portrait/lib/arm64/libimageProcessing.so 90668-90681
//my_stock/app/Portrait/lib/arm64/libjni_cvface_api.so 90682-90714
//my_stock/app/Portrait/lib/arm64/libmsai.so 90715-91116
//my_stock/app/Portrait/lib/arm64/libop-aod-bokeh-jni.qti.so 91117-91140
//my_stock/app/Portrait/lib/arm64/libopencv_java4.so 91141-93587
//my_stock/app/Portrait/lib/arm64/liboplus_image_process.so 93591-93592
//my_stock/app/Portrait/lib/arm64/libyuv2.so 93593-93634
//my_stock/app/Portrait/oat/arm64/Portrait.vdex 93635-93648
//my_stock/app/RomUpdate/RomUpdate.apk 93649-93997
//my_stock/app/SceneMode/SceneMode.apk 93998-95571
//my_stock/app/SceneMode/oat/arm64/SceneMode.vdex 95574-95591
//my_stock/app/SmartEngine/SmartEngine.apk 95592-96785
//my_stock/app/SmartEngine/oat/arm64/SmartEngine.vdex 96787-96808
//my_stock/app/SmartSideBar/SmartSideBar.apk 96809-98394
//my_stock/app/SmartSideBar/oat/arm64/SmartSideBar.vdex 98397-98422
//my_stock/app/VariUIEngine/VariUIEngine.apk 98423-100137
//my_stock/app/VariUIEngine/lib/arm64/libVFX.so 100140-100688
//my_stock/app/VariUIEngine/lib/arm64/libhandpaintedeffects.so 100689-100743
//my_stock/app/VariUIEngine/lib/arm64/liboplus_gifdecoder.so 100744-100773
//my_stock/app/VariUIEngine/lib/arm64/liboplusos_lunar.so 100774-100776
//my_stock/app/VariUIEngine/oat/arm64/VariUIEngine.vdex 100777-100801
//my_stock/app/Wallpapers/Wallpapers.apk 100802-108235
//my_stock/app/Wallpapers/oat/arm/Wallpapers.vdex 108241-108267
//my_stock/app/Wallpapers/oat/arm64/Wallpapers.vdex 108268-108294
//my_stock/del-app/BackupAndRestore/BackupAndRestore.apk 108295-111399
//my_stock/del-app/CanvasResources/CanvasResources.apk 111403-132860
//my_stock/del-app/OPBreathMode/OPBreathMode.apk 132875-152250
//my_stock/del-app/OPForum/OPForum.apk 152262-155264
//my_stock/del-app/OPNote/OPNote.apk 155267-159667
//my_stock/del-app/OPWidget/OPWidget.apk 159671-160164
//my_stock/etc/NOTICE.xml.gz 160165-160171
//my_stock/etc/Operator_Ringback_Tone_List.xml 160172
//my_stock/etc/config/data_migrate_config.xml 160173
//my_stock/etc/extension/config_clear_settings_provider_key_settings_app_op.xml 160174
//my_stock/etc/permissions/default_grant_permissions_list.xml 160175
//my_stock/etc/permissions/privapp-permissions-oplus.xml 160176
//my_stock/media/theme/allApps.xml 160177-160180
//my_stock/media/theme/uxicons/xhdpi/com.airbnb.android/art_off.png 160181-160183
//my_stock/media/theme/uxicons/xhdpi/com.airbnb.android/mat.png 160184-160186
//my_stock/media/theme/uxicons/xhdpi/com.airbnb.android/recfg.png 160187-160188
//my_stock/media/theme/uxicons/xhdpi/com.android.contacts/dialer_recbg.png 160189-160190
//my_stock/media/theme/uxicons/xhdpi/com.android.contacts/dialer_recfg.png 160192
//my_stock/media/theme/uxicons/xhdpi/com.android.contacts/recbg.png 160195-160196
//my_stock/media/theme/uxicons/xhdpi/com.android.contacts/recfg.png 160198-160199
//my_stock/media/theme/uxicons/xhdpi/com.android.mms/recbg.png 160203-160204
//my_stock/media/theme/uxicons/xhdpi/com.android.mms/recfg.png 160206-160207
//my_stock/media/theme/uxicons/xhdpi/com.android.settings/mat.png 160209-160210
//my_stock/media/theme/uxicons/xhdpi/com.android.settings/recbg.png 160213
//my_stock/media/theme/uxicons/xhdpi/com.android.settings/recfg.png 160215-160216
//my_stock/media/theme/uxicons/xhdpi/com.ebay.mobile/art_off.png 160219-160220
//my_stock/media/theme/uxicons/xhdpi/com.ebay.mobile/recfg.png 160222
//my_stock/media/theme/uxicons/xhdpi/com.facebook.katana/art_off.png 160223
//my_stock/media/theme/uxicons/xhdpi/com.heytap.browser/mat.png 160228
//my_stock/media/theme/uxicons/xhdpi/com.heytap.browser/recfg.png 160230
//my_stock/media/theme/uxicons/xhdpi/com.heytap.cloud/recbg.png 160232
//my_stock/media/theme/uxicons/xhdpi/com.heytap.market/mat.png 160235-160236
//my_stock/media/theme/uxicons/xhdpi/com.heytap.market/recbg.png 160239-160240
//my_stock/media/theme/uxicons/xhdpi/com.heytap.market/recfg.png 160242-160243
//my_stock/media/theme/uxicons/xhdpi/com.heytap.speechassist/mat.png 160247-160248
//my_stock/media/theme/uxicons/xhdpi/com.heytap.speechassist/recfg.png 160250-160251
//my_stock/media/theme/uxicons/xhdpi/com.heytap.themestore/mat.png 160253-160255
//my_stock/media/theme/uxicons/xhdpi/com.heytap.themestore/recbg.png 160257-160259
//my_stock/media/theme/uxicons/xhdpi/com.instagram.android/art_off.png 160260-160262
//my_stock/media/theme/uxicons/xhdpi/com.instagram.android/mat.png 160264
//my_stock/media/theme/uxicons/xhdpi/com.instagram.android/recbg.png 160265
//my_stock/media/theme/uxicons/xhdpi/com.microsoft.office.outlook/art_off.png 160266-160269
//my_stock/media/theme/uxicons/xhdpi/com.microsoft.office.outlook/mat.png 160270
//my_stock/media/theme/uxicons/xhdpi/com.microsoft.office.outlook/recfg.png 160272
//my_stock/media/theme/uxicons/xhdpi/com.oneplus.backuprestore/mat.png 160275-160277
//my_stock/media/theme/uxicons/xhdpi/com.oneplus.backuprestore/recbg.png 160280-160281
//my_stock/media/theme/uxicons/xhdpi/com.oneplus.backuprestore/recfg.png 160282-160284
//my_stock/media/theme/uxicons/xhdpi/com.oneplus.brickmode/mat.png 160285-160286
//my_stock/media/theme/uxicons/xhdpi/com.oneplus.brickmode/peb.png 160289
//my_stock/media/theme/uxicons/xhdpi/com.oneplus.brickmode/recbg.png 160290-160291
//my_stock/media/theme/uxicons/xhdpi/com.oneplus.brickmode/recfg.png 160292-160293
//my_stock/media/theme/uxicons/xhdpi/com.oneplus.calculator/mat.png 160294-160295
//my_stock/media/theme/uxicons/xhdpi/com.oneplus.calculator/recbg.png 160297-160298
//my_stock/media/theme/uxicons/xhdpi/com.oneplus.camera/mat.png 160300-160302
//my_stock/media/theme/uxicons/xhdpi/com.oneplus.camera/peb.png 160303
//my_stock/media/theme/uxicons/xhdpi/com.oneplus.camera/recbg.png 160304
//my_stock/media/theme/uxicons/xhdpi/com.oneplus.camera/recfg.png 160306-160308
//my_stock/media/theme/uxicons/xhdpi/com.oneplus.deskclock/mat.png 160310-160311
//my_stock/media/theme/uxicons/xhdpi/com.oneplus.deskclock/recbg.png 160314-160315
//my_stock/media/theme/uxicons/xhdpi/com.oneplus.filemanager/mat.png 160317-160318
//my_stock/media/theme/uxicons/xhdpi/com.oneplus.filemanager/recbg.png 160321-160322
//my_stock/media/theme/uxicons/xhdpi/com.oneplus.gallery/mat.png 160323-160324
//my_stock/media/theme/uxicons/xhdpi/com.oneplus.gallery/recbg.png 160327-160328
//my_stock/media/theme/uxicons/xhdpi/com.oneplus.mms/recbg.png 160331-160332
//my_stock/media/theme/uxicons/xhdpi/com.oneplus.mms/recfg.png 160334-160335
//my_stock/media/theme/uxicons/xhdpi/com.oneplus.note/mat.png 160337-160338
//my_stock/media/theme/uxicons/xhdpi/com.oneplus.note/recbg.png 160340-160341
//my_stock/media/theme/uxicons/xhdpi/com.oneplus.note/recfg.png 160342
//my_stock/media/theme/uxicons/xhdpi/com.oneplus.soundrecorder/mat.png 160344-160345
//my_stock/media/theme/uxicons/xhdpi/com.oneplus.soundrecorder/recbg.png 160348
//my_stock/media/theme/uxicons/xhdpi/com.oplus.camera/recbg.png 160351-160352
//my_stock/media/theme/uxicons/xhdpi/com.oplus.camera/recfg.png 160354-160357
//my_stock/media/theme/uxicons/xhdpi/com.oplus.games/recbg.png 160358-160359
//my_stock/media/theme/uxicons/xhdpi/com.oplus.games/recfg.png 160361-160364
//my_stock/media/theme/uxicons/xhdpi/com.oplus.logkit/recfg.png 160365
//my_stock/media/theme/uxicons/xhdpi/com.oplus.themestore/mat.png 160369-160370
//my_stock/media/theme/uxicons/xhdpi/com.oplus.themestore/recbg.png 160371-160372
//my_stock/media/theme/uxicons/xhdpi/com.oplus.themestore/recfg.png 160374-160375
//my_stock/media/theme/uxicons/xhdpi/com.oplus.vip/recbg.png 160376-160377
//my_stock/media/theme/uxicons/xhdpi/com.oplus.vip/recfg.png 160379-160380
//my_stock/media/theme/uxicons/xhdpi/com.paypal.android.p2pmobile/art_off.png 160382-160388
//my_stock/media/theme/uxicons/xhdpi/com.paypal.android.p2pmobile/mat.png 160389
//my_stock/media/theme/uxicons/xhdpi/com.paypal.android.p2pmobile/recbg.png 160391-160398
//my_stock/media/theme/uxicons/xhdpi/com.paypal.android.p2pmobile/recfg.png 160400
//my_stock/media/theme/uxicons/xhdpi/com.pinterest/art_off.png 160401
//my_stock/media/theme/uxicons/xhdpi/icons-meterial 160408-160410
//my_stock/media/theme/uxicons/xhdpi/icons-pebble 160411-160414
//my_stock/media/theme/uxicons/xhdpi/icons-rectangle 160415-160424
//my_stock/media/theme/uxicons/xhdpi/in.amazon.mShop.android.shopping/mat.png 160425
//my_stock/media/theme/uxicons/xhdpi/in.amazon.mShop.android.shopping/recbg.png 160427-160428
//my_stock/media/theme/uxicons/xhdpi/net.oneplus.forums/mat.png 160429-160431
//my_stock/media/theme/uxicons/xhdpi/net.oneplus.forums/recbg.png 160433-160434
//my_stock/media/theme/uxicons/xhdpi/net.oneplus.weather/mat.png 160437-160438
//my_stock/media/theme/uxicons/xhdpi/net.oneplus.weather/recbg.png 160441
//my_stock/media/theme/uxicons/xhdpi/net.oneplus.weather/recfg.png 160443-160444
//my_stock/media/theme/uxicons/xxhdpi/com.airbnb.android/art_off.png 160446-160448
//my_stock/media/theme/uxicons/xxhdpi/com.airbnb.android/mat.png 160450-160452
//my_stock/media/theme/uxicons/xxhdpi/com.airbnb.android/recfg.png 160453-160454
//my_stock/media/theme/uxicons/xxhdpi/com.android.contacts/dialer_mat.png 160457
//my_stock/media/theme/uxicons/xxhdpi/com.android.contacts/dialer_recbg.png 160458-160463
//my_stock/media/theme/uxicons/xxhdpi/com.android.contacts/dialer_recfg.png 160464-160466
//my_stock/media/theme/uxicons/xxhdpi/com.android.contacts/recbg.png 160468-160473
//my_stock/media/theme/uxicons/xxhdpi/com.android.contacts/recfg.png 160474-160477
//my_stock/media/theme/uxicons/xxhdpi/com.android.mms/recbg.png 160483-160488
//my_stock/media/theme/uxicons/xxhdpi/com.android.mms/recfg.png 160489-160493
//my_stock/media/theme/uxicons/xxhdpi/com.android.settings/mat.png 160495-160498
//my_stock/media/theme/uxicons/xxhdpi/com.android.settings/peb.png 160500
//my_stock/media/theme/uxicons/xxhdpi/com.android.settings/recbg.png 160501-160504
//my_stock/media/theme/uxicons/xxhdpi/com.android.settings/recfg.png 160506-160509
//my_stock/media/theme/uxicons/xxhdpi/com.ebay.mobile/art_off.png 160514-160515
//my_stock/media/theme/uxicons/xxhdpi/com.ebay.mobile/mat.png 160516-160517
//my_stock/media/theme/uxicons/xxhdpi/com.ebay.mobile/recfg.png 160518
//my_stock/media/theme/uxicons/xxhdpi/com.facebook.katana/art_off.png 160520-160522
//my_stock/media/theme/uxicons/xxhdpi/com.facebook.katana/mat.png 160524
//my_stock/media/theme/uxicons/xxhdpi/com.facebook.katana/recbg.png 160525
//my_stock/media/theme/uxicons/xxhdpi/com.heytap.browser/mat.png 160530-160531
//my_stock/media/theme/uxicons/xxhdpi/com.heytap.browser/recfg.png 160533-160534
//my_stock/media/theme/uxicons/xxhdpi/com.heytap.cloud/recbg.png 160537-160539
//my_stock/media/theme/uxicons/xxhdpi/com.heytap.cloud/recfg.png 160540
//my_stock/media/theme/uxicons/xxhdpi/com.heytap.market/mat.png 160542-160546
//my_stock/media/theme/uxicons/xxhdpi/com.heytap.market/peb.png 160548
//my_stock/media/theme/uxicons/xxhdpi/com.heytap.market/recbg.png 160549-160553
//my_stock/media/theme/uxicons/xxhdpi/com.heytap.market/recfg.png 160554-160557
//my_stock/media/theme/uxicons/xxhdpi/com.heytap.music/mat.png 160558
//my_stock/media/theme/uxicons/xxhdpi/com.heytap.smarthome/recfg.png 160562
//my_stock/media/theme/uxicons/xxhdpi/com.heytap.speechassist/mat.png 160564-160567
//my_stock/media/theme/uxicons/xxhdpi/com.heytap.speechassist/recfg.png 160569-160573
//my_stock/media/theme/uxicons/xxhdpi/com.heytap.themestore/mat.png 160575-160580
//my_stock/media/theme/uxicons/xxhdpi/com.heytap.themestore/peb.png 160581
//my_stock/media/theme/uxicons/xxhdpi/com.heytap.themestore/recbg.png 160583-160588
//my_stock/media/theme/uxicons/xxhdpi/com.instagram.android/art_off.png 160589-160595
//my_stock/media/theme/uxicons/xxhdpi/com.instagram.android/mat.png 160596
//my_stock/media/theme/uxicons/xxhdpi/com.instagram.android/recbg.png 160597-160600
//my_stock/media/theme/uxicons/xxhdpi/com.microsoft.office.outlook/art_off.png 160603-160606
//my_stock/media/theme/uxicons/xxhdpi/com.microsoft.office.outlook/mat.png 160607
//my_stock/media/theme/uxicons/xxhdpi/com.nearme.gamecenter/recfg.png 160611
//my_stock/media/theme/uxicons/xxhdpi/com.oneplus.backuprestore/mat.png 160613-160619
//my_stock/media/theme/uxicons/xxhdpi/com.oneplus.backuprestore/peb.png 160620
//my_stock/media/theme/uxicons/xxhdpi/com.oneplus.backuprestore/recbg.png 160621-160624
//my_stock/media/theme/uxicons/xxhdpi/com.oneplus.backuprestore/recfg.png 160626-160631
//my_stock/media/theme/uxicons/xxhdpi/com.oneplus.brickmode/mat.png 160633-160637
//my_stock/media/theme/uxicons/xxhdpi/com.oneplus.brickmode/peb.png 160638
//my_stock/media/theme/uxicons/xxhdpi/com.oneplus.brickmode/recbg.png 160640-160643
//my_stock/media/theme/uxicons/xxhdpi/com.oneplus.brickmode/recfg.png 160644-160646
//my_stock/media/theme/uxicons/xxhdpi/com.oneplus.calculator/mat.png 160648-160651
//my_stock/media/theme/uxicons/xxhdpi/com.oneplus.calculator/peb.png 160652
//my_stock/media/theme/uxicons/xxhdpi/com.oneplus.calculator/recbg.png 160653-160656
//my_stock/media/theme/uxicons/xxhdpi/com.oneplus.camera/mat.png 160659-160664
//my_stock/media/theme/uxicons/xxhdpi/com.oneplus.camera/peb.png 160667
//my_stock/media/theme/uxicons/xxhdpi/com.oneplus.camera/recbg.png 160668-160671
//my_stock/media/theme/uxicons/xxhdpi/com.oneplus.camera/recfg.png 160672-160678
//my_stock/media/theme/uxicons/xxhdpi/com.oneplus.deskclock/mat.png 160680-160683
//my_stock/media/theme/uxicons/xxhdpi/com.oneplus.deskclock/peb.png 160684
//my_stock/media/theme/uxicons/xxhdpi/com.oneplus.deskclock/recbg.png 160686-160689
//my_stock/media/theme/uxicons/xxhdpi/com.oneplus.deskclock/recfg.png 160690
//my_stock/media/theme/uxicons/xxhdpi/com.oneplus.filemanager/mat.png 160692-160695
//my_stock/media/theme/uxicons/xxhdpi/com.oneplus.filemanager/monochrome.png 160697
//my_stock/media/theme/uxicons/xxhdpi/com.oneplus.filemanager/recbg.png 160700-160703
//my_stock/media/theme/uxicons/xxhdpi/com.oneplus.gallery/mat.png 160704-160708
//my_stock/media/theme/uxicons/xxhdpi/com.oneplus.gallery/peb.png 160710
//my_stock/media/theme/uxicons/xxhdpi/com.oneplus.gallery/recbg.png 160711-160715
//my_stock/media/theme/uxicons/xxhdpi/com.oneplus.mms/recbg.png 160718-160723
//my_stock/media/theme/uxicons/xxhdpi/com.oneplus.mms/recfg.png 160724-160728
//my_stock/media/theme/uxicons/xxhdpi/com.oneplus.note/mat.png 160730-160734
//my_stock/media/theme/uxicons/xxhdpi/com.oneplus.note/recbg.png 160736-160739
//my_stock/media/theme/uxicons/xxhdpi/com.oneplus.note/recfg.png 160741-160743
//my_stock/media/theme/uxicons/xxhdpi/com.oneplus.soundrecorder/mat.png 160744-160748
//my_stock/media/theme/uxicons/xxhdpi/com.oneplus.soundrecorder/recbg.png 160751-160753
//my_stock/media/theme/uxicons/xxhdpi/com.oplus.camera/mat.png 160755
//my_stock/media/theme/uxicons/xxhdpi/com.oplus.camera/recbg.png 160756-160760
//my_stock/media/theme/uxicons/xxhdpi/com.oplus.camera/recfg.png 160762-160769
//my_stock/media/theme/uxicons/xxhdpi/com.oplus.games/recbg.png 160770-160774 160775
//my_stock/media/theme/uxicons/xxhdpi/com.oplus.games/recfg.png 160776-160783
//my_stock/media/theme/uxicons/xxhdpi/com.oplus.logkit/recfg.png 160784-160785
//my_stock/media/theme/uxicons/xxhdpi/com.oplus.play/mat.png 160787
//my_stock/media/theme/uxicons/xxhdpi/com.oplus.themestore/mat.png 160789-160791
//my_stock/media/theme/uxicons/xxhdpi/com.oplus.themestore/recbg.png 160793-160798
//my_stock/media/theme/uxicons/xxhdpi/com.oplus.themestore/recfg.png 160799-160802
//my_stock/media/theme/uxicons/xxhdpi/com.oplus.vip/recbg.png 160803-160807
//my_stock/media/theme/uxicons/xxhdpi/com.oplus.vip/recfg.png 160809-160813
//my_stock/media/theme/uxicons/xxhdpi/com.paypal.android.p2pmobile/art_off.png 160815-160821
//my_stock/media/theme/uxicons/xxhdpi/com.paypal.android.p2pmobile/mat.png 160823
//my_stock/media/theme/uxicons/xxhdpi/com.paypal.android.p2pmobile/recbg.png 160824-160831
//my_stock/media/theme/uxicons/xxhdpi/com.paypal.android.p2pmobile/recfg.png 160833
//my_stock/media/theme/uxicons/xxhdpi/com.pinterest/art_off.png 160834-160835
//my_stock/media/theme/uxicons/xxhdpi/com.pinterest/mat.png 160836
//my_stock/media/theme/uxicons/xxhdpi/com.snapchat.android/mat.png 160838
//my_stock/media/theme/uxicons/xxhdpi/com.twitter.android/art_off.png 160841
//my_stock/media/theme/uxicons/xxhdpi/icons-meterial 160843-160845
//my_stock/media/theme/uxicons/xxhdpi/icons-pebble 160846-160849
//my_stock/media/theme/uxicons/xxhdpi/icons-rectangle 160850-160862
//my_stock/media/theme/uxicons/xxhdpi/in.amazon.mShop.android.shopping/mat.png 160863-160865
//my_stock/media/theme/uxicons/xxhdpi/in.amazon.mShop.android.shopping/recbg.png 160866-160869
//my_stock/media/theme/uxicons/xxhdpi/net.oneplus.forums/mat.png 160871-160876
//my_stock/media/theme/uxicons/xxhdpi/net.oneplus.forums/peb.png 160877
//my_stock/media/theme/uxicons/xxhdpi/net.oneplus.forums/recbg.png 160878-160882
//my_stock/media/theme/uxicons/xxhdpi/net.oneplus.forums/recfg.png 160884
//my_stock/media/theme/uxicons/xxhdpi/net.oneplus.weather/mat.png 160886-160890
//my_stock/media/theme/uxicons/xxhdpi/net.oneplus.weather/peb.png 160892
//my_stock/media/theme/uxicons/xxhdpi/net.oneplus.weather/recbg.png 160893-160895
//my_stock/media/theme/uxicons/xxhdpi/net.oneplus.weather/recfg.png 160896-160900
//my_stock/media/theme/uxicons/xxxhdpi/com.airbnb.android/art_off.png 160902-160904
//my_stock/media/theme/uxicons/xxxhdpi/com.airbnb.android/mat.png 160906-160908
//my_stock/media/theme/uxicons/xxxhdpi/com.airbnb.android/recfg.png 160909-160910
//my_stock/media/theme/uxicons/xxxhdpi/com.android.bluetooth/share_blue.png 160912
//my_stock/media/theme/uxicons/xxxhdpi/com.android.contacts/dialer_mat.png 160913
//my_stock/media/theme/uxicons/xxxhdpi/com.android.contacts/dialer_recbg.png 160915-160924
//my_stock/media/theme/uxicons/xxxhdpi/com.android.contacts/dialer_recfg.png 160926-160929
//my_stock/media/theme/uxicons/xxxhdpi/com.android.contacts/mat.png 160931
//my_stock/media/theme/uxicons/xxxhdpi/com.android.contacts/recbg.png 160932-160941
//my_stock/media/theme/uxicons/xxxhdpi/com.android.contacts/recfg.png 160943-160949
//my_stock/media/theme/uxicons/xxxhdpi/com.android.fmradio/mat.png 160952
//my_stock/media/theme/uxicons/xxxhdpi/com.android.fmradio/recfg.png 160954
//my_stock/media/theme/uxicons/xxxhdpi/com.android.mms/recbg.png 160956-160965
//my_stock/media/theme/uxicons/xxxhdpi/com.android.mms/recfg.png 160967-160975
//my_stock/media/theme/uxicons/xxxhdpi/com.android.settings/mat.png 160977-160983
//my_stock/media/theme/uxicons/xxxhdpi/com.android.settings/peb.png 160986
//my_stock/media/theme/uxicons/xxxhdpi/com.android.settings/recbg.png 160988-160993
//my_stock/media/theme/uxicons/xxxhdpi/com.android.settings/recfg.png 160995-161001
//my_stock/media/theme/uxicons/xxxhdpi/com.android.stk/mat.png 161002
//my_stock/media/theme/uxicons/xxxhdpi/com.caf.fmradio/mat.png 161003
//my_stock/media/theme/uxicons/xxxhdpi/com.caf.fmradio/recfg.png 161004
//my_stock/media/theme/uxicons/xxxhdpi/com.ebay.mobile/art_off.png 161005-161006
//my_stock/media/theme/uxicons/xxxhdpi/com.ebay.mobile/mat.png 161007-161008
//my_stock/media/theme/uxicons/xxxhdpi/com.ebay.mobile/recfg.png 161009
//my_stock/media/theme/uxicons/xxxhdpi/com.facebook.katana/art_off.png 161011-161018
//my_stock/media/theme/uxicons/xxxhdpi/com.facebook.katana/mat.png 161019
//my_stock/media/theme/uxicons/xxxhdpi/com.facebook.katana/recbg.png 161021-161022
//my_stock/media/theme/uxicons/xxxhdpi/com.heytap.browser/mat.png 161027-161029
//my_stock/media/theme/uxicons/xxxhdpi/com.heytap.browser/recfg.png 161031-161034
//my_stock/media/theme/uxicons/xxxhdpi/com.heytap.cloud/recbg.png 161037-161041
//my_stock/media/theme/uxicons/xxxhdpi/com.heytap.cloud/recfg.png 161042-161043
//my_stock/media/theme/uxicons/xxxhdpi/com.heytap.market/mat.png 161045-161053
//my_stock/media/theme/uxicons/xxxhdpi/com.heytap.market/peb.png 161055-161056
//my_stock/media/theme/uxicons/xxxhdpi/com.heytap.market/recbg.png 161057-161064
//my_stock/media/theme/uxicons/xxxhdpi/com.heytap.market/recfg.png 161066-161071
//my_stock/media/theme/uxicons/xxxhdpi/com.heytap.music/mat.png 161072
//my_stock/media/theme/uxicons/xxxhdpi/com.heytap.smarthome/recfg.png 161077-161078
//my_stock/media/theme/uxicons/xxxhdpi/com.heytap.speechassist/mat.png 161080-161083
//my_stock/media/theme/uxicons/xxxhdpi/com.heytap.speechassist/recfg.png 161086-161091
//my_stock/media/theme/uxicons/xxxhdpi/com.heytap.themestore/mat.png 161093-161102
//my_stock/media/theme/uxicons/xxxhdpi/com.heytap.themestore/peb.png 161103
//my_stock/media/theme/uxicons/xxxhdpi/com.heytap.themestore/recbg.png 161105-161114
//my_stock/media/theme/uxicons/xxxhdpi/com.instagram.android/art_off.png 161116-161126
//my_stock/media/theme/uxicons/xxxhdpi/com.instagram.android/mat.png 161128-161129
//my_stock/media/theme/uxicons/xxxhdpi/com.instagram.android/recbg.png 161130-161137
//my_stock/media/theme/uxicons/xxxhdpi/com.microsoft.office.outlook/art_off.png 161139-161142
//my_stock/media/theme/uxicons/xxxhdpi/com.microsoft.office.outlook/mat.png 161143
//my_stock/media/theme/uxicons/xxxhdpi/com.microsoft.office.outlook/recfg.png 161145
//my_stock/media/theme/uxicons/xxxhdpi/com.nearme.gamecenter/recbg.png 161147
//my_stock/media/theme/uxicons/xxxhdpi/com.nearme.gamecenter/recfg.png 161148-161149
//my_stock/media/theme/uxicons/xxxhdpi/com.oneplus.backuprestore/mat.png 161151-161162
//my_stock/media/theme/uxicons/xxxhdpi/com.oneplus.backuprestore/peb.png 161163
//my_stock/media/theme/uxicons/xxxhdpi/com.oneplus.backuprestore/recbg.png 161165-161171
//my_stock/media/theme/uxicons/xxxhdpi/com.oneplus.backuprestore/recfg.png 161173-161183
//my_stock/media/theme/uxicons/xxxhdpi/com.oneplus.brickmode/mat.png 161184-161190
//my_stock/media/theme/uxicons/xxxhdpi/com.oneplus.brickmode/peb.png 161193-161194
//my_stock/media/theme/uxicons/xxxhdpi/com.oneplus.brickmode/recbg.png 161195-161201
//my_stock/media/theme/uxicons/xxxhdpi/com.oneplus.brickmode/recfg.png 161202-161206
//my_stock/media/theme/uxicons/xxxhdpi/com.oneplus.calculator/mat.png 161208-161213
//my_stock/media/theme/uxicons/xxxhdpi/com.oneplus.calculator/peb.png 161215
//my_stock/media/theme/uxicons/xxxhdpi/com.oneplus.calculator/recbg.png 161216-161223
//my_stock/media/theme/uxicons/xxxhdpi/com.oneplus.calculator/recfg.png 161225
//my_stock/media/theme/uxicons/xxxhdpi/com.oneplus.camera/mat.png 161226-161235
//my_stock/media/theme/uxicons/xxxhdpi/com.oneplus.camera/peb.png 161237-161238
//my_stock/media/theme/uxicons/xxxhdpi/com.oneplus.camera/recbg.png 161239-161245
//my_stock/media/theme/uxicons/xxxhdpi/com.oneplus.camera/recfg.png 161246-161256 161257
//my_stock/media/theme/uxicons/xxxhdpi/com.oneplus.deskclock/mat.png 161258-161264
//my_stock/media/theme/uxicons/xxxhdpi/com.oneplus.deskclock/peb.png 161265
//my_stock/media/theme/uxicons/xxxhdpi/com.oneplus.deskclock/recbg.png 161267-161274
//my_stock/media/theme/uxicons/xxxhdpi/com.oneplus.deskclock/recfg.png 161275-161276
//my_stock/media/theme/uxicons/xxxhdpi/com.oneplus.filemanager/mat.png 161278-161284
//my_stock/media/theme/uxicons/xxxhdpi/com.oneplus.filemanager/monochrome.png 161286-161287
//my_stock/media/theme/uxicons/xxxhdpi/com.oneplus.filemanager/peb.png 161289
//my_stock/media/theme/uxicons/xxxhdpi/com.oneplus.filemanager/recbg.png 161290-161295 161296
//my_stock/media/theme/uxicons/xxxhdpi/com.oneplus.gallery/mat.png 161297-161305
//my_stock/media/theme/uxicons/xxxhdpi/com.oneplus.gallery/peb.png 161306
//my_stock/media/theme/uxicons/xxxhdpi/com.oneplus.gallery/recbg.png 161307-161314
//my_stock/media/theme/uxicons/xxxhdpi/com.oneplus.mms/recbg.png 161319-161328
//my_stock/media/theme/uxicons/xxxhdpi/com.oneplus.mms/recfg.png 161330-161338
//my_stock/media/theme/uxicons/xxxhdpi/com.oneplus.note/mat.png 161340-161347
//my_stock/media/theme/uxicons/xxxhdpi/com.oneplus.note/peb.png 161349
//my_stock/media/theme/uxicons/xxxhdpi/com.oneplus.note/recbg.png 161350-161356
//my_stock/media/theme/uxicons/xxxhdpi/com.oneplus.note/recfg.png 161358-161361
//my_stock/media/theme/uxicons/xxxhdpi/com.oneplus.soundrecorder/mat.png 161363-161371
//my_stock/media/theme/uxicons/xxxhdpi/com.oneplus.soundrecorder/peb.png 161372
//my_stock/media/theme/uxicons/xxxhdpi/com.oneplus.soundrecorder/recbg.png 161373-161377
//my_stock/media/theme/uxicons/xxxhdpi/com.oplus.camera/mat.png 161381
//my_stock/media/theme/uxicons/xxxhdpi/com.oplus.camera/recbg.png 161383-161391
//my_stock/media/theme/uxicons/xxxhdpi/com.oplus.camera/recfg.png 161392-161403
//my_stock/media/theme/uxicons/xxxhdpi/com.oplus.games/recbg.png 161405-161414
//my_stock/media/theme/uxicons/xxxhdpi/com.oplus.games/recfg.png 161416-161429
//my_stock/media/theme/uxicons/xxxhdpi/com.oplus.logkit/recfg.png 161430-161432
//my_stock/media/theme/uxicons/xxxhdpi/com.oplus.play/mat.png 161434
//my_stock/media/theme/uxicons/xxxhdpi/com.oplus.play/recfg.png 161437
//my_stock/media/theme/uxicons/xxxhdpi/com.oplus.themestore/mat.png 161438-161441
//my_stock/media/theme/uxicons/xxxhdpi/com.oplus.themestore/recbg.png 161443-161452
//my_stock/media/theme/uxicons/xxxhdpi/com.oplus.themestore/recfg.png 161454-161459
//my_stock/media/theme/uxicons/xxxhdpi/com.oplus.vip/recbg.png 161461-161470
//my_stock/media/theme/uxicons/xxxhdpi/com.oplus.vip/recfg.png 161471-161480
//my_stock/media/theme/uxicons/xxxhdpi/com.paypal.android.p2pmobile/art_off.png 161481-161487
//my_stock/media/theme/uxicons/xxxhdpi/com.paypal.android.p2pmobile/mat.png 161488
//my_stock/media/theme/uxicons/xxxhdpi/com.paypal.android.p2pmobile/recbg.png 161489-161496
//my_stock/media/theme/uxicons/xxxhdpi/com.paypal.android.p2pmobile/recfg.png 161498
//my_stock/media/theme/uxicons/xxxhdpi/com.pinterest/art_off.png 161499-161501
//my_stock/media/theme/uxicons/xxxhdpi/com.pinterest/mat.png 161502
//my_stock/media/theme/uxicons/xxxhdpi/com.snapchat.android/mat.png 161505
//my_stock/media/theme/uxicons/xxxhdpi/com.twitter.android/art_off.png 161509
//my_stock/media/theme/uxicons/xxxhdpi/icons-meterial 161513-161515
//my_stock/media/theme/uxicons/xxxhdpi/icons-pebble 161516-161519
//my_stock/media/theme/uxicons/xxxhdpi/icons-rectangle 161520-161537
//my_stock/media/theme/uxicons/xxxhdpi/in.amazon.mShop.android.shopping/mat.png 161538-161542
//my_stock/media/theme/uxicons/xxxhdpi/in.amazon.mShop.android.shopping/recbg.png 161543-161549
//my_stock/media/theme/uxicons/xxxhdpi/net.oneplus.forums/mat.png 161551-161559
//my_stock/media/theme/uxicons/xxxhdpi/net.oneplus.forums/peb.png 161561
//my_stock/media/theme/uxicons/xxxhdpi/net.oneplus.forums/recbg.png 161563-161571
//my_stock/media/theme/uxicons/xxxhdpi/net.oneplus.forums/recfg.png 161573-161574
//my_stock/media/theme/uxicons/xxxhdpi/net.oneplus.weather/mat.png 161576-161583
//my_stock/media/theme/uxicons/xxxhdpi/net.oneplus.weather/peb.png 161585
//my_stock/media/theme/uxicons/xxxhdpi/net.oneplus.weather/recbg.png 161587-161591
//my_stock/media/theme/uxicons/xxxhdpi/net.oneplus.weather/recfg.png 161592-161600
//my_stock/non_overlay/app/OBrain/OBrain.apk 161601-161758
//my_stock/plugin/GamePerformanceOpt/GamePerformanceOpt.apk 161759-161860
//my_stock/priv-app/AccessoryFramework/AccessoryFramework.apk 161861-164258
//my_stock/priv-app/AccessoryFramework/oat/arm/AccessoryFramework.vdex 164261-164298
//my_stock/priv-app/AccessoryFramework/oat/arm64/AccessoryFramework.vdex 164299-164336
//my_stock/priv-app/ColorfulEngine/ColorfulEngine.apk 164337-166294
//my_stock/priv-app/ColorfulEngine/oat/arm/ColorfulEngine.vdex 166297-166312
//my_stock/priv-app/ColorfulEngine/oat/arm64/ColorfulEngine.vdex 166313-166328
//my_stock/priv-app/DCS/DCS.apk 166329-166592
//my_stock/priv-app/DCS/oat/arm64/DCS.vdex 166593-166599
//my_stock/priv-app/HeyCast/HeyCast.apk 166600-168881
//my_stock/priv-app/HeyCast/oat/arm64/HeyCast.vdex 168884-168908
//my_stock/priv-app/HeySynergy/HeySynergy.apk 168909-169625
//my_stock/priv-app/HeySynergy/oat/arm64/HeySynergy.vdex 169627-169639
//my_stock/priv-app/KeKeUserCenter/KeKeUserCenter.apk 169640-183508
//my_stock/priv-app/KeKeUserCenter/lib/arm64/libcrypter-lib.so 183521-183547
//my_stock/priv-app/KeKeUserCenter/lib/arm64/libffmpeg.so 183548-185440
//my_stock/priv-app/KeKeUserCenter/lib/arm64/libffmpegJNI.so 185443-185544
//my_stock/priv-app/KeKeUserCenter/lib/arm64/libmarsxlog.so 185545-185575
//my_stock/priv-app/KeKeUserCenter/lib/arm64/libopluslog.so 185576-185584
//my_stock/priv-app/KeKeUserCenter/lib/arm64/librtmp-jni.so 185585-185598
//my_stock/priv-app/KeKeUserCenter/lib/arm64/libstlport_shared.so 185599-185663
//my_stock/priv-app/KeKeUserCenter/oat/arm64/KeKeUserCenter.vdex 185664-185738
//my_stock/priv-app/MDSService/MDSService.apk 185739-186659
//my_stock/priv-app/MDSService/oat/arm64/MDSService.vdex 186661-186672
//my_stock/priv-app/ONet/ONet.apk 186673-187648
//my_stock/priv-app/ONet/oat/arm64/ONet.vdex 187650-187663
//my_stock/priv-app/OPSynergy/OPSynergy.apk 187664-190519
//my_stock/priv-app/OPSynergy/oat/arm64/OPSynergy.vdex 190523-190563
//my_stock/priv-app/Omacp/Omacp.apk 190564-191561
//my_stock/priv-app/Omacp/oat/arm64/Omacp.vdex 191563-191575
//my_stock/priv-app/OplusBootReg/OplusBootReg.apk 191576-195844
//my_stock/priv-app/OplusBootReg/oat/arm64/OplusBootReg.vdex 195850-195884
//my_stock/priv-app/OplusScreenRecorder/OplusScreenRecorder.apk 195885-197373
//my_stock/priv-app/OplusScreenRecorder/oat/arm64/OplusScreenRecorder.vdex 197376-197395
//my_stock/priv-app/PlayAutoInstallConfig/PlayAutoInstallConfig.apk 197396
//my_stock/priv-app/SOSHelper/SOSHelper.apk 197397-199418
//my_stock/priv-app/SOSHelper/oat/arm64/SOSHelper.vdex 199421-199442
//my_stock/priv-app/Screenshot/Screenshot.apk 199443-203380
//my_stock/priv-app/Screenshot/oat/arm64/Screenshot.vdex 203384-203415
