//my_stock/apkcerts.txt 1
//my_stock/app/Aod/Aod.apk 2-14315
//my_stock/app/Aod/lib/arm64/libVFX.so 14324-14872
//my_stock/app/Aod/lib/arm64/libhandpaintedeffects.so 14874-14928
//my_stock/app/Aod/lib/arm64/liboplus_gifdecoder.so 14929-14958
//my_stock/app/Aod/lib/arm64/liboplus_image_process.so 14959-14960
//my_stock/app/Aod/lib/arm64/liboplusos_lunar.so 14961-14963
//my_stock/app/Aod/oat/arm64/Aod.vdex 14964-14986
//my_stock/app/COSA/COSA.apk 14987-20010
//my_stock/app/COSA/oat/arm64/COSA.vdex 20015-20033
//my_stock/app/Calculator2/Calculator2.apk 20034-21460
//my_stock/app/Calculator2/oat/arm64/Calculator2.vdex 21463-21480
//my_stock/app/ChildrenSpace/ChildrenSpace.apk 21481-28364
//my_stock/app/ChildrenSpace/oat/arm/ChildrenSpace.vdex 28370-28393
//my_stock/app/ChildrenSpace/oat/arm64/ChildrenSpace.vdex 28394-28417
//my_stock/app/Clock/Clock.apk 28418-32505
//my_stock/app/Clock/oat/arm64/Clock.vdex 32510-32549
//my_stock/app/FileEncryption/FileEncryption.apk 32550-33924
//my_stock/app/FileManager/FileManager.apk 33927-36738
//my_stock/app/FileManager/oat/arm64/FileManager.vdex 36742-36777
//my_stock/app/FloatAssistant/FloatAssistant.apk 36778-41633
//my_stock/app/FloatAssistant/oat/arm64/FloatAssistant.vdex 41639-41658
//my_stock/app/Games/Games.apk 41659-55341
//my_stock/app/Games/oat/arm64/Games.vdex 55355-55482
//my_stock/app/GlobalSearch/GlobalSearch.apk 55483-58628
//my_stock/app/LocationProxy/LocationProxy.apk 58632-59587
//my_stock/app/LocationProxy/oat/arm64/LocationProxy.vdex 59589-59601
//my_stock/app/OPWorkLifeBalance/OPWorkLifeBalance.apk 59602-61199
//my_stock/app/OpenCapabilityService/OpenCapabilityService.apk 61202-62965
//my_stock/app/OpenCapabilityService/oat/arm64/OpenCapabilityService.vdex 62968-62991
//my_stock/app/OplusOperationManual/OplusOperationManual.apk 62992-66087
//my_stock/app/OplusOperationManual/oat/arm64/OplusOperationManual.vdex 66091-66114
//my_stock/app/OplusSecurityKeyboard/OplusSecurityKeyboard.apk 66115-66193
//my_stock/app/OppoWeather2/OppoWeather2.apk 66194-71311
//my_stock/app/OppoWeather2/oat/arm64/OppoWeather2.vdex 71316-71351
//my_stock/app/OppoWeatherService/OppoWeatherService.apk 71352-72567
//my_stock/app/OppoWeatherService/oat/arm64/OppoWeatherService.vdex 72570-72584
//my_stock/app/Portrait/Portrait.apk 72585-82811
//my_stock/app/Portrait/lib/arm64/libAncSegBaseJni.so 82818-82864
//my_stock/app/Portrait/lib/arm64/libAncSegBaseSdk.so 82865-83465
//my_stock/app/Portrait/lib/arm64/libCaptureBokeh.so 83466-83585
//my_stock/app/Portrait/lib/arm64/libMNN.so 83586-83776
//my_stock/app/Portrait/lib/arm64/libNvEffectSdkCore.so 83777-85005
//my_stock/app/Portrait/lib/arm64/libancbase_segbase.so 85008-86879
//my_stock/app/Portrait/lib/arm64/libc++_shared.so 86882-86991
//my_stock/app/Portrait/lib/arm64/libcvface_api.so 86992-90555
//my_stock/app/Portrait/lib/arm64/libgraphics-lib.so 90559-90585
//my_stock/app/Portrait/lib/arm64/libimageProcessing.so 90586-90599
//my_stock/app/Portrait/lib/arm64/libjni_cvface_api.so 90600-90632
//my_stock/app/Portrait/lib/arm64/libmsai.so 90633-91034
//my_stock/app/Portrait/lib/arm64/libop-aod-bokeh-jni.qti.so 91035-91058
//my_stock/app/Portrait/lib/arm64/libopencv_java4.so 91059-93505
//my_stock/app/Portrait/lib/arm64/liboplus_image_process.so 93509-93510
//my_stock/app/Portrait/lib/arm64/libyuv2.so 93511-93552
//my_stock/app/Portrait/oat/arm64/Portrait.vdex 93553-93566
//my_stock/app/RomUpdate/RomUpdate.apk 93567-93915
//my_stock/app/SceneMode/SceneMode.apk 93916-95489
//my_stock/app/SceneMode/oat/arm64/SceneMode.vdex 95492-95509
//my_stock/app/SmartEngine/SmartEngine.apk 95510-96699
//my_stock/app/SmartEngine/oat/arm64/SmartEngine.vdex 96701-96722
//my_stock/app/SmartSideBar/SmartSideBar.apk 96723-98253
//my_stock/app/SmartSideBar/oat/arm64/SmartSideBar.vdex 98256-98280
//my_stock/app/VariUIEngine/VariUIEngine.apk 98281-99987
//my_stock/app/VariUIEngine/lib/arm64/libVFX.so 99990-100538
//my_stock/app/VariUIEngine/lib/arm64/libhandpaintedeffects.so 100539-100593
//my_stock/app/VariUIEngine/lib/arm64/liboplus_gifdecoder.so 100594-100623
//my_stock/app/VariUIEngine/lib/arm64/liboplusos_lunar.so 100624-100626
//my_stock/app/VariUIEngine/oat/arm64/VariUIEngine.vdex 100627-100651
//my_stock/app/Wallpapers/Wallpapers.apk 100652-108039
//my_stock/app/Wallpapers/oat/arm/Wallpapers.vdex 108045-108071
//my_stock/app/Wallpapers/oat/arm64/Wallpapers.vdex 108072-108098
//my_stock/del-app/BackupAndRestore/BackupAndRestore.apk 108099-111203
//my_stock/del-app/CanvasResources/CanvasResources.apk 111207-132664
//my_stock/del-app/OPBreathMode/OPBreathMode.apk 132679-152054
//my_stock/del-app/OPForum/OPForum.apk 152066-155068
//my_stock/del-app/OPNote/OPNote.apk 155071-159471
//my_stock/del-app/OPWidget/OPWidget.apk 159475-159968
//my_stock/etc/NOTICE.xml.gz 159969-159975
//my_stock/etc/Operator_Ringback_Tone_List.xml 159976
//my_stock/etc/config/data_migrate_config.xml 159977
//my_stock/etc/extension/config_clear_settings_provider_key_settings_app_op.xml 159978
//my_stock/etc/permissions/default_grant_permissions_list.xml 159979
//my_stock/etc/permissions/privapp-permissions-oplus.xml 159980
//my_stock/media/theme/allApps.xml 159981-159984
//my_stock/media/theme/uxicons/xhdpi/com.airbnb.android/art_off.png 159985-159987
//my_stock/media/theme/uxicons/xhdpi/com.airbnb.android/mat.png 159988-159990
//my_stock/media/theme/uxicons/xhdpi/com.airbnb.android/recfg.png 159991-159992
//my_stock/media/theme/uxicons/xhdpi/com.android.contacts/dialer_recbg.png 159993-159994
//my_stock/media/theme/uxicons/xhdpi/com.android.contacts/dialer_recfg.png 159995
//my_stock/media/theme/uxicons/xhdpi/com.android.contacts/recbg.png 159997-159998
//my_stock/media/theme/uxicons/xhdpi/com.android.contacts/recfg.png 160000-160001
//my_stock/media/theme/uxicons/xhdpi/com.android.mms/recbg.png 160005-160006
//my_stock/media/theme/uxicons/xhdpi/com.android.mms/recfg.png 160008-160009
//my_stock/media/theme/uxicons/xhdpi/com.android.settings/mat.png 160011-160012
//my_stock/media/theme/uxicons/xhdpi/com.android.settings/recbg.png 160015
//my_stock/media/theme/uxicons/xhdpi/com.android.settings/recfg.png 160017-160018
//my_stock/media/theme/uxicons/xhdpi/com.ebay.mobile/art_off.png 160021-160022
//my_stock/media/theme/uxicons/xhdpi/com.ebay.mobile/recfg.png 160024
//my_stock/media/theme/uxicons/xhdpi/com.facebook.katana/art_off.png 160026
//my_stock/media/theme/uxicons/xhdpi/com.heytap.browser/mat.png 160031
//my_stock/media/theme/uxicons/xhdpi/com.heytap.browser/recfg.png 160032
//my_stock/media/theme/uxicons/xhdpi/com.heytap.cloud/recbg.png 160035
//my_stock/media/theme/uxicons/xhdpi/com.heytap.market/mat.png 160037-160038
//my_stock/media/theme/uxicons/xhdpi/com.heytap.market/recbg.png 160041-160042
//my_stock/media/theme/uxicons/xhdpi/com.heytap.market/recfg.png 160044-160045
//my_stock/media/theme/uxicons/xhdpi/com.heytap.speechassist/mat.png 160049-160050
//my_stock/media/theme/uxicons/xhdpi/com.heytap.speechassist/recfg.png 160052-160053
//my_stock/media/theme/uxicons/xhdpi/com.heytap.themestore/mat.png 160055-160057
//my_stock/media/theme/uxicons/xhdpi/com.heytap.themestore/recbg.png 160059-160061
//my_stock/media/theme/uxicons/xhdpi/com.instagram.android/art_off.png 160062-160064
//my_stock/media/theme/uxicons/xhdpi/com.instagram.android/mat.png 160066
//my_stock/media/theme/uxicons/xhdpi/com.instagram.android/recbg.png 160067
//my_stock/media/theme/uxicons/xhdpi/com.microsoft.office.outlook/art_off.png 160068-160071
//my_stock/media/theme/uxicons/xhdpi/com.microsoft.office.outlook/mat.png 160072
//my_stock/media/theme/uxicons/xhdpi/com.microsoft.office.outlook/recfg.png 160074
//my_stock/media/theme/uxicons/xhdpi/com.oneplus.backuprestore/mat.png 160077-160079
//my_stock/media/theme/uxicons/xhdpi/com.oneplus.backuprestore/recbg.png 160082-160083
//my_stock/media/theme/uxicons/xhdpi/com.oneplus.backuprestore/recfg.png 160084-160086
//my_stock/media/theme/uxicons/xhdpi/com.oneplus.brickmode/mat.png 160087-160088
//my_stock/media/theme/uxicons/xhdpi/com.oneplus.brickmode/peb.png 160091
//my_stock/media/theme/uxicons/xhdpi/com.oneplus.brickmode/recbg.png 160092-160093
//my_stock/media/theme/uxicons/xhdpi/com.oneplus.brickmode/recfg.png 160094-160095
//my_stock/media/theme/uxicons/xhdpi/com.oneplus.calculator/mat.png 160096-160097
//my_stock/media/theme/uxicons/xhdpi/com.oneplus.calculator/recbg.png 160099-160100
//my_stock/media/theme/uxicons/xhdpi/com.oneplus.camera/mat.png 160102-160104
//my_stock/media/theme/uxicons/xhdpi/com.oneplus.camera/peb.png 160105
//my_stock/media/theme/uxicons/xhdpi/com.oneplus.camera/recbg.png 160106
//my_stock/media/theme/uxicons/xhdpi/com.oneplus.camera/recfg.png 160108-160110
//my_stock/media/theme/uxicons/xhdpi/com.oneplus.deskclock/mat.png 160112-160113
//my_stock/media/theme/uxicons/xhdpi/com.oneplus.deskclock/recbg.png 160116-160117
//my_stock/media/theme/uxicons/xhdpi/com.oneplus.filemanager/mat.png 160119-160120
//my_stock/media/theme/uxicons/xhdpi/com.oneplus.filemanager/recbg.png 160123-160124
//my_stock/media/theme/uxicons/xhdpi/com.oneplus.gallery/mat.png 160125-160126
//my_stock/media/theme/uxicons/xhdpi/com.oneplus.gallery/recbg.png 160129-160130
//my_stock/media/theme/uxicons/xhdpi/com.oneplus.mms/recbg.png 160133-160134
//my_stock/media/theme/uxicons/xhdpi/com.oneplus.mms/recfg.png 160136-160137
//my_stock/media/theme/uxicons/xhdpi/com.oneplus.note/mat.png 160139-160140
//my_stock/media/theme/uxicons/xhdpi/com.oneplus.note/recbg.png 160142-160143
//my_stock/media/theme/uxicons/xhdpi/com.oneplus.note/recfg.png 160144
//my_stock/media/theme/uxicons/xhdpi/com.oneplus.soundrecorder/mat.png 160146-160147
//my_stock/media/theme/uxicons/xhdpi/com.oneplus.soundrecorder/recbg.png 160150
//my_stock/media/theme/uxicons/xhdpi/com.oplus.camera/recbg.png 160154-160155
//my_stock/media/theme/uxicons/xhdpi/com.oplus.camera/recfg.png 160156-160159
//my_stock/media/theme/uxicons/xhdpi/com.oplus.games/recbg.png 160160-160161
//my_stock/media/theme/uxicons/xhdpi/com.oplus.games/recfg.png 160163-160166
//my_stock/media/theme/uxicons/xhdpi/com.oplus.logkit/recfg.png 160168
//my_stock/media/theme/uxicons/xhdpi/com.oplus.themestore/mat.png 160171-160172
//my_stock/media/theme/uxicons/xhdpi/com.oplus.themestore/recbg.png 160173-160174
//my_stock/media/theme/uxicons/xhdpi/com.oplus.themestore/recfg.png 160176-160177
//my_stock/media/theme/uxicons/xhdpi/com.oplus.vip/recbg.png 160179-160180
//my_stock/media/theme/uxicons/xhdpi/com.oplus.vip/recfg.png 160181-160182
//my_stock/media/theme/uxicons/xhdpi/com.paypal.android.p2pmobile/art_off.png 160184-160190
//my_stock/media/theme/uxicons/xhdpi/com.paypal.android.p2pmobile/mat.png 160192
//my_stock/media/theme/uxicons/xhdpi/com.paypal.android.p2pmobile/recbg.png 160193-160200
//my_stock/media/theme/uxicons/xhdpi/com.paypal.android.p2pmobile/recfg.png 160202
//my_stock/media/theme/uxicons/xhdpi/com.pinterest/art_off.png 160203
//my_stock/media/theme/uxicons/xhdpi/icons-meterial 160210-160212
//my_stock/media/theme/uxicons/xhdpi/icons-pebble 160213-160216
//my_stock/media/theme/uxicons/xhdpi/icons-rectangle 160217-160226
//my_stock/media/theme/uxicons/xhdpi/in.amazon.mShop.android.shopping/mat.png 160227
//my_stock/media/theme/uxicons/xhdpi/in.amazon.mShop.android.shopping/recbg.png 160229-160230
//my_stock/media/theme/uxicons/xhdpi/net.oneplus.forums/mat.png 160231-160233
//my_stock/media/theme/uxicons/xhdpi/net.oneplus.forums/recbg.png 160235-160236
//my_stock/media/theme/uxicons/xhdpi/net.oneplus.weather/mat.png 160239-160240
//my_stock/media/theme/uxicons/xhdpi/net.oneplus.weather/recbg.png 160243
//my_stock/media/theme/uxicons/xhdpi/net.oneplus.weather/recfg.png 160245-160246
//my_stock/media/theme/uxicons/xxhdpi/com.airbnb.android/art_off.png 160248-160250
//my_stock/media/theme/uxicons/xxhdpi/com.airbnb.android/mat.png 160252-160254
//my_stock/media/theme/uxicons/xxhdpi/com.airbnb.android/recfg.png 160255-160256
//my_stock/media/theme/uxicons/xxhdpi/com.android.contacts/dialer_mat.png 160259
//my_stock/media/theme/uxicons/xxhdpi/com.android.contacts/dialer_recbg.png 160260-160265
//my_stock/media/theme/uxicons/xxhdpi/com.android.contacts/dialer_recfg.png 160266-160268
//my_stock/media/theme/uxicons/xxhdpi/com.android.contacts/recbg.png 160270-160275
//my_stock/media/theme/uxicons/xxhdpi/com.android.contacts/recfg.png 160276-160279
//my_stock/media/theme/uxicons/xxhdpi/com.android.mms/recbg.png 160285-160290
//my_stock/media/theme/uxicons/xxhdpi/com.android.mms/recfg.png 160291-160295
//my_stock/media/theme/uxicons/xxhdpi/com.android.settings/mat.png 160297-160300
//my_stock/media/theme/uxicons/xxhdpi/com.android.settings/peb.png 160302
//my_stock/media/theme/uxicons/xxhdpi/com.android.settings/recbg.png 160303-160306
//my_stock/media/theme/uxicons/xxhdpi/com.android.settings/recfg.png 160308-160311
//my_stock/media/theme/uxicons/xxhdpi/com.ebay.mobile/art_off.png 160316-160317
//my_stock/media/theme/uxicons/xxhdpi/com.ebay.mobile/mat.png 160318-160319
//my_stock/media/theme/uxicons/xxhdpi/com.ebay.mobile/recfg.png 160320
//my_stock/media/theme/uxicons/xxhdpi/com.facebook.katana/art_off.png 160322-160324
//my_stock/media/theme/uxicons/xxhdpi/com.facebook.katana/mat.png 160326
//my_stock/media/theme/uxicons/xxhdpi/com.facebook.katana/recbg.png 160327
//my_stock/media/theme/uxicons/xxhdpi/com.heytap.browser/mat.png 160332-160333
//my_stock/media/theme/uxicons/xxhdpi/com.heytap.browser/recfg.png 160335-160336
//my_stock/media/theme/uxicons/xxhdpi/com.heytap.cloud/recbg.png 160339-160341
//my_stock/media/theme/uxicons/xxhdpi/com.heytap.cloud/recfg.png 160342
//my_stock/media/theme/uxicons/xxhdpi/com.heytap.market/mat.png 160344-160348
//my_stock/media/theme/uxicons/xxhdpi/com.heytap.market/peb.png 160350
//my_stock/media/theme/uxicons/xxhdpi/com.heytap.market/recbg.png 160351-160355
//my_stock/media/theme/uxicons/xxhdpi/com.heytap.market/recfg.png 160356-160359
//my_stock/media/theme/uxicons/xxhdpi/com.heytap.music/mat.png 160360
//my_stock/media/theme/uxicons/xxhdpi/com.heytap.smarthome/recfg.png 160364
//my_stock/media/theme/uxicons/xxhdpi/com.heytap.speechassist/mat.png 160366-160369
//my_stock/media/theme/uxicons/xxhdpi/com.heytap.speechassist/recfg.png 160371-160375
//my_stock/media/theme/uxicons/xxhdpi/com.heytap.themestore/mat.png 160377-160382
//my_stock/media/theme/uxicons/xxhdpi/com.heytap.themestore/peb.png 160383
//my_stock/media/theme/uxicons/xxhdpi/com.heytap.themestore/recbg.png 160384-160389
//my_stock/media/theme/uxicons/xxhdpi/com.instagram.android/art_off.png 160390-160396
//my_stock/media/theme/uxicons/xxhdpi/com.instagram.android/mat.png 160397
//my_stock/media/theme/uxicons/xxhdpi/com.instagram.android/recbg.png 160399-160402
//my_stock/media/theme/uxicons/xxhdpi/com.microsoft.office.outlook/art_off.png 160405-160408
//my_stock/media/theme/uxicons/xxhdpi/com.microsoft.office.outlook/mat.png 160409
//my_stock/media/theme/uxicons/xxhdpi/com.nearme.gamecenter/recfg.png 160413
//my_stock/media/theme/uxicons/xxhdpi/com.oneplus.backuprestore/mat.png 160415-160421
//my_stock/media/theme/uxicons/xxhdpi/com.oneplus.backuprestore/peb.png 160422
//my_stock/media/theme/uxicons/xxhdpi/com.oneplus.backuprestore/recbg.png 160423-160426
//my_stock/media/theme/uxicons/xxhdpi/com.oneplus.backuprestore/recfg.png 160427-160432
//my_stock/media/theme/uxicons/xxhdpi/com.oneplus.brickmode/mat.png 160434-160438
//my_stock/media/theme/uxicons/xxhdpi/com.oneplus.brickmode/peb.png 160440
//my_stock/media/theme/uxicons/xxhdpi/com.oneplus.brickmode/recbg.png 160442-160445
//my_stock/media/theme/uxicons/xxhdpi/com.oneplus.brickmode/recfg.png 160446-160448
//my_stock/media/theme/uxicons/xxhdpi/com.oneplus.calculator/mat.png 160450-160453
//my_stock/media/theme/uxicons/xxhdpi/com.oneplus.calculator/peb.png 160454
//my_stock/media/theme/uxicons/xxhdpi/com.oneplus.calculator/recbg.png 160455-160458
//my_stock/media/theme/uxicons/xxhdpi/com.oneplus.camera/mat.png 160461-160466
//my_stock/media/theme/uxicons/xxhdpi/com.oneplus.camera/peb.png 160468
//my_stock/media/theme/uxicons/xxhdpi/com.oneplus.camera/recbg.png 160470-160473
//my_stock/media/theme/uxicons/xxhdpi/com.oneplus.camera/recfg.png 160474-160480
//my_stock/media/theme/uxicons/xxhdpi/com.oneplus.deskclock/mat.png 160481-160484
//my_stock/media/theme/uxicons/xxhdpi/com.oneplus.deskclock/peb.png 160486
//my_stock/media/theme/uxicons/xxhdpi/com.oneplus.deskclock/recbg.png 160487-160490
//my_stock/media/theme/uxicons/xxhdpi/com.oneplus.deskclock/recfg.png 160492
//my_stock/media/theme/uxicons/xxhdpi/com.oneplus.filemanager/mat.png 160494-160497
//my_stock/media/theme/uxicons/xxhdpi/com.oneplus.filemanager/monochrome.png 160499
//my_stock/media/theme/uxicons/xxhdpi/com.oneplus.filemanager/recbg.png 160502-160505
//my_stock/media/theme/uxicons/xxhdpi/com.oneplus.gallery/mat.png 160506-160510
//my_stock/media/theme/uxicons/xxhdpi/com.oneplus.gallery/peb.png 160512
//my_stock/media/theme/uxicons/xxhdpi/com.oneplus.gallery/recbg.png 160513-160517
//my_stock/media/theme/uxicons/xxhdpi/com.oneplus.mms/recbg.png 160520-160525
//my_stock/media/theme/uxicons/xxhdpi/com.oneplus.mms/recfg.png 160526-160530
//my_stock/media/theme/uxicons/xxhdpi/com.oneplus.note/mat.png 160532-160536
//my_stock/media/theme/uxicons/xxhdpi/com.oneplus.note/recbg.png 160538-160541
//my_stock/media/theme/uxicons/xxhdpi/com.oneplus.note/recfg.png 160543-160545
//my_stock/media/theme/uxicons/xxhdpi/com.oneplus.soundrecorder/mat.png 160546-160550
//my_stock/media/theme/uxicons/xxhdpi/com.oneplus.soundrecorder/recbg.png 160553-160555
//my_stock/media/theme/uxicons/xxhdpi/com.oplus.camera/mat.png 160557
//my_stock/media/theme/uxicons/xxhdpi/com.oplus.camera/recbg.png 160558-160562
//my_stock/media/theme/uxicons/xxhdpi/com.oplus.camera/recfg.png 160563-160570
//my_stock/media/theme/uxicons/xxhdpi/com.oplus.games/recbg.png 160571-160575 160576
//my_stock/media/theme/uxicons/xxhdpi/com.oplus.games/recfg.png 160577-160584
//my_stock/media/theme/uxicons/xxhdpi/com.oplus.logkit/recfg.png 160586-160587
//my_stock/media/theme/uxicons/xxhdpi/com.oplus.play/mat.png 160588
//my_stock/media/theme/uxicons/xxhdpi/com.oplus.themestore/mat.png 160591-160593
//my_stock/media/theme/uxicons/xxhdpi/com.oplus.themestore/recbg.png 160595-160600
//my_stock/media/theme/uxicons/xxhdpi/com.oplus.themestore/recfg.png 160601-160604
//my_stock/media/theme/uxicons/xxhdpi/com.oplus.vip/recbg.png 160605-160609
//my_stock/media/theme/uxicons/xxhdpi/com.oplus.vip/recfg.png 160611-160615
//my_stock/media/theme/uxicons/xxhdpi/com.paypal.android.p2pmobile/art_off.png 160617-160623
//my_stock/media/theme/uxicons/xxhdpi/com.paypal.android.p2pmobile/mat.png 160625
//my_stock/media/theme/uxicons/xxhdpi/com.paypal.android.p2pmobile/recbg.png 160626-160633
//my_stock/media/theme/uxicons/xxhdpi/com.paypal.android.p2pmobile/recfg.png 160635
//my_stock/media/theme/uxicons/xxhdpi/com.pinterest/art_off.png 160636-160637
//my_stock/media/theme/uxicons/xxhdpi/com.pinterest/mat.png 160638
//my_stock/media/theme/uxicons/xxhdpi/com.snapchat.android/mat.png 160640
//my_stock/media/theme/uxicons/xxhdpi/com.twitter.android/art_off.png 160643
//my_stock/media/theme/uxicons/xxhdpi/icons-meterial 160645-160647
//my_stock/media/theme/uxicons/xxhdpi/icons-pebble 160648-160651
//my_stock/media/theme/uxicons/xxhdpi/icons-rectangle 160652-160664
//my_stock/media/theme/uxicons/xxhdpi/in.amazon.mShop.android.shopping/mat.png 160665-160667
//my_stock/media/theme/uxicons/xxhdpi/in.amazon.mShop.android.shopping/recbg.png 160669-160672
//my_stock/media/theme/uxicons/xxhdpi/net.oneplus.forums/mat.png 160673-160678
//my_stock/media/theme/uxicons/xxhdpi/net.oneplus.forums/peb.png 160679
//my_stock/media/theme/uxicons/xxhdpi/net.oneplus.forums/recbg.png 160681-160685
//my_stock/media/theme/uxicons/xxhdpi/net.oneplus.forums/recfg.png 160686
//my_stock/media/theme/uxicons/xxhdpi/net.oneplus.weather/mat.png 160688-160692
//my_stock/media/theme/uxicons/xxhdpi/net.oneplus.weather/peb.png 160694
//my_stock/media/theme/uxicons/xxhdpi/net.oneplus.weather/recbg.png 160695-160697
//my_stock/media/theme/uxicons/xxhdpi/net.oneplus.weather/recfg.png 160698-160702
//my_stock/media/theme/uxicons/xxxhdpi/com.airbnb.android/art_off.png 160705-160707
//my_stock/media/theme/uxicons/xxxhdpi/com.airbnb.android/mat.png 160709-160711
//my_stock/media/theme/uxicons/xxxhdpi/com.airbnb.android/recfg.png 160712-160713
//my_stock/media/theme/uxicons/xxxhdpi/com.android.bluetooth/share_blue.png 160714
//my_stock/media/theme/uxicons/xxxhdpi/com.android.contacts/dialer_mat.png 160715
//my_stock/media/theme/uxicons/xxxhdpi/com.android.contacts/dialer_recbg.png 160717-160726
//my_stock/media/theme/uxicons/xxxhdpi/com.android.contacts/dialer_recfg.png 160728-160731
//my_stock/media/theme/uxicons/xxxhdpi/com.android.contacts/mat.png 160733
//my_stock/media/theme/uxicons/xxxhdpi/com.android.contacts/recbg.png 160735-160744
//my_stock/media/theme/uxicons/xxxhdpi/com.android.contacts/recfg.png 160746-160752
//my_stock/media/theme/uxicons/xxxhdpi/com.android.fmradio/mat.png 160755
//my_stock/media/theme/uxicons/xxxhdpi/com.android.fmradio/recfg.png 160756
//my_stock/media/theme/uxicons/xxxhdpi/com.android.mms/recbg.png 160758-160767
//my_stock/media/theme/uxicons/xxxhdpi/com.android.mms/recfg.png 160769-160777
//my_stock/media/theme/uxicons/xxxhdpi/com.android.settings/mat.png 160779-160785
//my_stock/media/theme/uxicons/xxxhdpi/com.android.settings/peb.png 160788
//my_stock/media/theme/uxicons/xxxhdpi/com.android.settings/recbg.png 160790-160795
//my_stock/media/theme/uxicons/xxxhdpi/com.android.settings/recfg.png 160797-160803
//my_stock/media/theme/uxicons/xxxhdpi/com.android.stk/mat.png 160804
//my_stock/media/theme/uxicons/xxxhdpi/com.caf.fmradio/mat.png 160806
//my_stock/media/theme/uxicons/xxxhdpi/com.caf.fmradio/recfg.png 160807
//my_stock/media/theme/uxicons/xxxhdpi/com.ebay.mobile/art_off.png 160808-160809
//my_stock/media/theme/uxicons/xxxhdpi/com.ebay.mobile/mat.png 160810-160811
//my_stock/media/theme/uxicons/xxxhdpi/com.ebay.mobile/recfg.png 160812
//my_stock/media/theme/uxicons/xxxhdpi/com.facebook.katana/art_off.png 160813-160820
//my_stock/media/theme/uxicons/xxxhdpi/com.facebook.katana/mat.png 160821
//my_stock/media/theme/uxicons/xxxhdpi/com.facebook.katana/recbg.png 160823-160824
//my_stock/media/theme/uxicons/xxxhdpi/com.heytap.browser/mat.png 160830-160832
//my_stock/media/theme/uxicons/xxxhdpi/com.heytap.browser/recfg.png 160834-160837
//my_stock/media/theme/uxicons/xxxhdpi/com.heytap.cloud/recbg.png 160840-160844
//my_stock/media/theme/uxicons/xxxhdpi/com.heytap.cloud/recfg.png 160845-160846
//my_stock/media/theme/uxicons/xxxhdpi/com.heytap.market/mat.png 160848-160856
//my_stock/media/theme/uxicons/xxxhdpi/com.heytap.market/peb.png 160857-160858
//my_stock/media/theme/uxicons/xxxhdpi/com.heytap.market/recbg.png 160859-160866
//my_stock/media/theme/uxicons/xxxhdpi/com.heytap.market/recfg.png 160868-160873
//my_stock/media/theme/uxicons/xxxhdpi/com.heytap.music/mat.png 160875
//my_stock/media/theme/uxicons/xxxhdpi/com.heytap.smarthome/recfg.png 160879-160880
//my_stock/media/theme/uxicons/xxxhdpi/com.heytap.speechassist/mat.png 160882-160885
//my_stock/media/theme/uxicons/xxxhdpi/com.heytap.speechassist/recfg.png 160888-160893
//my_stock/media/theme/uxicons/xxxhdpi/com.heytap.themestore/mat.png 160895-160904
//my_stock/media/theme/uxicons/xxxhdpi/com.heytap.themestore/peb.png 160905
//my_stock/media/theme/uxicons/xxxhdpi/com.heytap.themestore/recbg.png 160907-160916
//my_stock/media/theme/uxicons/xxxhdpi/com.instagram.android/art_off.png 160918-160928
//my_stock/media/theme/uxicons/xxxhdpi/com.instagram.android/mat.png 160930-160931
//my_stock/media/theme/uxicons/xxxhdpi/com.instagram.android/recbg.png 160932-160939
//my_stock/media/theme/uxicons/xxxhdpi/com.microsoft.office.outlook/art_off.png 160941-160944
//my_stock/media/theme/uxicons/xxxhdpi/com.microsoft.office.outlook/mat.png 160945
//my_stock/media/theme/uxicons/xxxhdpi/com.microsoft.office.outlook/recfg.png 160947
//my_stock/media/theme/uxicons/xxxhdpi/com.nearme.gamecenter/recbg.png 160949
//my_stock/media/theme/uxicons/xxxhdpi/com.nearme.gamecenter/recfg.png 160950-160951
//my_stock/media/theme/uxicons/xxxhdpi/com.oneplus.backuprestore/mat.png 160953-160964
//my_stock/media/theme/uxicons/xxxhdpi/com.oneplus.backuprestore/peb.png 160965
//my_stock/media/theme/uxicons/xxxhdpi/com.oneplus.backuprestore/recbg.png 160967-160973
//my_stock/media/theme/uxicons/xxxhdpi/com.oneplus.backuprestore/recfg.png 160975-160985
//my_stock/media/theme/uxicons/xxxhdpi/com.oneplus.brickmode/mat.png 160986-160992
//my_stock/media/theme/uxicons/xxxhdpi/com.oneplus.brickmode/peb.png 160995-160996
//my_stock/media/theme/uxicons/xxxhdpi/com.oneplus.brickmode/recbg.png 160997-161003
//my_stock/media/theme/uxicons/xxxhdpi/com.oneplus.brickmode/recfg.png 161004-161008
//my_stock/media/theme/uxicons/xxxhdpi/com.oneplus.calculator/mat.png 161010-161015
//my_stock/media/theme/uxicons/xxxhdpi/com.oneplus.calculator/peb.png 161017
//my_stock/media/theme/uxicons/xxxhdpi/com.oneplus.calculator/recbg.png 161018-161025
//my_stock/media/theme/uxicons/xxxhdpi/com.oneplus.calculator/recfg.png 161027
//my_stock/media/theme/uxicons/xxxhdpi/com.oneplus.camera/mat.png 161028-161037
//my_stock/media/theme/uxicons/xxxhdpi/com.oneplus.camera/peb.png 161039-161040
//my_stock/media/theme/uxicons/xxxhdpi/com.oneplus.camera/recbg.png 161041-161047
//my_stock/media/theme/uxicons/xxxhdpi/com.oneplus.camera/recfg.png 161048-161058 161059
//my_stock/media/theme/uxicons/xxxhdpi/com.oneplus.deskclock/mat.png 161060-161066
//my_stock/media/theme/uxicons/xxxhdpi/com.oneplus.deskclock/peb.png 161067
//my_stock/media/theme/uxicons/xxxhdpi/com.oneplus.deskclock/recbg.png 161069-161076
//my_stock/media/theme/uxicons/xxxhdpi/com.oneplus.deskclock/recfg.png 161077-161078
//my_stock/media/theme/uxicons/xxxhdpi/com.oneplus.filemanager/mat.png 161080-161086
//my_stock/media/theme/uxicons/xxxhdpi/com.oneplus.filemanager/monochrome.png 161088-161089
//my_stock/media/theme/uxicons/xxxhdpi/com.oneplus.filemanager/peb.png 161091
//my_stock/media/theme/uxicons/xxxhdpi/com.oneplus.filemanager/recbg.png 161092-161097 161098
//my_stock/media/theme/uxicons/xxxhdpi/com.oneplus.gallery/mat.png 161099-161107
//my_stock/media/theme/uxicons/xxxhdpi/com.oneplus.gallery/peb.png 161108
//my_stock/media/theme/uxicons/xxxhdpi/com.oneplus.gallery/recbg.png 161109-161116
//my_stock/media/theme/uxicons/xxxhdpi/com.oneplus.mms/recbg.png 161121-161130
//my_stock/media/theme/uxicons/xxxhdpi/com.oneplus.mms/recfg.png 161132-161140
//my_stock/media/theme/uxicons/xxxhdpi/com.oneplus.note/mat.png 161142-161149
//my_stock/media/theme/uxicons/xxxhdpi/com.oneplus.note/peb.png 161151
//my_stock/media/theme/uxicons/xxxhdpi/com.oneplus.note/recbg.png 161152-161158
//my_stock/media/theme/uxicons/xxxhdpi/com.oneplus.note/recfg.png 161160-161163
//my_stock/media/theme/uxicons/xxxhdpi/com.oneplus.soundrecorder/mat.png 161165-161173
//my_stock/media/theme/uxicons/xxxhdpi/com.oneplus.soundrecorder/peb.png 161174
//my_stock/media/theme/uxicons/xxxhdpi/com.oneplus.soundrecorder/recbg.png 161175-161179
//my_stock/media/theme/uxicons/xxxhdpi/com.oplus.camera/mat.png 161183
//my_stock/media/theme/uxicons/xxxhdpi/com.oplus.camera/recbg.png 161185-161193
//my_stock/media/theme/uxicons/xxxhdpi/com.oplus.camera/recfg.png 161194-161205
//my_stock/media/theme/uxicons/xxxhdpi/com.oplus.games/recbg.png 161207-161216
//my_stock/media/theme/uxicons/xxxhdpi/com.oplus.games/recfg.png 161218-161231
//my_stock/media/theme/uxicons/xxxhdpi/com.oplus.logkit/recfg.png 161232-161234
//my_stock/media/theme/uxicons/xxxhdpi/com.oplus.play/mat.png 161236
//my_stock/media/theme/uxicons/xxxhdpi/com.oplus.play/recfg.png 161239
//my_stock/media/theme/uxicons/xxxhdpi/com.oplus.themestore/mat.png 161240-161243
//my_stock/media/theme/uxicons/xxxhdpi/com.oplus.themestore/recbg.png 161245-161254
//my_stock/media/theme/uxicons/xxxhdpi/com.oplus.themestore/recfg.png 161256-161261
//my_stock/media/theme/uxicons/xxxhdpi/com.oplus.vip/recbg.png 161263-161272
//my_stock/media/theme/uxicons/xxxhdpi/com.oplus.vip/recfg.png 161273-161282
//my_stock/media/theme/uxicons/xxxhdpi/com.paypal.android.p2pmobile/art_off.png 161283-161289
//my_stock/media/theme/uxicons/xxxhdpi/com.paypal.android.p2pmobile/mat.png 161290
//my_stock/media/theme/uxicons/xxxhdpi/com.paypal.android.p2pmobile/recbg.png 161291-161298
//my_stock/media/theme/uxicons/xxxhdpi/com.paypal.android.p2pmobile/recfg.png 161300
//my_stock/media/theme/uxicons/xxxhdpi/com.pinterest/art_off.png 161301-161303
//my_stock/media/theme/uxicons/xxxhdpi/com.pinterest/mat.png 161304
//my_stock/media/theme/uxicons/xxxhdpi/com.snapchat.android/mat.png 161307
//my_stock/media/theme/uxicons/xxxhdpi/com.twitter.android/art_off.png 161311
//my_stock/media/theme/uxicons/xxxhdpi/icons-meterial 161315-161317
//my_stock/media/theme/uxicons/xxxhdpi/icons-pebble 161318-161321
//my_stock/media/theme/uxicons/xxxhdpi/icons-rectangle 161322-161339
//my_stock/media/theme/uxicons/xxxhdpi/in.amazon.mShop.android.shopping/mat.png 161340-161344
//my_stock/media/theme/uxicons/xxxhdpi/in.amazon.mShop.android.shopping/recbg.png 161345-161351
//my_stock/media/theme/uxicons/xxxhdpi/net.oneplus.forums/mat.png 161353-161361
//my_stock/media/theme/uxicons/xxxhdpi/net.oneplus.forums/peb.png 161363
//my_stock/media/theme/uxicons/xxxhdpi/net.oneplus.forums/recbg.png 161365-161373
//my_stock/media/theme/uxicons/xxxhdpi/net.oneplus.forums/recfg.png 161375-161376
//my_stock/media/theme/uxicons/xxxhdpi/net.oneplus.weather/mat.png 161378-161385
//my_stock/media/theme/uxicons/xxxhdpi/net.oneplus.weather/peb.png 161387
//my_stock/media/theme/uxicons/xxxhdpi/net.oneplus.weather/recbg.png 161389-161393
//my_stock/media/theme/uxicons/xxxhdpi/net.oneplus.weather/recfg.png 161394-161402
//my_stock/plugin/GamePerformanceOpt/GamePerformanceOpt.apk 161403-161504
//my_stock/priv-app/AccessoryFramework/AccessoryFramework.apk 161505-163921
//my_stock/priv-app/AccessoryFramework/oat/arm/AccessoryFramework.vdex 163925-163962
//my_stock/priv-app/AccessoryFramework/oat/arm64/AccessoryFramework.vdex 163963-164000
//my_stock/priv-app/ColorfulEngine/ColorfulEngine.apk 164001-165958
//my_stock/priv-app/ColorfulEngine/oat/arm/ColorfulEngine.vdex 165961-165976
//my_stock/priv-app/ColorfulEngine/oat/arm64/ColorfulEngine.vdex 165977-165992
//my_stock/priv-app/DCS/DCS.apk 165993-166256
//my_stock/priv-app/DCS/oat/arm64/DCS.vdex 166257-166263
//my_stock/priv-app/HeyCast/HeyCast.apk 166264-168544
//my_stock/priv-app/HeyCast/oat/arm64/HeyCast.vdex 168547-168571
//my_stock/priv-app/HeySynergy/HeySynergy.apk 168572-169273
//my_stock/priv-app/HeySynergy/oat/arm64/HeySynergy.vdex 169274-169285
//my_stock/priv-app/KeKeUserCenter/KeKeUserCenter.apk 169286-183154
//my_stock/priv-app/KeKeUserCenter/lib/arm64/libcrypter-lib.so 183167-183193
//my_stock/priv-app/KeKeUserCenter/lib/arm64/libffmpeg.so 183194-185086
//my_stock/priv-app/KeKeUserCenter/lib/arm64/libffmpegJNI.so 185089-185190
//my_stock/priv-app/KeKeUserCenter/lib/arm64/libmarsxlog.so 185191-185221
//my_stock/priv-app/KeKeUserCenter/lib/arm64/libopluslog.so 185222-185230
//my_stock/priv-app/KeKeUserCenter/lib/arm64/librtmp-jni.so 185231-185244
//my_stock/priv-app/KeKeUserCenter/lib/arm64/libstlport_shared.so 185245-185309
//my_stock/priv-app/KeKeUserCenter/oat/arm64/KeKeUserCenter.vdex 185310-185384
//my_stock/priv-app/MDSService/MDSService.apk 185385-186305
//my_stock/priv-app/MDSService/oat/arm64/MDSService.vdex 186307-186318
//my_stock/priv-app/ONet/ONet.apk 186319-187294
//my_stock/priv-app/ONet/oat/arm64/ONet.vdex 187296-187309
//my_stock/priv-app/OPSynergy/OPSynergy.apk 187310-190162
//my_stock/priv-app/OPSynergy/oat/arm64/OPSynergy.vdex 190166-190206
//my_stock/priv-app/Omacp/Omacp.apk 190207-191204
//my_stock/priv-app/Omacp/oat/arm64/Omacp.vdex 191206-191218
//my_stock/priv-app/OplusBootReg/OplusBootReg.apk 191219-195398
//my_stock/priv-app/OplusBootReg/oat/arm64/OplusBootReg.vdex 195404-195438
//my_stock/priv-app/OplusScreenRecorder/OplusScreenRecorder.apk 195439-196922
//my_stock/priv-app/OplusScreenRecorder/oat/arm64/OplusScreenRecorder.vdex 196925-196944
//my_stock/priv-app/PlayAutoInstallConfig/PlayAutoInstallConfig.apk 196945
//my_stock/priv-app/SOSHelper/SOSHelper.apk 196946-198967
//my_stock/priv-app/SOSHelper/oat/arm64/SOSHelper.vdex 198970-198991
//my_stock/priv-app/Screenshot/Screenshot.apk 198992-202908
//my_stock/priv-app/Screenshot/oat/arm64/Screenshot.vdex 202912-202943
