//odm/bin/adsp_ssr_test 1-2
//odm/bin/bspFwUpdate 3-6
//odm/bin/hw/android.hardware.drm@1.3-service.widevine 9-10
//odm/bin/hw/subsys_daemon 11-31
//odm/bin/hw/vendor-oplus-hardware-engineer@1.0-service 32-55
//odm/bin/hw/vendor-oplus-hardware-transfer@1.0-service 56-58
//odm/bin/hw/vendor-oplus-hardware-transmessage@1.0-service 59-62
//odm/bin/hw/vendor.dolby_v3_6.hardware.dms360@2.0-service 63
//odm/bin/hw/vendor.nxp.hardware.nfc@1.2-service 64-67
//odm/bin/hw/vendor.oneplus.faceunlock.hal@1.0-service 68-71
//odm/bin/hw/vendor.oplus.hardware.biometrics.face@1.0-service 72-105
//odm/bin/hw/vendor.oplus.hardware.biometrics.fingerprint@2.1-service 106-119
//odm/bin/hw/vendor.oplus.hardware.biometrics.fingerprintpay@1.0-service 120-122
//odm/bin/hw/vendor.oplus.hardware.cammidasservice@1.0-service 123-126
//odm/bin/hw/vendor.oplus.hardware.charger@1.0-service 127-148
//odm/bin/hw/vendor.oplus.hardware.cryptoeng@1.0-service 149-157
//odm/bin/hw/vendor.oplus.hardware.displaypanelfeature@1.0-service 158-166
//odm/bin/hw/vendor.oplus.hardware.engcamera@1.0-service 167
//odm/bin/hw/vendor.oplus.hardware.felica@1.0-service 168-170
//odm/bin/hw/vendor.oplus.hardware.gameopt@1.0-service 171-256
//odm/bin/hw/vendor.oplus.hardware.lmvibrator@1.0-service 257-262
//odm/bin/hw/vendor.oplus.hardware.midas@1.0-service 263-265
//odm/bin/hw/vendor.oplus.hardware.misc@1.0-service 266-268
//odm/bin/hw/vendor.oplus.hardware.mmdisplayfeature@1.0-service 269-271
//odm/bin/hw/vendor.oplus.hardware.nfc@1.0-service 272-282
//odm/bin/hw/vendor.oplus.hardware.olc@2.0-service 284-287
//odm/bin/hw/vendor.oplus.hardware.oplusSensor@1.0-service 288-311
//odm/bin/hw/vendor.oplus.hardware.orms.ormsHalService@1.0-service 312-317
//odm/bin/hw/vendor.oplus.hardware.performance@1.0-service 318-341
//odm/bin/hw/vendor.oplus.hardware.power.powermonitor@1.0-service 342-345
//odm/bin/hw/vendor.oplus.hardware.rpmh@2.0-service 346-351
//odm/bin/hw/vendor.oplus.hardware.stability.oplus_project@1.0-service 352-359
//odm/bin/hw/vendor.oplus.hardware.thermalmntcfg@1.0-service 360-361
//odm/bin/hw/vendor.oplus.hardware.touch@1.0-service 362-364
//odm/bin/hw/vendor.oplus.hardware.vibrator-service 365-372
//odm/bin/hw/vendor.oplus.hardware.wifi@1.1-service 373-411
//odm/bin/hw/vendor.pixelworks.hardware.feature.irisfeature-service 412-413
//odm/bin/hw/vendor.qti.esepowermanager@1.1-service 414-415
//odm/bin/hw/vendor.qti.secure_element@1.2-service 416-419
//odm/bin/init.at.class_main.sh 420
//odm/bin/init.at.post_boot.sh 421-431
//odm/bin/init.oplus.bsp_debug.sh 432-438
//odm/bin/init.oplus.wifi.sh 441-442
//odm/bin/init.vendor.wifi.autochmod.sh 444
//odm/bin/irisConfig 445-453
//odm/bin/iw_odm 454-478
//odm/bin/iwpriv 479-481
//odm/bin/iwpriv_vendor 482-484
//odm/bin/nqnfcinfo 485
//odm/bin/oemnvbkdaemon 486-487
//odm/bin/oldc_vnd 488
//odm/bin/oplus_sensor_fb 489-490
//odm/bin/oplus_sensor_test 491
//odm/bin/oplus_sys_daemon 492-493
//odm/bin/opnscr 494-515
//odm/bin/phio 516-524
//odm/bin/qmi-framework-tests/qmi_master_stats_service 525-526
//odm/bin/self-init 527-530
//odm/bin/tcpdump_vendor 531-720
//odm/bin/tinyplay_ftm 722-723
//odm/bin/vendor.autochmod.sh 724
//odm/bin/vl53l1_daemon_main 725
//odm/bin/vl53l1_iotest 726-727
//odm/bin/vl53l1_reg 728-729
//odm/bin/wifi_diag 730-732
//odm/etc/DxHDCP.cfg 736
//odm/etc/Multimedia_Daemon_List.xml 737-738
//odm/etc/NOTICE.xml.gz 739-744
//odm/etc/aac_richtap.config 745-750
//odm/etc/acdbdata/Bluetooth_cal.acdb 751-757
//odm/etc/acdbdata/General_cal.acdb 758-760
//odm/etc/acdbdata/Global_cal.acdb 761-762
//odm/etc/acdbdata/Handset_cal.acdb 763-812
//odm/etc/acdbdata/Hdmi_cal.acdb 813
//odm/etc/acdbdata/Headset_cal.acdb 814-831
//odm/etc/acdbdata/Speaker_cal.acdb 832-861
//odm/etc/audio_effects.xml 863
//odm/etc/audio_io_policy.conf 864
//odm/etc/audio_platform_info.xml 865-867
//odm/etc/bt/htnv20_ch1.bin 868
//odm/etc/camera/ashdr/ncf_pack.ncf 869-873
//odm/etc/camera/ashdr/ncf_pack_imx471.ncf 874-878
//odm/etc/camera/ashdr/ncf_pack_imx481.ncf 879
//odm/etc/camera/ashdr/ncf_pack_imx586.ncf 880
//odm/etc/camera/darksight/darksight_main.bin 882-3204
//odm/etc/camera/darksight/darksight_ultrawide.bin 3207-5529
//odm/etc/camera/fb_default 5532
//odm/etc/camera/fwk_config.json 5533
//odm/etc/dolby/multimedia_dolby_dax_default.xml 5534-5536
//odm/etc/fstab.at.qcom 5537
//odm/etc/gps.conf 5539-5540
//odm/etc/init/hw/init.at.qcom.rc 5542-5545
//odm/etc/init/hw/init.at.target.rc 5546
//odm/etc/init/init.oppo.reserve.rc 5551
//odm/etc/init/vendor.oplus.hardware.orms.ormsHalService@1.0-service.rc 5557
//odm/etc/irissoft.fw 5577-6064
//odm/etc/izat.conf 6065
//odm/etc/libnfc-nci.conf 6066
//odm/etc/libnfc-nxp-pnscr.conf 6067-6068
//odm/etc/media_profiles_V1_0.xml 6070
//odm/etc/mixer_paths.xml 6071-6076
//odm/etc/nfc/libnfc-mtp-SN100.conf_19065 6079-6082
//odm/etc/nfc/libnfc-mtp-SN100.conf_19066 6083-6086
//odm/etc/nfc/libnfc-mtp-SN100.conf_19161 6087-6090
//odm/etc/nfc/libnfc-mtp-SN100.conf_19361 6091-6094
//odm/etc/nfc/libnfc-mtp-SN100.conf_19361_TW 6095-6098
//odm/etc/nfc/libnfc-mtp-SN100.conf_19362 6099-6102
//odm/etc/nfc/libnfc-mtp-SN100.conf_19362_JP 6103-6106
//odm/etc/nfc/libnfc-mtp-SN100.conf_19705 6107-6110
//odm/etc/nfc/libnfc-mtp-SN100.conf_19795 6111-6114
//odm/etc/nfc/libnfc-mtp-SN100.conf_19805 6115-6117
//odm/etc/nfc/libnfc-mtp-SN100.conf_19811 6118-6120
//odm/etc/nfc/libnfc-mtp-SN100.conf_19821 6121-6124
//odm/etc/nfc/libnfc-mtp-SN100.conf_19855 6125-6127
//odm/etc/nfc/libnfc-mtp-SN100.conf_20061 6128-6131
//odm/etc/nfc/libnfc-mtp-SN100.conf_20062 6132-6135
//odm/etc/nfc/libnfc-mtp-SN100.conf_20135 6136-6139
//odm/etc/nfc/libnfc-mtp-SN100.conf_20139 6140-6143
//odm/etc/nfc/libnfc-mtp-SN100.conf_20161 6144-6147
//odm/etc/nfc/libnfc-mtp-SN100.conf_20235 6148-6151
//odm/etc/nfc/libnfc-mtp-SN100.conf_20351 6152-6155
//odm/etc/nfc/libnfc-mtp-SN100.conf_20352 6156-6159
//odm/etc/nfc/libnfc-mtp-SN100.conf_20607 6160-6163
//odm/etc/nfc/libnfc-mtp-SN100.conf_20809 6164-6166
//odm/etc/nfc/libnfc-mtp-SN100.conf_20828 6167-6170
//odm/etc/nfc/libnfc-mtp-SN100.conf_21615 6171-6174
//odm/etc/nfc/libnfc-mtp-SN100.conf_21619 6175-6178
//odm/etc/nfc/libnfc-mtp-SN100.conf_2169A 6179-6182
//odm/etc/nfc/libnfc-mtp-SN100.conf_2169B 6183-6186
//odm/etc/nfc/libnfc-mtp-SN100.conf_21733 6187-6190
//odm/etc/nfc/libnfc-nci.conf_19065 6191
//odm/etc/nfc/libnfc-nci.conf_19066 6192
//odm/etc/nfc/libnfc-nci.conf_19161 6193
//odm/etc/nfc/libnfc-nci.conf_19361 6194
//odm/etc/nfc/libnfc-nci.conf_19361_TW 6195
//odm/etc/nfc/libnfc-nci.conf_19362 6196
//odm/etc/nfc/libnfc-nci.conf_19362_JP 6197
//odm/etc/nfc/libnfc-nci.conf_19705 6198
//odm/etc/nfc/libnfc-nci.conf_19795 6199
//odm/etc/nfc/libnfc-nci.conf_19805 6200
//odm/etc/nfc/libnfc-nci.conf_19811 6201
//odm/etc/nfc/libnfc-nci.conf_19821 6202
//odm/etc/nfc/libnfc-nci.conf_19855 6203
//odm/etc/nfc/libnfc-nci.conf_20061 6204
//odm/etc/nfc/libnfc-nci.conf_20062 6205
//odm/etc/nfc/libnfc-nci.conf_20135 6206
//odm/etc/nfc/libnfc-nci.conf_20139 6207
//odm/etc/nfc/libnfc-nci.conf_20161 6208
//odm/etc/nfc/libnfc-nci.conf_20235 6209
//odm/etc/nfc/libnfc-nci.conf_20351 6210
//odm/etc/nfc/libnfc-nci.conf_20352 6211
//odm/etc/nfc/libnfc-nci.conf_20607 6212
//odm/etc/nfc/libnfc-nci.conf_20809 6213
//odm/etc/nfc/libnfc-nci.conf_20828 6214
//odm/etc/nfc/libnfc-nci.conf_21615 6215
//odm/etc/nfc/libnfc-nci.conf_21619 6216
//odm/etc/nfc/libnfc-nci.conf_2169A 6217
//odm/etc/nfc/libnfc-nci.conf_2169B 6218
//odm/etc/nfc/libnfc-nci.conf_21733 6219
//odm/etc/nfc/libnfc_accesscard_config.conf_19161 6221
//odm/etc/nfc/libnfc_beijing_config.conf_19795 6232
//odm/etc/nfc/libnfc_beijing_config.conf_19805 6233
//odm/etc/nfc/libnfc_beijing_config.conf_19811 6234
//odm/etc/nfc/libnfc_beijing_config.conf_19821 6235
//odm/etc/nfc/libnfc_beijing_config.conf_20607 6242
//odm/etc/nfc/libnfc_changsha_config.conf_20161 6251
//odm/etc/nfc/libnfc_default_config.conf_19161 6268
//odm/etc/nfc/libnfc_default_config.conf_19705 6269
//odm/etc/nfc/libnfc_default_config.conf_19805 6271
//odm/etc/nfc/libnfc_default_config.conf_19811 6272
//odm/etc/nfc/libnfc_default_config.conf_19821 6273
//odm/etc/nfc/libnfc_default_config.conf_19855 6274
//odm/etc/nfc/libnfc_default_config.conf_20161 6279
//odm/etc/nfc/libnfc_default_config.conf_20809 6282
//odm/etc/nfc/libnfc_suzhou_config.conf_19805 6330
//odm/etc/nfc/libnfc_suzhou_config.conf_19811 6331
//odm/etc/nfc/libnfc_suzhou_config.conf_19821 6332
//odm/etc/nfc/libnfc_xiamen_config.conf_19805 6346
//odm/etc/nfc/libnfc_xiamen_config.conf_19811 6347
//odm/etc/nfc/libnfc_xiamen_config.conf_19821 6348
//odm/etc/nfc/libpn557_fw.so_pn557_fw_01_31_14 6352-6359
//odm/etc/nfc/sn100u.bin_sn100t_fw_01_10_53 6361-6409
//odm/etc/nfc/sn100u.bin_sn100t_fw_01_10_57 6411-6459
//odm/etc/nfc/sn100u.bin_sn100t_fw_01_10_65 6461-6509
//odm/etc/nfc/st21nfc_fw.bin_st21h 6511-6561
//odm/etc/nfc/st21nfc_fw7.bin_st21h 6562-6612
//odm/etc/oplus.fstab 6614
//odm/etc/orms/orms_core_config.xml 6615-6637
//odm/etc/power_profile/power_profile/power_profile.xml 6638-6639
//odm/etc/power_profile/power_profile.xml 6640-6641
//odm/etc/sap.conf 6642
//odm/etc/selinux/precompiled_sepolicy 6643-6796
//odm/etc/selinux/precompiled_sepolicy_debug 6797-6953
//odm/etc/sensor/config/kona_qrd_ak991x_0.json 6955
//odm/etc/sensor/config/kona_qrd_bmi26x_0.json 6957
//odm/etc/sensor/config/kona_qrd_cct.json 6958
//odm/etc/sensor/config/kona_qrd_cct_rear.json 6959
//odm/etc/sensor/config/kona_qrd_icm4x6xx.json 6960
//odm/etc/sensor/config/kona_qrd_lsm6dso.json 6962
//odm/etc/sensor/config/kona_qrd_mmc56x3x.json 6963
//odm/etc/sensor/config/kona_qrd_sx933x_0.json 6964
//odm/etc/sensor/config/kona_qrd_tcs3408_rear.json 6965
//odm/etc/sn100u_bootup.pnscr 6967
//odm/etc/sn100u_ese_disableIso.pnscr 6968
//odm/etc/sn100u_ese_disableIsoRead.pnscr 6969
//odm/etc/sn100u_pnx_ese_aclog.pnscr 6973
//odm/etc/sn100u_pnx_ese_cplc.pnscr 6974
//odm/etc/sn100u_pnx_ese_fabkey.pnscr 6975
//odm/etc/sn100u_pnx_ese_free.pnscr 6976
//odm/etc/sn100u_pnx_ese_keyset.pnscr 6977
//odm/etc/sn100u_pnx_ese_sn.pnscr 6978
//odm/etc/sound_trigger_mixer_paths.xml 6979
//odm/etc/sound_trigger_platform_info.xml 6980-6981
//odm/etc/temperature_profile/sys_thermal_control_config.xml 6983-6984
//odm/etc/vintf/telephony_manifest_dsds.xml 6987
//odm/etc/vintf/telephony_manifest_ssss.xml 6988
//odm/etc/wfdconfig.xml 6989-6990
//odm/etc/wifi/bdwlan.elf 6991-6993
//odm/firmware/180ms_RTP.bin 7010
//odm/firmware/200ms_RTP.bin 7011
//odm/firmware/220ms_RTP.bin 7012
//odm/firmware/240ms_RTP.bin 7013
//odm/firmware/260ms_RTP.bin 7014
//odm/firmware/280ms_RTP.bin 7015
//odm/firmware/300ms_RTP.bin 7016
//odm/firmware/320ms_RTP.bin 7017
//odm/firmware/340ms_RTP.bin 7018
//odm/firmware/360ms_RTP.bin 7019
//odm/firmware/380ms_RTP.bin 7020
//odm/firmware/400ms_RTP.bin 7021
//odm/firmware/420ms_RTP.bin 7022
//odm/firmware/440ms_RTP.bin 7023
//odm/firmware/460ms_RTP.bin 7024
//odm/firmware/480ms_RTP.bin 7025
//odm/firmware/500ms_RTP.bin 7026
//odm/firmware/ALCloudscape_170HZ.bin 7027-7034
//odm/firmware/ALGoodenergy_170HZ.bin 7035-7040
//odm/firmware/AT500ms_RTP.bin 7041
//odm/firmware/Audition_RTP.bin 7042
//odm/firmware/Chase_RTP.bin 7043-7047
//odm/firmware/Climber_RTP.bin 7048-7051
//odm/firmware/In_game_alarm_RTP.bin 7052-7054
//odm/firmware/In_game_ringtone_RTP.bin 7055-7058
//odm/firmware/In_game_sms_RTP.bin 7059
//odm/firmware/NTblink_170HZ.bin 7060
//odm/firmware/NTwhoop_170HZ.bin 7061
//odm/firmware/Newfeeling_170HZ.bin 7062-7064
//odm/firmware/Rock_RTP.bin 7065-7070
//odm/firmware/VZW_Alrwave_RTP.bin 7071-7076
//odm/firmware/Version_Alert_RTP.bin 7077
//odm/firmware/Wake_up_samurai_RTP.bin 7078-7083
//odm/firmware/agingtest_160hz_RTP.bin 7084
//odm/firmware/agingtest_162hz_RTP.bin 7085
//odm/firmware/agingtest_164hz_RTP.bin 7086
//odm/firmware/agingtest_166hz_RTP.bin 7087
//odm/firmware/agingtest_168hz_RTP.bin 7088
//odm/firmware/agingtest_170hz_RTP.bin 7089
//odm/firmware/agingtest_172hz_RTP.bin 7090
//odm/firmware/agingtest_174hz_RTP.bin 7091
//odm/firmware/agingtest_176hz_RTP.bin 7092
//odm/firmware/agingtest_178hz_RTP.bin 7093
//odm/firmware/agingtest_180hz_RTP.bin 7094
//odm/firmware/alarm_Alarm_clock_RTP.bin 7095
//odm/firmware/alarm_Beep_RTP.bin 7096
//odm/firmware/alarm_Breeze_RTP.bin 7097-7100
//odm/firmware/alarm_Dawn_RTP.bin 7101-7104
//odm/firmware/alarm_Dream_RTP.bin 7105-7109
//odm/firmware/alarm_Fluttering_RTP.bin 7110-7114
//odm/firmware/alarm_Flyer_RTP.bin 7115-7117
//odm/firmware/alarm_Interesting_RTP.bin 7118-7119
//odm/firmware/alarm_Leisurely_RTP.bin 7120-7122
//odm/firmware/alarm_Memory_RTP.bin 7123-7125
//odm/firmware/alarm_Relieved_RTP.bin 7126-7128
//odm/firmware/alarm_Ripple_RTP.bin 7129
//odm/firmware/alarm_Slowly_RTP.bin 7130-7134
//odm/firmware/alarm_Stars_RTP.bin 7135-7137
//odm/firmware/alarm_Surging_RTP.bin 7138-7139
//odm/firmware/alarm_The_wind_RTP.bin 7140-7141
//odm/firmware/alarm_Walking_in_the_rain_RTP.bin 7142-7144
//odm/firmware/alarm_spring_RTP.bin 7145-7148
//odm/firmware/alarm_tactfully_RTP.bin 7149-7152
//odm/firmware/aw8697_About_School_RTP_17.bin 7153-7154
//odm/firmware/aw8697_About_School_RTP_17_165Hz.bin 7155-7156
//odm/firmware/aw8697_About_School_RTP_17_175Hz.bin 7157-7158
//odm/firmware/aw8697_About_School_RTP_17_226Hz.bin 7159-7165
//odm/firmware/aw8697_About_School_RTP_17_230Hz.bin 7166-7171
//odm/firmware/aw8697_About_School_RTP_17_234Hz.bin 7172-7178
//odm/firmware/aw8697_About_School_RTP_17_237Hz.bin 7179
//odm/firmware/aw8697_Airy_morning_RTP_70.bin 7180-7181
//odm/firmware/aw8697_Airy_morning_RTP_70_165Hz.bin 7182-7187
//odm/firmware/aw8697_Airy_morning_RTP_70_175Hz.bin 7188-7194
//odm/firmware/aw8697_Airy_morning_RTP_70_226Hz.bin 7195-7217
//odm/firmware/aw8697_Airy_morning_RTP_70_230Hz.bin 7218-7229
//odm/firmware/aw8697_Airy_morning_RTP_70_234Hz.bin 7230-7252
//odm/firmware/aw8697_Airy_morning_RTP_70_237Hz.bin 7253-7275
//odm/firmware/aw8697_Appear_channel_RTP_oplusos7_123.bin 7276
//odm/firmware/aw8697_Appear_channel_RTP_oplusos7_123_165Hz.bin 7277
//odm/firmware/aw8697_Appear_channel_RTP_oplusos7_123_175Hz.bin 7278
//odm/firmware/aw8697_Appear_channel_RTP_oplusos7_123_226Hz.bin 7279
//odm/firmware/aw8697_Appear_channel_RTP_oplusos7_123_230Hz.bin 7280
//odm/firmware/aw8697_Appear_channel_RTP_oplusos7_123_234Hz.bin 7281
//odm/firmware/aw8697_Appear_channel_RTP_oplusos7_123_237Hz.bin 7282
//odm/firmware/aw8697_Artist_Alarm_RTP_153_226Hz.bin 7283-7290
//odm/firmware/aw8697_Artist_Alarm_RTP_153_230Hz.bin 7291-7306
//odm/firmware/aw8697_Artist_Alarm_RTP_153_234Hz.bin 7307-7315
//odm/firmware/aw8697_Artist_Alarm_RTP_153_237Hz.bin 7316-7324
//odm/firmware/aw8697_Artist_Notification_RTP_150_226Hz.bin 7325
//odm/firmware/aw8697_Artist_Notification_RTP_150_230Hz.bin 7326
//odm/firmware/aw8697_Artist_Notification_RTP_150_234Hz.bin 7327
//odm/firmware/aw8697_Artist_Notification_RTP_150_237Hz.bin 7328
//odm/firmware/aw8697_Artist_Ringtong_RTP_151_226Hz.bin 7329-7345
//odm/firmware/aw8697_Artist_Ringtong_RTP_151_230Hz.bin 7346-7359
//odm/firmware/aw8697_Artist_Ringtong_RTP_151_234Hz.bin 7360-7376
//odm/firmware/aw8697_Artist_Ringtong_RTP_151_237Hz.bin 7377-7392
//odm/firmware/aw8697_Artist_Text_RTP_152_226Hz.bin 7393
//odm/firmware/aw8697_Artist_Text_RTP_152_230Hz.bin 7394
//odm/firmware/aw8697_Artist_Text_RTP_152_234Hz.bin 7395
//odm/firmware/aw8697_Artist_Text_RTP_152_237Hz.bin 7396
//odm/firmware/aw8697_Bliss_RTP_oplusos7_138.bin 7397-7401
//odm/firmware/aw8697_Bliss_RTP_oplusos7_138_165Hz.bin 7402-7405
//odm/firmware/aw8697_Bliss_RTP_oplusos7_138_175Hz.bin 7406-7409
//odm/firmware/aw8697_Bliss_RTP_oplusos7_138_226Hz.bin 7410-7419
//odm/firmware/aw8697_Bliss_RTP_oplusos7_138_230Hz.bin 7420-7428
//odm/firmware/aw8697_Bliss_RTP_oplusos7_138_234Hz.bin 7429-7438
//odm/firmware/aw8697_Bliss_RTP_oplusos7_138_237Hz.bin 7439-7460
//odm/firmware/aw8697_Bright_channel_RTP_oplusos7_128.bin 7461
//odm/firmware/aw8697_Bright_channel_RTP_oplusos7_128_165Hz.bin 7462
//odm/firmware/aw8697_Bright_channel_RTP_oplusos7_128_175Hz.bin 7463
//odm/firmware/aw8697_Bright_channel_RTP_oplusos7_128_226Hz.bin 7464
//odm/firmware/aw8697_Bright_channel_RTP_oplusos7_128_230Hz.bin 7465
//odm/firmware/aw8697_Bright_channel_RTP_oplusos7_128_234Hz.bin 7466
//odm/firmware/aw8697_Bright_channel_RTP_oplusos7_128_237Hz.bin 7467
//odm/firmware/aw8697_Childhood_RTP_19.bin 7468-7472
//odm/firmware/aw8697_Childhood_RTP_19_165Hz.bin 7473-7476
//odm/firmware/aw8697_Childhood_RTP_19_175Hz.bin 7477-7480
//odm/firmware/aw8697_Childhood_RTP_19_226Hz.bin 7481-7493
//odm/firmware/aw8697_Childhood_RTP_19_230Hz.bin 7494-7508
//odm/firmware/aw8697_Childhood_RTP_19_234Hz.bin 7509-7521
//odm/firmware/aw8697_Childhood_RTP_19_237Hz.bin 7522-7535
//odm/firmware/aw8697_Classical_ring_RTP_oplusos7_135.bin 7536-7537
//odm/firmware/aw8697_Classical_ring_RTP_oplusos7_135_165Hz.bin 7538-7539
//odm/firmware/aw8697_Classical_ring_RTP_oplusos7_135_175Hz.bin 7540-7541
//odm/firmware/aw8697_Classical_ring_RTP_oplusos7_135_226Hz.bin 7542-7544
//odm/firmware/aw8697_Classical_ring_RTP_oplusos7_135_230Hz.bin 7545-7547
//odm/firmware/aw8697_Classical_ring_RTP_oplusos7_135_234Hz.bin 7548-7550
//odm/firmware/aw8697_Classical_ring_RTP_oplusos7_135_237Hz.bin 7551-7552
//odm/firmware/aw8697_Commuting_RTP_20.bin 7553-7558
//odm/firmware/aw8697_Commuting_RTP_20_165Hz.bin 7559-7564
//odm/firmware/aw8697_Commuting_RTP_20_175Hz.bin 7565-7570
//odm/firmware/aw8697_Commuting_RTP_20_226Hz.bin 7571-7584
//odm/firmware/aw8697_Commuting_RTP_20_230Hz.bin 7585-7599
//odm/firmware/aw8697_Commuting_RTP_20_234Hz.bin 7600-7614
//odm/firmware/aw8697_Commuting_RTP_20_237Hz.bin 7615-7631
//odm/firmware/aw8697_Digi_rise_RTP_81.bin 7632
//odm/firmware/aw8697_Digi_rise_RTP_81_165Hz.bin 7633
//odm/firmware/aw8697_Digi_rise_RTP_81_175Hz.bin 7634
//odm/firmware/aw8697_Digi_rise_RTP_81_226Hz.bin 7635
//odm/firmware/aw8697_Digi_rise_RTP_81_230Hz.bin 7636
//odm/firmware/aw8697_Digi_rise_RTP_81_234Hz.bin 7637
//odm/firmware/aw8697_Digi_rise_RTP_81_237Hz.bin 7638
//odm/firmware/aw8697_Dream_RTP_oplusos7_139.bin 7639-7643
//odm/firmware/aw8697_Dream_RTP_oplusos7_139_165Hz.bin 7644-7646
//odm/firmware/aw8697_Dream_RTP_oplusos7_139_175Hz.bin 7647-7650
//odm/firmware/aw8697_Dream_RTP_oplusos7_139_226Hz.bin 7651-7667
//odm/firmware/aw8697_Dream_RTP_oplusos7_139_230Hz.bin 7668-7680
//odm/firmware/aw8697_Dream_RTP_oplusos7_139_234Hz.bin 7681-7693
//odm/firmware/aw8697_Dream_RTP_oplusos7_139_237Hz.bin 7694-7706
//odm/firmware/aw8697_Electro_club_RTP_73.bin 7707-7708
//odm/firmware/aw8697_Electro_club_RTP_73_165Hz.bin 7709-7715
//odm/firmware/aw8697_Electro_club_RTP_73_175Hz.bin 7716-7722
//odm/firmware/aw8697_Electro_club_RTP_73_226Hz.bin 7723-7740
//odm/firmware/aw8697_Electro_club_RTP_73_230Hz.bin 7741-7748
//odm/firmware/aw8697_Electro_club_RTP_73_234Hz.bin 7749-7766
//odm/firmware/aw8697_Firefly_RTP_22.bin 7767
//odm/firmware/aw8697_Firefly_RTP_22_165Hz.bin 7768
//odm/firmware/aw8697_Firefly_RTP_22_175Hz.bin 7769
//odm/firmware/aw8697_Firefly_RTP_22_226Hz.bin 7770-7777
//odm/firmware/aw8697_Firefly_RTP_22_230Hz.bin 7778-7787
//odm/firmware/aw8697_Firefly_RTP_22_234Hz.bin 7788-7796
//odm/firmware/aw8697_Firefly_RTP_22_237Hz.bin 7797-7805
//odm/firmware/aw8697_Fun_channel_RTP_oplusos7_129.bin 7806
//odm/firmware/aw8697_Fun_channel_RTP_oplusos7_129_165Hz.bin 7807
//odm/firmware/aw8697_Fun_channel_RTP_oplusos7_129_175Hz.bin 7808
//odm/firmware/aw8697_Fun_channel_RTP_oplusos7_129_226Hz.bin 7809
//odm/firmware/aw8697_Fun_channel_RTP_oplusos7_129_230Hz.bin 7810
//odm/firmware/aw8697_Fun_channel_RTP_oplusos7_129_234Hz.bin 7811
//odm/firmware/aw8697_Fun_channel_RTP_oplusos7_129_237Hz.bin 7812
//odm/firmware/aw8697_Gaze_RTP_24.bin 7813-7814
//odm/firmware/aw8697_Gaze_RTP_24_165Hz.bin 7815-7816
//odm/firmware/aw8697_Gaze_RTP_24_175Hz.bin 7817-7818
//odm/firmware/aw8697_Gaze_RTP_24_226Hz.bin 7819-7827
//odm/firmware/aw8697_Gaze_RTP_24_230Hz.bin 7828-7835
//odm/firmware/aw8697_Gaze_RTP_24_234Hz.bin 7836-7844
//odm/firmware/aw8697_Gaze_RTP_24_237Hz.bin 7845-7853
//odm/firmware/aw8697_Glittering_channel_RTP_oplusos7_130.bin 7854
//odm/firmware/aw8697_Glittering_channel_RTP_oplusos7_130_165Hz.bin 7855
//odm/firmware/aw8697_Glittering_channel_RTP_oplusos7_130_175Hz.bin 7856
//odm/firmware/aw8697_Glittering_channel_RTP_oplusos7_130_226Hz.bin 7857
//odm/firmware/aw8697_Glittering_channel_RTP_oplusos7_130_230Hz.bin 7858
//odm/firmware/aw8697_Glittering_channel_RTP_oplusos7_130_234Hz.bin 7859
//odm/firmware/aw8697_Glittering_channel_RTP_oplusos7_130_237Hz.bin 7860
//odm/firmware/aw8697_Granules_channel_RTP_9.bin 7861
//odm/firmware/aw8697_Granules_channel_RTP_9_165Hz.bin 7862
//odm/firmware/aw8697_Granules_channel_RTP_9_175Hz.bin 7863
//odm/firmware/aw8697_Granules_channel_RTP_9_226Hz.bin 7864-7865
//odm/firmware/aw8697_Granules_channel_RTP_9_230Hz.bin 7866-7867
//odm/firmware/aw8697_Granules_channel_RTP_9_234Hz.bin 7868-7869
//odm/firmware/aw8697_Granules_channel_RTP_9_237Hz.bin 7870-7871
//odm/firmware/aw8697_Harp_channel_RTP_oplusos7_131.bin 7872
//odm/firmware/aw8697_Harp_channel_RTP_oplusos7_131_165Hz.bin 7873
//odm/firmware/aw8697_Harp_channel_RTP_oplusos7_131_175Hz.bin 7874
//odm/firmware/aw8697_Harp_channel_RTP_oplusos7_131_226Hz.bin 7875
//odm/firmware/aw8697_Harp_channel_RTP_oplusos7_131_230Hz.bin 7876
//odm/firmware/aw8697_Harp_channel_RTP_oplusos7_131_234Hz.bin 7877
//odm/firmware/aw8697_Harp_channel_RTP_oplusos7_131_237Hz.bin 7878
//odm/firmware/aw8697_Hey_RTP_83.bin 7879
//odm/firmware/aw8697_Hey_RTP_83_165Hz.bin 7880
//odm/firmware/aw8697_Hey_RTP_83_175Hz.bin 7881
//odm/firmware/aw8697_Hey_RTP_83_226Hz.bin 7882-7883
//odm/firmware/aw8697_Hey_RTP_83_230Hz.bin 7884
//odm/firmware/aw8697_Hey_RTP_83_234Hz.bin 7885-7886
//odm/firmware/aw8697_Hey_RTP_83_237Hz.bin 7887-7888
//odm/firmware/aw8697_House_club_RTP_76.bin 7889
//odm/firmware/aw8697_House_club_RTP_76_165Hz.bin 7890-7899
//odm/firmware/aw8697_House_club_RTP_76_175Hz.bin 7900-7908
//odm/firmware/aw8697_House_club_RTP_76_226Hz.bin 7909-7930
//odm/firmware/aw8697_House_club_RTP_76_230Hz.bin 7931-7940
//odm/firmware/aw8697_House_club_RTP_76_234Hz.bin 7941-7962
//odm/firmware/aw8697_House_club_RTP_76_237Hz.bin 7963-7984
//odm/firmware/aw8697_Impression_channel_RTP_11.bin 7985
//odm/firmware/aw8697_Info_RTP_85.bin 7986
//odm/firmware/aw8697_Info_RTP_85_165Hz.bin 7987
//odm/firmware/aw8697_Info_RTP_85_175Hz.bin 7988
//odm/firmware/aw8697_Info_RTP_85_226Hz.bin 7989
//odm/firmware/aw8697_Info_RTP_85_230Hz.bin 7990
//odm/firmware/aw8697_Info_RTP_85_234Hz.bin 7991
//odm/firmware/aw8697_Info_RTP_85_237Hz.bin 7992
//odm/firmware/aw8697_Ingenious_channel_RTP_12.bin 7993
//odm/firmware/aw8697_Ingenious_channel_RTP_12_165Hz.bin 7994
//odm/firmware/aw8697_Ingenious_channel_RTP_12_175Hz.bin 7995
//odm/firmware/aw8697_Ingenious_channel_RTP_12_226Hz.bin 7996
//odm/firmware/aw8697_Ingenious_channel_RTP_12_230Hz.bin 7997
//odm/firmware/aw8697_Ingenious_channel_RTP_12_234Hz.bin 7998
//odm/firmware/aw8697_Ingenious_channel_RTP_12_237Hz.bin 7999
//odm/firmware/aw8697_Instant_channel_RTP_2.bin 8000
//odm/firmware/aw8697_Instant_channel_RTP_2_165Hz.bin 8001
//odm/firmware/aw8697_Instant_channel_RTP_2_175Hz.bin 8002
//odm/firmware/aw8697_Instant_channel_RTP_2_226Hz.bin 8003
//odm/firmware/aw8697_Instant_channel_RTP_2_230Hz.bin 8004
//odm/firmware/aw8697_Instant_channel_RTP_2_234Hz.bin 8005
//odm/firmware/aw8697_Instant_channel_RTP_2_237Hz.bin 8006
//odm/firmware/aw8697_Jazz_dreamy_RTP_78.bin 8007-8008
//odm/firmware/aw8697_Jazz_dreamy_RTP_78_165Hz.bin 8009-8013
//odm/firmware/aw8697_Jazz_dreamy_RTP_78_175Hz.bin 8014-8017
//odm/firmware/aw8697_Jazz_dreamy_RTP_78_226Hz.bin 8018-8034
//odm/firmware/aw8697_Jazz_dreamy_RTP_78_230Hz.bin 8035-8045
//odm/firmware/aw8697_Jazz_dreamy_RTP_78_234Hz.bin 8046-8061
//odm/firmware/aw8697_Jazz_dreamy_RTP_78_237Hz.bin 8062-8078
//odm/firmware/aw8697_Jazz_funk_RTP_75.bin 8079-8080
//odm/firmware/aw8697_Jazz_funk_RTP_75_165Hz.bin 8081-8087
//odm/firmware/aw8697_Jazz_funk_RTP_75_175Hz.bin 8088-8094
//odm/firmware/aw8697_Jazz_funk_RTP_75_226Hz.bin 8095-8109
//odm/firmware/aw8697_Jazz_funk_RTP_75_230Hz.bin 8110-8115
//odm/firmware/aw8697_Jazz_funk_RTP_75_234Hz.bin 8116-8129
//odm/firmware/aw8697_Jazz_funk_RTP_75_237Hz.bin 8130-8143
//odm/firmware/aw8697_Jazz_modern_RTP_79.bin 8144-8145
//odm/firmware/aw8697_Jazz_modern_RTP_79_165Hz.bin 8146-8154
//odm/firmware/aw8697_Jazz_modern_RTP_79_175Hz.bin 8156-8165
//odm/firmware/aw8697_Jazz_modern_RTP_79_226Hz.bin 8166-8192
//odm/firmware/aw8697_Jazz_modern_RTP_79_230Hz.bin 8193-8219
//odm/firmware/aw8697_Jazz_modern_RTP_79_234Hz.bin 8220-8246
//odm/firmware/aw8697_Jazz_modern_RTP_79_237Hz.bin 8247-8273
//odm/firmware/aw8697_Joy_channel_RTP_13.bin 8274
//odm/firmware/aw8697_Joy_channel_RTP_13_165Hz.bin 8275
//odm/firmware/aw8697_Joy_channel_RTP_13_175Hz.bin 8276
//odm/firmware/aw8697_Joy_channel_RTP_13_226Hz.bin 8277
//odm/firmware/aw8697_Joy_channel_RTP_13_230Hz.bin 8278
//odm/firmware/aw8697_Joy_channel_RTP_13_234Hz.bin 8279
//odm/firmware/aw8697_Joy_channel_RTP_13_237Hz.bin 8280
//odm/firmware/aw8697_Joy_channel_RTP_oplusos7_141.bin 8281-8284
//odm/firmware/aw8697_Joy_channel_RTP_oplusos7_141_165Hz.bin 8285-8287
//odm/firmware/aw8697_Joy_channel_RTP_oplusos7_141_175Hz.bin 8288-8290
//odm/firmware/aw8697_Joy_channel_RTP_oplusos7_141_226Hz.bin 8291-8309
//odm/firmware/aw8697_Joy_channel_RTP_oplusos7_141_230Hz.bin 8311-8326
//odm/firmware/aw8697_Joy_channel_RTP_oplusos7_141_234Hz.bin 8327-8342
//odm/firmware/aw8697_Joy_channel_RTP_oplusos7_141_237Hz.bin 8343-8357
//odm/firmware/aw8697_Lakeside_RTP_25.bin 8358
//odm/firmware/aw8697_Lakeside_RTP_25_165Hz.bin 8359
//odm/firmware/aw8697_Lakeside_RTP_25_175Hz.bin 8360
//odm/firmware/aw8697_Lakeside_RTP_25_226Hz.bin 8361-8369
//odm/firmware/aw8697_Lakeside_RTP_25_230Hz.bin 8370-8379
//odm/firmware/aw8697_Lakeside_RTP_25_234Hz.bin 8380-8388
//odm/firmware/aw8697_Lakeside_RTP_25_237Hz.bin 8389-8398
//odm/firmware/aw8697_Lifestyle_RTP_26.bin 8399-8401
//odm/firmware/aw8697_Long_for_RTP_oplusos7_136.bin 8402-8408
//odm/firmware/aw8697_Long_for_RTP_oplusos7_136_165Hz.bin 8409-8414
//odm/firmware/aw8697_Long_for_RTP_oplusos7_136_175Hz.bin 8416-8420
//odm/firmware/aw8697_Long_for_RTP_oplusos7_136_226Hz.bin 8421-8444
//odm/firmware/aw8697_Long_for_RTP_oplusos7_136_230Hz.bin 8445-8471
//odm/firmware/aw8697_Long_for_RTP_oplusos7_136_234Hz.bin 8472-8495
//odm/firmware/aw8697_Long_for_RTP_oplusos7_136_237Hz.bin 8496-8517
//odm/firmware/aw8697_Memories_RTP_27.bin 8518-8521
//odm/firmware/aw8697_Memories_RTP_27_165Hz.bin 8522-8526
//odm/firmware/aw8697_Memories_RTP_27_175Hz.bin 8527-8530
//odm/firmware/aw8697_Memories_RTP_27_226Hz.bin 8531-8546
//odm/firmware/aw8697_Memories_RTP_27_230Hz.bin 8547-8561
//odm/firmware/aw8697_Memories_RTP_27_234Hz.bin 8563-8578
//odm/firmware/aw8697_Memories_RTP_27_237Hz.bin 8579-8593
//odm/firmware/aw8697_Messy_RTP_28.bin 8594-8596
//odm/firmware/aw8697_Messy_RTP_28_165Hz.bin 8597-8599
//odm/firmware/aw8697_Messy_RTP_28_175Hz.bin 8600-8602
//odm/firmware/aw8697_Messy_RTP_28_226Hz.bin 8603-8612
//odm/firmware/aw8697_Messy_RTP_28_230Hz.bin 8613-8621
//odm/firmware/aw8697_Messy_RTP_28_234Hz.bin 8622-8631
//odm/firmware/aw8697_Messy_RTP_28_237Hz.bin 8632-8641
//odm/firmware/aw8697_Miss_RTP_oplusos7_124.bin 8642-8644
//odm/firmware/aw8697_Miss_RTP_oplusos7_124_165Hz.bin 8645-8647
//odm/firmware/aw8697_Miss_RTP_oplusos7_124_175Hz.bin 8648-8650
//odm/firmware/aw8697_Miss_RTP_oplusos7_124_226Hz.bin 8651-8658
//odm/firmware/aw8697_Miss_RTP_oplusos7_124_230Hz.bin 8659-8667
//odm/firmware/aw8697_Miss_RTP_oplusos7_124_234Hz.bin 8669-8676
//odm/firmware/aw8697_Miss_RTP_oplusos7_124_237Hz.bin 8677-8684
//odm/firmware/aw8697_Music_channel_RTP_oplusos7_125.bin 8685
//odm/firmware/aw8697_Music_channel_RTP_oplusos7_125_165Hz.bin 8686
//odm/firmware/aw8697_Music_channel_RTP_oplusos7_125_175Hz.bin 8687
//odm/firmware/aw8697_Music_channel_RTP_oplusos7_125_226Hz.bin 8688
//odm/firmware/aw8697_Music_channel_RTP_oplusos7_125_230Hz.bin 8689
//odm/firmware/aw8697_Music_channel_RTP_oplusos7_125_234Hz.bin 8690
//odm/firmware/aw8697_Music_channel_RTP_oplusos7_125_237Hz.bin 8691
//odm/firmware/aw8697_Night_RTP_29.bin 8692
//odm/firmware/aw8697_Night_RTP_29_165Hz.bin 8693
//odm/firmware/aw8697_Night_RTP_29_175Hz.bin 8694
//odm/firmware/aw8697_Night_RTP_29_226Hz.bin 8695-8700
//odm/firmware/aw8697_Night_RTP_29_230Hz.bin 8701-8706
//odm/firmware/aw8697_Night_RTP_29_234Hz.bin 8707-8712
//odm/firmware/aw8697_Night_RTP_29_237Hz.bin 8713-8717
//odm/firmware/aw8697_Opop_short_RTP_87.bin 8718
//odm/firmware/aw8697_Opop_short_RTP_87_165Hz.bin 8719
//odm/firmware/aw8697_Opop_short_RTP_87_175Hz.bin 8720
//odm/firmware/aw8697_Opop_short_RTP_87_226Hz.bin 8721
//odm/firmware/aw8697_Opop_short_RTP_87_230Hz.bin 8722
//odm/firmware/aw8697_Opop_short_RTP_87_234Hz.bin 8723
//odm/firmware/aw8697_Opop_short_RTP_87_237Hz.bin 8724
//odm/firmware/aw8697_Overtone_channel_RTP_oplusos7_132.bin 8725
//odm/firmware/aw8697_Overtone_channel_RTP_oplusos7_132_165Hz.bin 8726
//odm/firmware/aw8697_Overtone_channel_RTP_oplusos7_132_175Hz.bin 8727
//odm/firmware/aw8697_Overtone_channel_RTP_oplusos7_132_226Hz.bin 8728
//odm/firmware/aw8697_Overtone_channel_RTP_oplusos7_132_230Hz.bin 8729
//odm/firmware/aw8697_Overtone_channel_RTP_oplusos7_132_234Hz.bin 8730
//odm/firmware/aw8697_Overtone_channel_RTP_oplusos7_132_237Hz.bin 8731
//odm/firmware/aw8697_Passionate_Dance_RTP_30.bin 8732-8733
//odm/firmware/aw8697_Passionate_Dance_RTP_30_165Hz.bin 8734-8735
//odm/firmware/aw8697_Passionate_Dance_RTP_30_175Hz.bin 8737-8738
//odm/firmware/aw8697_Passionate_Dance_RTP_30_226Hz.bin 8739-8751
//odm/firmware/aw8697_Passionate_Dance_RTP_30_230Hz.bin 8752-8766
//odm/firmware/aw8697_Passionate_Dance_RTP_30_234Hz.bin 8767-8778
//odm/firmware/aw8697_Passionate_Dance_RTP_30_237Hz.bin 8779-8792
//odm/firmware/aw8697_Percussion_channel_RTP_oplusos7_126.bin 8793
//odm/firmware/aw8697_Percussion_channel_RTP_oplusos7_126_165Hz.bin 8794
//odm/firmware/aw8697_Percussion_channel_RTP_oplusos7_126_175Hz.bin 8795
//odm/firmware/aw8697_Percussion_channel_RTP_oplusos7_126_226Hz.bin 8796
//odm/firmware/aw8697_Percussion_channel_RTP_oplusos7_126_230Hz.bin 8797
//odm/firmware/aw8697_Percussion_channel_RTP_oplusos7_126_234Hz.bin 8798
//odm/firmware/aw8697_Percussion_channel_RTP_oplusos7_126_237Hz.bin 8799
//odm/firmware/aw8697_Playground_RTP_31.bin 8800-8803
//odm/firmware/aw8697_Playground_RTP_31_165Hz.bin 8804-8806
//odm/firmware/aw8697_Playground_RTP_31_175Hz.bin 8807-8809
//odm/firmware/aw8697_Playground_RTP_31_226Hz.bin 8810-8824
//odm/firmware/aw8697_Playground_RTP_31_230Hz.bin 8825-8837
//odm/firmware/aw8697_Playground_RTP_31_234Hz.bin 8838-8850
//odm/firmware/aw8697_Playground_RTP_31_237Hz.bin 8852-8863
//odm/firmware/aw8697_Pure_RTP_49.bin 8864
//odm/firmware/aw8697_Pure_RTP_49_165Hz.bin 8865
//odm/firmware/aw8697_Pure_RTP_49_175Hz.bin 8866
//odm/firmware/aw8697_Pure_RTP_49_226Hz.bin 8867-8873
//odm/firmware/aw8697_Pure_RTP_49_230Hz.bin 8874-8882
//odm/firmware/aw8697_Pure_RTP_49_234Hz.bin 8883-8889
//odm/firmware/aw8697_Pure_RTP_49_237Hz.bin 8890-8896
//odm/firmware/aw8697_Receive_channel_RTP_15.bin 8897
//odm/firmware/aw8697_Receive_channel_RTP_15_165Hz.bin 8898
//odm/firmware/aw8697_Receive_channel_RTP_15_175Hz.bin 8899
//odm/firmware/aw8697_Receive_channel_RTP_15_226Hz.bin 8900-8901
//odm/firmware/aw8697_Receive_channel_RTP_15_230Hz.bin 8902-8903
//odm/firmware/aw8697_Receive_channel_RTP_15_234Hz.bin 8904-8905
//odm/firmware/aw8697_Receive_channel_RTP_15_237Hz.bin 8906-8907
//odm/firmware/aw8697_Relax_RTP_32.bin 8908
//odm/firmware/aw8697_Relax_RTP_32_165Hz.bin 8909
//odm/firmware/aw8697_Relax_RTP_32_175Hz.bin 8910
//odm/firmware/aw8697_Relax_RTP_32_226Hz.bin 8911-8914
//odm/firmware/aw8697_Relax_RTP_32_230Hz.bin 8915-8917
//odm/firmware/aw8697_Relax_RTP_32_234Hz.bin 8918-8921
//odm/firmware/aw8697_Relax_RTP_32_237Hz.bin 8922-8924
//odm/firmware/aw8697_Relax_RTP_oplusos7_140.bin 8926-8933
//odm/firmware/aw8697_Relax_RTP_oplusos7_140_165Hz.bin 8934-8940
//odm/firmware/aw8697_Relax_RTP_oplusos7_140_175Hz.bin 8941-8947
//odm/firmware/aw8697_Relax_RTP_oplusos7_140_226Hz.bin 8948-8970
//odm/firmware/aw8697_Relax_RTP_oplusos7_140_230Hz.bin 8971-8988
//odm/firmware/aw8697_Relax_RTP_oplusos7_140_234Hz.bin 8989-9007
//odm/firmware/aw8697_Relax_RTP_oplusos7_140_237Hz.bin 9008-9026
//odm/firmware/aw8697_Reminiscence_RTP_33.bin 9027
//odm/firmware/aw8697_Ripple_channel_RTP_oplusos7_127.bin 9028
//odm/firmware/aw8697_Ripple_channel_RTP_oplusos7_127_165Hz.bin 9029
//odm/firmware/aw8697_Ripple_channel_RTP_oplusos7_127_175Hz.bin 9030
//odm/firmware/aw8697_Ripple_channel_RTP_oplusos7_127_226Hz.bin 9031
//odm/firmware/aw8697_Ripple_channel_RTP_oplusos7_127_230Hz.bin 9032
//odm/firmware/aw8697_Ripple_channel_RTP_oplusos7_127_234Hz.bin 9033
//odm/firmware/aw8697_Ripple_channel_RTP_oplusos7_127_237Hz.bin 9034
//odm/firmware/aw8697_Romantic_RTP_oplusos7_137.bin 9036-9039
//odm/firmware/aw8697_Romantic_RTP_oplusos7_137_165Hz.bin 9040-9042
//odm/firmware/aw8697_Romantic_RTP_oplusos7_137_175Hz.bin 9043-9046
//odm/firmware/aw8697_Romantic_RTP_oplusos7_137_226Hz.bin 9047-9067
//odm/firmware/aw8697_Romantic_RTP_oplusos7_137_230Hz.bin 9068-9088
//odm/firmware/aw8697_Romantic_RTP_oplusos7_137_234Hz.bin 9089-9109
//odm/firmware/aw8697_Romantic_RTP_oplusos7_137_237Hz.bin 9110-9129
//odm/firmware/aw8697_Scenic_RTP_121.bin 9130-9131
//odm/firmware/aw8697_Scenic_RTP_121_165Hz.bin 9132-9133
//odm/firmware/aw8697_Scenic_RTP_121_175Hz.bin 9134-9135
//odm/firmware/aw8697_Scenic_RTP_121_226Hz.bin 9137-9138
//odm/firmware/aw8697_Scenic_RTP_121_230Hz.bin 9139-9140
//odm/firmware/aw8697_Scenic_RTP_121_234Hz.bin 9141-9142
//odm/firmware/aw8697_Scenic_RTP_121_237Hz.bin 9143-9144
//odm/firmware/aw8697_Seine_past_RTP_oplusos7_134.bin 9145-9150
//odm/firmware/aw8697_Seine_past_RTP_oplusos7_134_165Hz.bin 9151-9155
//odm/firmware/aw8697_Seine_past_RTP_oplusos7_134_175Hz.bin 9156-9159
//odm/firmware/aw8697_Seine_past_RTP_oplusos7_134_226Hz.bin 9160-9177
//odm/firmware/aw8697_Seine_past_RTP_oplusos7_134_230Hz.bin 9178-9195
//odm/firmware/aw8697_Seine_past_RTP_oplusos7_134_234Hz.bin 9197-9214
//odm/firmware/aw8697_Seine_past_RTP_oplusos7_134_237Hz.bin 9215-9231
//odm/firmware/aw8697_Silence_From_Afar_RTP_34.bin 9232-9239
//odm/firmware/aw8697_Silence_From_Afar_RTP_34_165Hz.bin 9240-9247
//odm/firmware/aw8697_Silence_From_Afar_RTP_34_175Hz.bin 9248-9254
//odm/firmware/aw8697_Silence_From_Afar_RTP_34_226Hz.bin 9255-9274
//odm/firmware/aw8697_Silence_From_Afar_RTP_34_230Hz.bin 9275-9296
//odm/firmware/aw8697_Silence_From_Afar_RTP_34_234Hz.bin 9297-9316
//odm/firmware/aw8697_Silence_From_Afar_RTP_34_237Hz.bin 9317-9336
//odm/firmware/aw8697_Silence_RTP_35.bin 9338-9339
//odm/firmware/aw8697_Silence_RTP_35_165Hz.bin 9340-9341
//odm/firmware/aw8697_Silence_RTP_35_175Hz.bin 9342-9343
//odm/firmware/aw8697_Silence_RTP_35_226Hz.bin 9344-9360
//odm/firmware/aw8697_Silence_RTP_35_230Hz.bin 9361-9377
//odm/firmware/aw8697_Silence_RTP_35_234Hz.bin 9378-9394
//odm/firmware/aw8697_Silence_RTP_35_237Hz.bin 9395-9413
//odm/firmware/aw8697_Simple_channel_RTP_oplusos7_133.bin 9414
//odm/firmware/aw8697_Simple_channel_RTP_oplusos7_133_165Hz.bin 9415
//odm/firmware/aw8697_Simple_channel_RTP_oplusos7_133_175Hz.bin 9416
//odm/firmware/aw8697_Simple_channel_RTP_oplusos7_133_226Hz.bin 9417
//odm/firmware/aw8697_Simple_channel_RTP_oplusos7_133_230Hz.bin 9418
//odm/firmware/aw8697_Simple_channel_RTP_oplusos7_133_234Hz.bin 9419
//odm/firmware/aw8697_Simple_channel_RTP_oplusos7_133_237Hz.bin 9420
//odm/firmware/aw8697_Splash_channel_RTP_16.bin 9421
//odm/firmware/aw8697_Splash_channel_RTP_16_165Hz.bin 9422
//odm/firmware/aw8697_Splash_channel_RTP_16_175Hz.bin 9423
//odm/firmware/aw8697_Splash_channel_RTP_16_226Hz.bin 9424
//odm/firmware/aw8697_Splash_channel_RTP_16_230Hz.bin 9425
//odm/firmware/aw8697_Splash_channel_RTP_16_234Hz.bin 9426
//odm/firmware/aw8697_Splash_channel_RTP_16_237Hz.bin 9428-9429
//odm/firmware/aw8697_Stars_RTP_36.bin 9430-9434
//odm/firmware/aw8697_Stars_RTP_36_165Hz.bin 9435-9438
//odm/firmware/aw8697_Stars_RTP_36_175Hz.bin 9439-9442
//odm/firmware/aw8697_Stars_RTP_36_226Hz.bin 9443-9463
//odm/firmware/aw8697_Stars_RTP_36_230Hz.bin 9464-9484
//odm/firmware/aw8697_Stars_RTP_36_234Hz.bin 9485-9500
//odm/firmware/aw8697_Stars_RTP_36_237Hz.bin 9501-9518
//odm/firmware/aw8697_Summer_RTP_37.bin 9519-9521
//odm/firmware/aw8697_Summer_RTP_37_165Hz.bin 9522-9524
//odm/firmware/aw8697_Summer_RTP_37_175Hz.bin 9525-9527
//odm/firmware/aw8697_Summer_RTP_37_226Hz.bin 9528-9539
//odm/firmware/aw8697_Summer_RTP_37_230Hz.bin 9540-9554
//odm/firmware/aw8697_Summer_RTP_37_234Hz.bin 9555-9566
//odm/firmware/aw8697_Summer_RTP_37_237Hz.bin 9568-9579
//odm/firmware/aw8697_Temple_morning_RTP_71.bin 9580-9581
//odm/firmware/aw8697_Temple_morning_RTP_71_165Hz.bin 9582-9587
//odm/firmware/aw8697_Temple_morning_RTP_71_175Hz.bin 9588-9592
//odm/firmware/aw8697_Temple_morning_RTP_71_226Hz.bin 9593-9613
//odm/firmware/aw8697_Temple_morning_RTP_71_230Hz.bin 9614-9627
//odm/firmware/aw8697_Temple_morning_RTP_71_234Hz.bin 9628-9648
//odm/firmware/aw8697_Temple_morning_RTP_71_237Hz.bin 9649-9668
//odm/firmware/aw8697_Tip_top_RTP_86.bin 9669
//odm/firmware/aw8697_Tip_top_RTP_86_165Hz.bin 9670
//odm/firmware/aw8697_Tip_top_RTP_86_175Hz.bin 9671
//odm/firmware/aw8697_Tip_top_RTP_86_226Hz.bin 9672
//odm/firmware/aw8697_Tip_top_RTP_86_230Hz.bin 9673
//odm/firmware/aw8697_Tip_top_RTP_86_234Hz.bin 9674
//odm/firmware/aw8697_Tip_top_RTP_86_237Hz.bin 9675
//odm/firmware/aw8697_Tone_round_RTP_80.bin 9676
//odm/firmware/aw8697_Tone_round_RTP_80_165Hz.bin 9678-9679
//odm/firmware/aw8697_Tone_round_RTP_80_175Hz.bin 9680
//odm/firmware/aw8697_Tone_round_RTP_80_226Hz.bin 9681-9682
//odm/firmware/aw8697_Tone_round_RTP_80_230Hz.bin 9683-9684
//odm/firmware/aw8697_Tone_round_RTP_80_234Hz.bin 9685-9686
//odm/firmware/aw8697_Tone_round_RTP_80_237Hz.bin 9687-9688
//odm/firmware/aw8697_Toys_RTP_38.bin 9689-9690
//odm/firmware/aw8697_Toys_RTP_38_165Hz.bin 9691-9692
//odm/firmware/aw8697_Toys_RTP_38_175Hz.bin 9693-9694
//odm/firmware/aw8697_Toys_RTP_38_226Hz.bin 9695-9708
//odm/firmware/aw8697_Toys_RTP_38_230Hz.bin 9709-9725
//odm/firmware/aw8697_Toys_RTP_38_234Hz.bin 9726-9739
//odm/firmware/aw8697_Toys_RTP_38_237Hz.bin 9740-9756
//odm/firmware/aw8697_Vacation_RTP_74.bin 9757-9758
//odm/firmware/aw8697_Vacation_RTP_74_165Hz.bin 9759-9766
//odm/firmware/aw8697_Vacation_RTP_74_175Hz.bin 9767-9774
//odm/firmware/aw8697_Vacation_RTP_74_226Hz.bin 9776-9802
//odm/firmware/aw8697_Vacation_RTP_74_230Hz.bin 9803-9817
//odm/firmware/aw8697_Vacation_RTP_74_234Hz.bin 9818-9844
//odm/firmware/aw8697_Vacation_RTP_74_237Hz.bin 9845-9871
//odm/firmware/aw8697_Vision_RTP_40.bin 9872-9876
//odm/firmware/aw8697_Vision_RTP_40_170.bin 9877-9879
//odm/firmware/aw8697_Water_cicidas_72_RTP.bin 9880-9887
//odm/firmware/aw8697_Water_cicidas_72_RTP_165Hz.bin 9888-9895
//odm/firmware/aw8697_Water_cicidas_72_RTP_175Hz.bin 9896-9903
//odm/firmware/aw8697_Water_cicidas_72_RTP_226Hz.bin 9904-9914
//odm/firmware/aw8697_Water_cicidas_72_RTP_230Hz.bin 9915-9921
//odm/firmware/aw8697_Water_cicidas_72_RTP_234Hz.bin 9923-9933
//odm/firmware/aw8697_Water_cicidas_72_RTP_237Hz.bin 9934-9944
//odm/firmware/aw8697_Wood_phone_RTP_82.bin 9945
//odm/firmware/aw8697_Wood_phone_RTP_82_165Hz.bin 9946
//odm/firmware/aw8697_Wood_phone_RTP_82_175Hz.bin 9947
//odm/firmware/aw8697_Wood_phone_RTP_82_226Hz.bin 9948
//odm/firmware/aw8697_Wood_phone_RTP_82_230Hz.bin 9949
//odm/firmware/aw8697_Wood_phone_RTP_82_234Hz.bin 9950
//odm/firmware/aw8697_Wood_phone_RTP_82_237Hz.bin 9951
//odm/firmware/aw8697_Zanza_RTP_84.bin 9952
//odm/firmware/aw8697_Zanza_RTP_84_165Hz.bin 9953
//odm/firmware/aw8697_Zanza_RTP_84_175Hz.bin 9954
//odm/firmware/aw8697_Zanza_RTP_84_226Hz.bin 9955
//odm/firmware/aw8697_Zanza_RTP_84_230Hz.bin 9956
//odm/firmware/aw8697_Zanza_RTP_84_234Hz.bin 9957
//odm/firmware/aw8697_Zanza_RTP_84_237Hz.bin 9958
//odm/firmware/aw8697_bowl_bells_RTP_88.bin 9959-9960
//odm/firmware/aw8697_bowl_bells_RTP_88_165Hz.bin 9961-9962
//odm/firmware/aw8697_bowl_bells_RTP_88_175Hz.bin 9963-9964
//odm/firmware/aw8697_bowl_bells_RTP_88_226Hz.bin 9965-9966
//odm/firmware/aw8697_bowl_bells_RTP_88_230Hz.bin 9967-9968
//odm/firmware/aw8697_bowl_bells_RTP_88_234Hz.bin 9969-9970
//odm/firmware/aw8697_bowl_bells_RTP_88_237Hz.bin 9971-9972
//odm/firmware/aw8697_breath_simulation_RTP_118.bin 9973-9974
//odm/firmware/aw8697_breath_simulation_RTP_118_226Hz.bin 9975-9978
//odm/firmware/aw8697_breath_simulation_RTP_118_230Hz.bin 9979-9982
//odm/firmware/aw8697_breath_simulation_RTP_118_234Hz.bin 9983-9986
//odm/firmware/aw8697_breath_simulation_RTP_118_237Hz.bin 9987-9990
//odm/firmware/aw8697_charging_simulation_RTP_108.bin 9991
//odm/firmware/aw8697_charging_simulation_RTP_108_226Hz.bin 9992-9993
//odm/firmware/aw8697_charging_simulation_RTP_108_230Hz.bin 9994-9995
//odm/firmware/aw8697_charging_simulation_RTP_108_234Hz.bin 9996-9997
//odm/firmware/aw8697_charging_simulation_RTP_108_237Hz.bin 9998-9999
//odm/firmware/aw8697_clock_channel_RTP_43.bin 10000
//odm/firmware/aw8697_clock_channel_RTP_43_165Hz.bin 10002
//odm/firmware/aw8697_clock_channel_RTP_43_175Hz.bin 10003
//odm/firmware/aw8697_clock_channel_RTP_43_226Hz.bin 10004-10005
//odm/firmware/aw8697_clock_channel_RTP_43_230Hz.bin 10006
//odm/firmware/aw8697_clock_channel_RTP_43_234Hz.bin 10007-10008
//odm/firmware/aw8697_clock_channel_RTP_43_237Hz.bin 10009-10010
//odm/firmware/aw8697_cut_channel_RTP_42.bin 10011
//odm/firmware/aw8697_cut_channel_RTP_42_165Hz.bin 10012
//odm/firmware/aw8697_cut_channel_RTP_42_175Hz.bin 10013
//odm/firmware/aw8697_cut_channel_RTP_42_226Hz.bin 10014-10015
//odm/firmware/aw8697_cut_channel_RTP_42_230Hz.bin 10016-10017
//odm/firmware/aw8697_cut_channel_RTP_42_234Hz.bin 10018-10019
//odm/firmware/aw8697_cut_channel_RTP_42_237Hz.bin 10020-10021
//odm/firmware/aw8697_fingerprint_effect1_RTP_110.bin 10029
//odm/firmware/aw8697_fingerprint_effect1_RTP_110_226Hz.bin 10030
//odm/firmware/aw8697_fingerprint_effect1_RTP_110_230Hz.bin 10031
//odm/firmware/aw8697_fingerprint_effect1_RTP_110_234Hz.bin 10032
//odm/firmware/aw8697_fingerprint_effect1_RTP_110_237Hz.bin 10033
//odm/firmware/aw8697_fingerprint_effect2_RTP_111.bin 10034
//odm/firmware/aw8697_fingerprint_effect2_RTP_111_226Hz.bin 10035
//odm/firmware/aw8697_fingerprint_effect2_RTP_111_230Hz.bin 10036
//odm/firmware/aw8697_fingerprint_effect2_RTP_111_234Hz.bin 10037
//odm/firmware/aw8697_fingerprint_effect2_RTP_111_237Hz.bin 10038
//odm/firmware/aw8697_fingerprint_effect3_RTP_112.bin 10039
//odm/firmware/aw8697_fingerprint_effect3_RTP_112_226Hz.bin 10040
//odm/firmware/aw8697_fingerprint_effect3_RTP_112_230Hz.bin 10041
//odm/firmware/aw8697_fingerprint_effect3_RTP_112_234Hz.bin 10042
//odm/firmware/aw8697_fingerprint_effect3_RTP_112_237Hz.bin 10043
//odm/firmware/aw8697_fingerprint_effect4_RTP_113.bin 10044
//odm/firmware/aw8697_fingerprint_effect4_RTP_113_226Hz.bin 10045-10046
//odm/firmware/aw8697_fingerprint_effect4_RTP_113_230Hz.bin 10047-10048
//odm/firmware/aw8697_fingerprint_effect4_RTP_113_234Hz.bin 10049-10050
//odm/firmware/aw8697_fingerprint_effect4_RTP_113_237Hz.bin 10051-10052
//odm/firmware/aw8697_fingerprint_effect5_RTP_114.bin 10053
//odm/firmware/aw8697_fingerprint_effect5_RTP_114_226Hz.bin 10054-10055
//odm/firmware/aw8697_fingerprint_effect5_RTP_114_230Hz.bin 10056-10057
//odm/firmware/aw8697_fingerprint_effect5_RTP_114_234Hz.bin 10058-10059
//odm/firmware/aw8697_fingerprint_effect5_RTP_114_237Hz.bin 10060-10061
//odm/firmware/aw8697_fingerprint_effect6_RTP_115.bin 10062
//odm/firmware/aw8697_fingerprint_effect6_RTP_115_226Hz.bin 10063
//odm/firmware/aw8697_fingerprint_effect6_RTP_115_230Hz.bin 10064
//odm/firmware/aw8697_fingerprint_effect6_RTP_115_234Hz.bin 10065
//odm/firmware/aw8697_fingerprint_effect6_RTP_115_237Hz.bin 10066
//odm/firmware/aw8697_fingerprint_effect7_RTP_116.bin 10067
//odm/firmware/aw8697_fingerprint_effect7_RTP_116_226Hz.bin 10068
//odm/firmware/aw8697_fingerprint_effect7_RTP_116_230Hz.bin 10069
//odm/firmware/aw8697_fingerprint_effect7_RTP_116_234Hz.bin 10070
//odm/firmware/aw8697_fingerprint_effect7_RTP_116_237Hz.bin 10071
//odm/firmware/aw8697_fingerprint_effect8_RTP_117.bin 10072
//odm/firmware/aw8697_fingerprint_effect8_RTP_117_226Hz.bin 10073
//odm/firmware/aw8697_fingerprint_effect8_RTP_117_230Hz.bin 10074
//odm/firmware/aw8697_fingerprint_effect8_RTP_117_234Hz.bin 10075
//odm/firmware/aw8697_fingerprint_effect8_RTP_117_237Hz.bin 10076
//odm/firmware/aw8697_haptic.bin 10077
//odm/firmware/aw8697_haptic_166.bin 10078
//odm/firmware/aw8697_haptic_168.bin 10079
//odm/firmware/aw8697_haptic_170.bin 10080
//odm/firmware/aw8697_haptic_172.bin 10081
//odm/firmware/aw8697_haptic_174.bin 10082
//odm/firmware/aw8697_haptic_235.bin 10083
//odm/firmware/aw8697_haptic_235_19161.bin 10084
//odm/firmware/aw8697_high_temp_high_humidity_channel_RTP_51_160Hz.bin 10085
//odm/firmware/aw8697_high_temp_high_humidity_channel_RTP_51_162Hz.bin 10086
//odm/firmware/aw8697_high_temp_high_humidity_channel_RTP_51_164Hz.bin 10087
//odm/firmware/aw8697_high_temp_high_humidity_channel_RTP_51_166Hz.bin 10088
//odm/firmware/aw8697_high_temp_high_humidity_channel_RTP_51_168Hz.bin 10089
//odm/firmware/aw8697_high_temp_high_humidity_channel_RTP_51_170Hz.bin 10090
//odm/firmware/aw8697_high_temp_high_humidity_channel_RTP_51_172Hz.bin 10091
//odm/firmware/aw8697_high_temp_high_humidity_channel_RTP_51_174Hz.bin 10092
//odm/firmware/aw8697_high_temp_high_humidity_channel_RTP_51_176Hz.bin 10093
//odm/firmware/aw8697_high_temp_high_humidity_channel_RTP_51_178Hz.bin 10094
//odm/firmware/aw8697_high_temp_high_humidity_channel_RTP_51_180Hz.bin 10095
//odm/firmware/aw8697_high_temp_high_humidity_channel_RTP_51_225Hz.bin 10096-10098
//odm/firmware/aw8697_high_temp_high_humidity_channel_RTP_51_226Hz.bin 10099-10101
//odm/firmware/aw8697_high_temp_high_humidity_channel_RTP_51_227Hz.bin 10102-10104
//odm/firmware/aw8697_high_temp_high_humidity_channel_RTP_51_228Hz.bin 10105
//odm/firmware/aw8697_high_temp_high_humidity_channel_RTP_51_229Hz.bin 10106
//odm/firmware/aw8697_high_temp_high_humidity_channel_RTP_51_230Hz.bin 10107
//odm/firmware/aw8697_high_temp_high_humidity_channel_RTP_51_231Hz.bin 10108
//odm/firmware/aw8697_high_temp_high_humidity_channel_RTP_51_232Hz.bin 10109
//odm/firmware/aw8697_high_temp_high_humidity_channel_RTP_51_233Hz.bin 10110-10112
//odm/firmware/aw8697_high_temp_high_humidity_channel_RTP_51_234Hz.bin 10113-10115
//odm/firmware/aw8697_high_temp_high_humidity_channel_RTP_51_235Hz.bin 10116-10118
//odm/firmware/aw8697_honor_five_kill_RTP_64.bin 10126
//odm/firmware/aw8697_honor_five_kill_RTP_64_165Hz.bin 10127
//odm/firmware/aw8697_honor_five_kill_RTP_64_175Hz.bin 10128
//odm/firmware/aw8697_honor_five_kill_RTP_64_226Hz.bin 10129-10130
//odm/firmware/aw8697_honor_five_kill_RTP_64_230Hz.bin 10131-10132
//odm/firmware/aw8697_honor_five_kill_RTP_64_234Hz.bin 10133-10134
//odm/firmware/aw8697_honor_five_kill_RTP_64_237Hz.bin 10135-10136
//odm/firmware/aw8697_honor_four_continu_kill_RTP_66.bin 10137
//odm/firmware/aw8697_honor_four_continu_kill_RTP_66_165Hz.bin 10138
//odm/firmware/aw8697_honor_four_continu_kill_RTP_66_175Hz.bin 10139
//odm/firmware/aw8697_honor_four_continu_kill_RTP_66_226Hz.bin 10140
//odm/firmware/aw8697_honor_four_continu_kill_RTP_66_230Hz.bin 10141
//odm/firmware/aw8697_honor_four_continu_kill_RTP_66_234Hz.bin 10142
//odm/firmware/aw8697_honor_four_continu_kill_RTP_66_237Hz.bin 10143
//odm/firmware/aw8697_honor_four_kill_RTP_63.bin 10144
//odm/firmware/aw8697_honor_four_kill_RTP_63_165Hz.bin 10145
//odm/firmware/aw8697_honor_four_kill_RTP_63_175Hz.bin 10146
//odm/firmware/aw8697_honor_four_kill_RTP_63_226Hz.bin 10147
//odm/firmware/aw8697_honor_four_kill_RTP_63_230Hz.bin 10148
//odm/firmware/aw8697_honor_four_kill_RTP_63_234Hz.bin 10149
//odm/firmware/aw8697_honor_four_kill_RTP_63_237Hz.bin 10150
//odm/firmware/aw8697_honor_lengendary_RTP_69.bin 10151-10152
//odm/firmware/aw8697_honor_lengendary_RTP_69_165Hz.bin 10153-10154
//odm/firmware/aw8697_honor_lengendary_RTP_69_175Hz.bin 10155-10156
//odm/firmware/aw8697_honor_lengendary_RTP_69_226Hz.bin 10157-10158
//odm/firmware/aw8697_honor_lengendary_RTP_69_230Hz.bin 10159
//odm/firmware/aw8697_honor_lengendary_RTP_69_234Hz.bin 10160-10161
//odm/firmware/aw8697_honor_lengendary_RTP_69_237Hz.bin 10162-10163
//odm/firmware/aw8697_honor_thousands_kill_RTP_68.bin 10164
//odm/firmware/aw8697_honor_thousands_kill_RTP_68_165Hz.bin 10165
//odm/firmware/aw8697_honor_thousands_kill_RTP_68_175Hz.bin 10167
//odm/firmware/aw8697_honor_thousands_kill_RTP_68_226Hz.bin 10168-10169
//odm/firmware/aw8697_honor_thousands_kill_RTP_68_230Hz.bin 10170
//odm/firmware/aw8697_honor_thousands_kill_RTP_68_234Hz.bin 10171-10172
//odm/firmware/aw8697_honor_thousands_kill_RTP_68_237Hz.bin 10173-10174
//odm/firmware/aw8697_honor_three_continu_kill_RTP_65.bin 10175
//odm/firmware/aw8697_honor_three_continu_kill_RTP_65_165Hz.bin 10176
//odm/firmware/aw8697_honor_three_continu_kill_RTP_65_175Hz.bin 10177
//odm/firmware/aw8697_honor_three_continu_kill_RTP_65_226Hz.bin 10178
//odm/firmware/aw8697_honor_three_continu_kill_RTP_65_230Hz.bin 10179
//odm/firmware/aw8697_honor_three_continu_kill_RTP_65_234Hz.bin 10180
//odm/firmware/aw8697_honor_three_continu_kill_RTP_65_237Hz.bin 10181
//odm/firmware/aw8697_honor_three_kill_RTP_62.bin 10182
//odm/firmware/aw8697_honor_three_kill_RTP_62_165Hz.bin 10183
//odm/firmware/aw8697_honor_three_kill_RTP_62_175Hz.bin 10184
//odm/firmware/aw8697_honor_three_kill_RTP_62_226Hz.bin 10185
//odm/firmware/aw8697_honor_three_kill_RTP_62_230Hz.bin 10186
//odm/firmware/aw8697_honor_three_kill_RTP_62_234Hz.bin 10187
//odm/firmware/aw8697_honor_three_kill_RTP_62_237Hz.bin 10188
//odm/firmware/aw8697_honor_unstoppable_RTP_67.bin 10196
//odm/firmware/aw8697_honor_unstoppable_RTP_67_165Hz.bin 10197
//odm/firmware/aw8697_honor_unstoppable_RTP_67_175Hz.bin 10198
//odm/firmware/aw8697_honor_unstoppable_RTP_67_226Hz.bin 10199
//odm/firmware/aw8697_honor_unstoppable_RTP_67_230Hz.bin 10200
//odm/firmware/aw8697_honor_unstoppable_RTP_67_234Hz.bin 10201
//odm/firmware/aw8697_honor_unstoppable_RTP_67_237Hz.bin 10202
//odm/firmware/aw8697_jumpy_RTP_89.bin 10203
//odm/firmware/aw8697_jumpy_RTP_89_165Hz.bin 10204
//odm/firmware/aw8697_jumpy_RTP_89_175Hz.bin 10205
//odm/firmware/aw8697_jumpy_RTP_89_226Hz.bin 10206
//odm/firmware/aw8697_jumpy_RTP_89_230Hz.bin 10207
//odm/firmware/aw8697_jumpy_RTP_89_234Hz.bin 10208
//odm/firmware/aw8697_jumpy_RTP_89_237Hz.bin 10209
//odm/firmware/aw8697_kill_program_RTP_47.bin 10210
//odm/firmware/aw8697_kill_program_RTP_47_165Hz.bin 10211
//odm/firmware/aw8697_kill_program_RTP_47_175Hz.bin 10212
//odm/firmware/aw8697_kill_program_RTP_47_226Hz.bin 10213
//odm/firmware/aw8697_kill_program_RTP_47_230Hz.bin 10214
//odm/firmware/aw8697_kill_program_RTP_47_234Hz.bin 10215
//odm/firmware/aw8697_kill_program_RTP_47_237Hz.bin 10216
//odm/firmware/aw8697_listen_pop_53.bin 10217
//odm/firmware/aw8697_listen_pop_53_235Hz.bin 10218
//odm/firmware/aw8697_long_sound_channel_RTP_44.bin 10219
//odm/firmware/aw8697_long_sound_channel_RTP_44_165Hz.bin 10220
//odm/firmware/aw8697_long_sound_channel_RTP_44_175Hz.bin 10221
//odm/firmware/aw8697_long_sound_channel_RTP_44_226Hz.bin 10222
//odm/firmware/aw8697_long_sound_channel_RTP_44_230Hz.bin 10223
//odm/firmware/aw8697_long_sound_channel_RTP_44_234Hz.bin 10224
//odm/firmware/aw8697_long_sound_channel_RTP_44_237Hz.bin 10225-10230
//odm/firmware/aw8697_nfc_10_RTP_55.bin 10231-10232
//odm/firmware/aw8697_nfc_10_RTP_55_165Hz.bin 10233-10234
//odm/firmware/aw8697_nfc_10_RTP_55_175Hz.bin 10235-10236
//odm/firmware/aw8697_nfc_10_RTP_55_226Hz.bin 10237-10238
//odm/firmware/aw8697_nfc_10_RTP_55_230Hz.bin 10239-10240
//odm/firmware/aw8697_nfc_10_RTP_55_234Hz.bin 10241-10242
//odm/firmware/aw8697_nfc_10_RTP_55_237Hz.bin 10243-10244
//odm/firmware/aw8697_old_steady_test_RTP_52_160Hz.bin 10245
//odm/firmware/aw8697_old_steady_test_RTP_52_162Hz.bin 10246
//odm/firmware/aw8697_old_steady_test_RTP_52_164Hz.bin 10247
//odm/firmware/aw8697_old_steady_test_RTP_52_166Hz.bin 10248
//odm/firmware/aw8697_old_steady_test_RTP_52_168Hz.bin 10249
//odm/firmware/aw8697_old_steady_test_RTP_52_170Hz.bin 10250
//odm/firmware/aw8697_old_steady_test_RTP_52_172Hz.bin 10251
//odm/firmware/aw8697_old_steady_test_RTP_52_174Hz.bin 10252
//odm/firmware/aw8697_old_steady_test_RTP_52_176Hz.bin 10253
//odm/firmware/aw8697_old_steady_test_RTP_52_178Hz.bin 10254
//odm/firmware/aw8697_old_steady_test_RTP_52_180Hz.bin 10255
//odm/firmware/aw8697_old_steady_test_RTP_52_225Hz.bin 10256
//odm/firmware/aw8697_old_steady_test_RTP_52_226Hz.bin 10257
//odm/firmware/aw8697_old_steady_test_RTP_52_227Hz.bin 10258
//odm/firmware/aw8697_old_steady_test_RTP_52_228Hz.bin 10259
//odm/firmware/aw8697_old_steady_test_RTP_52_229Hz.bin 10260
//odm/firmware/aw8697_old_steady_test_RTP_52_230Hz.bin 10261
//odm/firmware/aw8697_old_steady_test_RTP_52_231Hz.bin 10262
//odm/firmware/aw8697_old_steady_test_RTP_52_232Hz.bin 10263
//odm/firmware/aw8697_old_steady_test_RTP_52_233Hz.bin 10264
//odm/firmware/aw8697_old_steady_test_RTP_52_234Hz.bin 10266
//odm/firmware/aw8697_old_steady_test_RTP_52_235Hz.bin 10267
//odm/firmware/aw8697_realme_its_realme_RTP_161_235Hz.bin 10268-10270
//odm/firmware/aw8697_realme_jingle_RTP_163_235Hz.bin 10271-10272
//odm/firmware/aw8697_realme_tune_RTP_162_235Hz.bin 10273-10277
//odm/firmware/aw8697_rtp.bin 10278
//odm/firmware/aw8697_rtp_lighthouse.bin 10279-10344
//odm/firmware/aw8697_rtp_silk.bin 10345-10410
//odm/firmware/aw8697_short_channel_RTP_45.bin 10411
//odm/firmware/aw8697_short_channel_RTP_45_165Hz.bin 10412
//odm/firmware/aw8697_short_channel_RTP_45_175Hz.bin 10413
//odm/firmware/aw8697_short_channel_RTP_45_226Hz.bin 10414-10420
//odm/firmware/aw8697_short_channel_RTP_45_230Hz.bin 10421
//odm/firmware/aw8697_short_channel_RTP_45_234Hz.bin 10423
//odm/firmware/aw8697_short_channel_RTP_45_237Hz.bin 10424-10430
//odm/firmware/aw8697_soldier_fifth_kill_RTP_104.bin 10431
//odm/firmware/aw8697_soldier_fifth_kill_RTP_104_165Hz.bin 10432
//odm/firmware/aw8697_soldier_fifth_kill_RTP_104_175Hz.bin 10433
//odm/firmware/aw8697_soldier_fifth_kill_RTP_104_226Hz.bin 10434
//odm/firmware/aw8697_soldier_fifth_kill_RTP_104_230Hz.bin 10435
//odm/firmware/aw8697_soldier_fifth_kill_RTP_104_234Hz.bin 10436
//odm/firmware/aw8697_soldier_fifth_kill_RTP_104_237Hz.bin 10437
//odm/firmware/aw8697_soldier_first_kill_RTP_100.bin 10438
//odm/firmware/aw8697_soldier_first_kill_RTP_100_165Hz.bin 10439
//odm/firmware/aw8697_soldier_first_kill_RTP_100_175Hz.bin 10440
//odm/firmware/aw8697_soldier_first_kill_RTP_100_226Hz.bin 10441
//odm/firmware/aw8697_soldier_first_kill_RTP_100_230Hz.bin 10442
//odm/firmware/aw8697_soldier_first_kill_RTP_100_234Hz.bin 10443
//odm/firmware/aw8697_soldier_first_kill_RTP_100_237Hz.bin 10444
//odm/firmware/aw8697_soldier_fourth_kill_RTP_103.bin 10445
//odm/firmware/aw8697_soldier_fourth_kill_RTP_103_165Hz.bin 10446
//odm/firmware/aw8697_soldier_fourth_kill_RTP_103_175Hz.bin 10447
//odm/firmware/aw8697_soldier_fourth_kill_RTP_103_226Hz.bin 10448
//odm/firmware/aw8697_soldier_fourth_kill_RTP_103_230Hz.bin 10449
//odm/firmware/aw8697_soldier_fourth_kill_RTP_103_234Hz.bin 10450
//odm/firmware/aw8697_soldier_fourth_kill_RTP_103_237Hz.bin 10451
//odm/firmware/aw8697_soldier_second_kill_RTP_101.bin 10452
//odm/firmware/aw8697_soldier_second_kill_RTP_101_165Hz.bin 10453
//odm/firmware/aw8697_soldier_second_kill_RTP_101_175Hz.bin 10454
//odm/firmware/aw8697_soldier_second_kill_RTP_101_226Hz.bin 10455
//odm/firmware/aw8697_soldier_second_kill_RTP_101_230Hz.bin 10456
//odm/firmware/aw8697_soldier_second_kill_RTP_101_234Hz.bin 10457
//odm/firmware/aw8697_soldier_second_kill_RTP_101_237Hz.bin 10458
//odm/firmware/aw8697_soldier_third_kill_RTP_102.bin 10459
//odm/firmware/aw8697_soldier_third_kill_RTP_102_165Hz.bin 10460
//odm/firmware/aw8697_soldier_third_kill_RTP_102_175Hz.bin 10461
//odm/firmware/aw8697_soldier_third_kill_RTP_102_226Hz.bin 10462
//odm/firmware/aw8697_soldier_third_kill_RTP_102_230Hz.bin 10463
//odm/firmware/aw8697_soldier_third_kill_RTP_102_234Hz.bin 10464
//odm/firmware/aw8697_soldier_third_kill_RTP_102_237Hz.bin 10465
//odm/firmware/aw8697_temple_tone_RTP_77.bin 10469-10470
//odm/firmware/aw8697_temple_tone_RTP_77_165Hz.bin 10471-10481
//odm/firmware/aw8697_temple_tone_RTP_77_175Hz.bin 10482-10493
//odm/firmware/aw8697_temple_tone_RTP_77_226Hz.bin 10494-10525
//odm/firmware/aw8697_temple_tone_RTP_77_230Hz.bin 10526-10543
//odm/firmware/aw8697_temple_tone_RTP_77_234Hz.bin 10545-10576
//odm/firmware/aw8697_temple_tone_RTP_77_237Hz.bin 10577-10609
//odm/firmware/aw8697_two_error_remaind_RTP_46.bin 10610
//odm/firmware/aw8697_two_error_remaind_RTP_46_165Hz.bin 10611
//odm/firmware/aw8697_two_error_remaind_RTP_46_175Hz.bin 10612
//odm/firmware/aw8697_two_error_remaind_RTP_46_226Hz.bin 10613
//odm/firmware/aw8697_two_error_remaind_RTP_46_230Hz.bin 10614
//odm/firmware/aw8697_two_error_remaind_RTP_46_234Hz.bin 10615
//odm/firmware/aw8697_two_error_remaind_RTP_46_237Hz.bin 10616
//odm/firmware/aw8697_vibrator_remain_12_RTP_56.bin 10617
//odm/firmware/aw8697_vibrator_remain_12_RTP_56_165Hz.bin 10618
//odm/firmware/aw8697_vibrator_remain_12_RTP_56_175Hz.bin 10619
//odm/firmware/aw8697_vibrator_remain_12_RTP_56_226Hz.bin 10620
//odm/firmware/aw8697_vibrator_remain_12_RTP_56_230Hz.bin 10621
//odm/firmware/aw8697_vibrator_remain_12_RTP_56_234Hz.bin 10622
//odm/firmware/aw8697_vibrator_remain_12_RTP_56_237Hz.bin 10623
//odm/firmware/aw8697_voice_level_bar_edge_RTP_106.bin 10628
//odm/firmware/aw8697_voice_level_bar_edge_RTP_106_226Hz.bin 10629
//odm/firmware/aw8697_voice_level_bar_edge_RTP_106_230Hz.bin 10630
//odm/firmware/aw8697_voice_level_bar_edge_RTP_106_234Hz.bin 10631
//odm/firmware/aw8697_voice_level_bar_edge_RTP_106_237Hz.bin 10632
//odm/firmware/aw8697_waltz_channel_RTP_41.bin 10633
//odm/firmware/aw8697_waltz_channel_RTP_41_165Hz.bin 10634
//odm/firmware/aw8697_waltz_channel_RTP_41_175Hz.bin 10635
//odm/firmware/aw8697_waltz_channel_RTP_41_226Hz.bin 10636
//odm/firmware/aw8697_waltz_channel_RTP_41_230Hz.bin 10637
//odm/firmware/aw8697_waltz_channel_RTP_41_234Hz.bin 10638
//odm/firmware/aw8697_waltz_channel_RTP_41_237Hz.bin 10639-10640
//odm/firmware/aw8697_weather_cloudy_RTP_oplusos7_143.bin 10641-10648
//odm/firmware/aw8697_weather_cloudy_RTP_oplusos7_143_165Hz.bin 10649-10653
//odm/firmware/aw8697_weather_cloudy_RTP_oplusos7_143_175Hz.bin 10654-10658
//odm/firmware/aw8697_weather_cloudy_RTP_oplusos7_143_226Hz.bin 10659-10660
//odm/firmware/aw8697_weather_cloudy_RTP_oplusos7_143_230Hz.bin 10661-10662
//odm/firmware/aw8697_weather_cloudy_RTP_oplusos7_143_234Hz.bin 10663-10664
//odm/firmware/aw8697_weather_cloudy_RTP_oplusos7_143_237Hz.bin 10665-10666
//odm/firmware/aw8697_weather_default_RTP_oplusos7_145.bin 10667-10671
//odm/firmware/aw8697_weather_default_RTP_oplusos7_145_165Hz.bin 10672-10675
//odm/firmware/aw8697_weather_default_RTP_oplusos7_145_175Hz.bin 10676-10678
//odm/firmware/aw8697_weather_default_RTP_oplusos7_145_226Hz.bin 10679-10697
//odm/firmware/aw8697_weather_default_RTP_oplusos7_145_230Hz.bin 10698-10715
//odm/firmware/aw8697_weather_default_RTP_oplusos7_145_234Hz.bin 10716-10734
//odm/firmware/aw8697_weather_default_RTP_oplusos7_145_237Hz.bin 10736-10753
//odm/firmware/aw8697_weather_rain_RTP_oplusos7_149.bin 10754-10757
//odm/firmware/aw8697_weather_rain_RTP_oplusos7_149_165Hz.bin 10758-10761
//odm/firmware/aw8697_weather_rain_RTP_oplusos7_149_175Hz.bin 10762-10765
//odm/firmware/aw8697_weather_rain_RTP_oplusos7_149_226Hz.bin 10766-10777
//odm/firmware/aw8697_weather_rain_RTP_oplusos7_149_230Hz.bin 10778-10788
//odm/firmware/aw8697_weather_rain_RTP_oplusos7_149_234Hz.bin 10789-10800
//odm/firmware/aw8697_weather_rain_RTP_oplusos7_149_237Hz.bin 10801-10811
//odm/firmware/aw8697_weather_smog_RTP_oplusos7_147.bin 10812-10815
//odm/firmware/aw8697_weather_smog_RTP_oplusos7_147_165Hz.bin 10816-10818
//odm/firmware/aw8697_weather_smog_RTP_oplusos7_147_175Hz.bin 10819-10821
//odm/firmware/aw8697_weather_smog_RTP_oplusos7_147_226Hz.bin 10822-10832
//odm/firmware/aw8697_weather_smog_RTP_oplusos7_147_230Hz.bin 10833-10843
//odm/firmware/aw8697_weather_smog_RTP_oplusos7_147_234Hz.bin 10844-10854
//odm/firmware/aw8697_weather_smog_RTP_oplusos7_147_237Hz.bin 10855-10865
//odm/firmware/aw8697_weather_snow_RTP_oplusos7_148.bin 10867-10870
//odm/firmware/aw8697_weather_snow_RTP_oplusos7_148_165Hz.bin 10871-10874
//odm/firmware/aw8697_weather_snow_RTP_oplusos7_148_175Hz.bin 10875-10878
//odm/firmware/aw8697_weather_snow_RTP_oplusos7_148_226Hz.bin 10879-10888
//odm/firmware/aw8697_weather_snow_RTP_oplusos7_148_230Hz.bin 10889-10898
//odm/firmware/aw8697_weather_snow_RTP_oplusos7_148_234Hz.bin 10899-10908
//odm/firmware/aw8697_weather_snow_RTP_oplusos7_148_237Hz.bin 10909-10917
//odm/firmware/aw8697_weather_sunny_RTP_oplusos7_146.bin 10918-10922
//odm/firmware/aw8697_weather_sunny_RTP_oplusos7_146_165Hz.bin 10923-10927
//odm/firmware/aw8697_weather_sunny_RTP_oplusos7_146_175Hz.bin 10928-10931
//odm/firmware/aw8697_weather_sunny_RTP_oplusos7_146_226Hz.bin 10932-10942
//odm/firmware/aw8697_weather_sunny_RTP_oplusos7_146_230Hz.bin 10943-10952
//odm/firmware/aw8697_weather_sunny_RTP_oplusos7_146_234Hz.bin 10954-10964
//odm/firmware/aw8697_weather_sunny_RTP_oplusos7_146_237Hz.bin 10965-10975
//odm/firmware/aw8697_weather_thunderstorm_RTP_oplusos7_144.bin 10976-10984
//odm/firmware/aw8697_weather_thunderstorm_RTP_oplusos7_144_165Hz.bin 10985-10993
//odm/firmware/aw8697_weather_thunderstorm_RTP_oplusos7_144_175Hz.bin 10994-11002
//odm/firmware/aw8697_weather_thunderstorm_RTP_oplusos7_144_226Hz.bin 11003-11009
//odm/firmware/aw8697_weather_thunderstorm_RTP_oplusos7_144_230Hz.bin 11010-11016
//odm/firmware/aw8697_weather_thunderstorm_RTP_oplusos7_144_234Hz.bin 11017-11023
//odm/firmware/aw8697_weather_thunderstorm_RTP_oplusos7_144_237Hz.bin 11024-11030
//odm/firmware/aw8697_weather_wind_RTP_oplusos7_142.bin 11031-11050
//odm/firmware/aw8697_weather_wind_RTP_oplusos7_142_165Hz.bin 11051-11070
//odm/firmware/aw8697_weather_wind_RTP_oplusos7_142_175Hz.bin 11071-11090
//odm/firmware/aw8697_weather_wind_RTP_oplusos7_142_226Hz.bin 11091-11098
//odm/firmware/aw8697_weather_wind_RTP_oplusos7_142_230Hz.bin 11100-11106
//odm/firmware/aw8697_weather_wind_RTP_oplusos7_142_234Hz.bin 11107-11114
//odm/firmware/aw8697_weather_wind_RTP_oplusos7_142_237Hz.bin 11115-11122
//odm/firmware/awinic.haptic.effect.so 11123-11130
//odm/firmware/barca_alarm_ring_RTP_120.bin 11132-11134
//odm/firmware/barca_incoming_ring_RTP_121.bin 11135-11137
//odm/firmware/barca_notice_ring_RTP_122.bin 11138
//odm/firmware/fastchg/19063/oplus_vooc_fw.bin 11140
//odm/firmware/fastchg/19065/oplus_vooc_fw.bin 11141
//odm/firmware/fastchg/19066/oplus_vooc_fw.bin 11143
//odm/firmware/fastchg/19067/oplus_vooc_fw.bin 11145
//odm/firmware/fastchg/19161/oplus_vooc_fw.bin 11147
//odm/firmware/fastchg/19361/oplus_vooc_fw.bin 11149
//odm/firmware/fastchg/19362/oplus_vooc_fw.bin 11151
//odm/firmware/fastchg/19705/oplus_vooc_fw.bin 11153
//odm/firmware/fastchg/19706/oplus_vooc_fw.bin 11155
//odm/firmware/fastchg/19795/oplus_vooc_fw.bin 11157
//odm/firmware/fastchg/19805/oplus_vooc_fw_rk826.bin 11159-11161
//odm/firmware/fastchg/19811/oplus_vooc_fw.bin 11162
//odm/firmware/fastchg/19813/oplus_vooc_fw.bin 11164
//odm/firmware/fastchg/19821/oplus_vooc_fw.bin 11166
//odm/firmware/fastchg/19823/oplus_vooc_fw.bin 11168
//odm/firmware/fastchg/19835/oplus_vooc_fw.bin 11170
//odm/firmware/fastchg/19837/oplus_vooc_fw.bin 11172
//odm/firmware/fastchg/19839/oplus_vooc_fw.bin 11174
//odm/firmware/fastchg/19841/oplus_vooc_fw.bin 11176
//odm/firmware/fastchg/19855/oplus_vooc_fw.bin 11178
//odm/firmware/fastchg/20061/oplus_vooc_fw_rk826.bin 11180-11182
//odm/firmware/fastchg/20062/oplus_vooc_fw_rk826.bin 11183-11185
//odm/firmware/fastchg/20135/oplus_vooc_fw_rk826.bin 11186-11188
//odm/firmware/fastchg/20137/oplus_vooc_fw_rk826.bin 11189-11191
//odm/firmware/fastchg/20139/oplus_vooc_fw_rk826.bin 11192-11194
//odm/firmware/fastchg/20161/oplus_vooc_fw_rt5125.bin 11195-11196
//odm/firmware/fastchg/20163/oplus_vooc_fw_rt5125.bin 11198-11199
//odm/firmware/fastchg/20235/oplus_vooc_fw_rk826.bin 11201-11203
//odm/firmware/fastchg/20351/oplus_vooc_fw_rt5125.bin 11204-11205
//odm/firmware/fastchg/20607/oplus_vooc_fw.bin 11207
//odm/firmware/fastchg/20806/oplus_vooc_fw_rk826.bin 11209-11211
//odm/firmware/fastchg/20807/oplus_vooc_fw_rk826.bin 11212-11214
//odm/firmware/fastchg/20808/oplus_vooc_fw_rk826.bin 11215-11217
//odm/firmware/fastchg/20809/oplus_vooc_fw_rk826.bin 11218-11220
//odm/firmware/fastchg/2080E/oplus_vooc_fw_rk826.bin 11221-11223
//odm/firmware/fastchg/20819/oplus_vooc_fw_rk826.bin 11224-11226
//odm/firmware/fastchg/20828/oplus_vooc_fw_rk826.bin 11227-11229
//odm/firmware/fastchg/20838/oplus_vooc_fw_rk826.bin 11230-11232
//odm/firmware/fastchg/21615/oplus_vooc_fw_rk826.bin 11233-11235
//odm/firmware/fastchg/21619/oplus_vooc_fw_rk826.bin 11236-11238
//odm/firmware/fastchg/2161A/oplus_vooc_fw_rk826.bin 11239-11241
//odm/firmware/fastchg/21623/oplus_vooc_fw_rk826.bin 11242-11244
//odm/firmware/fastchg/2169A/oplus_vooc_fw_rk826.bin 11245-11247
//odm/firmware/fastchg/2169B/oplus_vooc_fw_rk826.bin 11248-11250
//odm/firmware/fastchg/21732/oplus_vooc_fw_rk826.bin 11251-11253
//odm/firmware/fastchg/21733/oplus_vooc_fw_rk826.bin 11254-11256
//odm/firmware/fastchg/smart_chg_config_table.txt 11257-11262
//odm/firmware/lighthouse.mp3 11263-11490
//odm/firmware/nature_170HZ.bin 11491-11493
//odm/firmware/notif_Allay_RTP.bin 11494
//odm/firmware/notif_Allusion_RTP.bin 11495
//odm/firmware/notif_Amiable_RTP.bin 11496
//odm/firmware/notif_Blare_RTP.bin 11497
//odm/firmware/notif_Blissful_RTP.bin 11498
//odm/firmware/notif_Brisk_RTP.bin 11499
//odm/firmware/notif_Cheerful_RTP.bin 11501
//odm/firmware/notif_Clear_RTP.bin 11502
//odm/firmware/notif_Comely_RTP.bin 11503
//odm/firmware/notif_Cozy_RTP.bin 11504
//odm/firmware/notif_Ding_RTP.bin 11505
//odm/firmware/notif_Effervesce_RTP.bin 11506
//odm/firmware/notif_Elegant_RTP.bin 11507
//odm/firmware/notif_Free_RTP.bin 11508
//odm/firmware/notif_Hallucination_RTP.bin 11509
//odm/firmware/notif_Inbound_RTP.bin 11510
//odm/firmware/notif_Light_RTP.bin 11511
//odm/firmware/notif_Meet_RTP.bin 11512
//odm/firmware/notif_Naivety_RTP.bin 11513
//odm/firmware/notif_Quickly_RTP.bin 11514
//odm/firmware/notif_Rhythm_RTP.bin 11515
//odm/firmware/notif_Surprise_RTP.bin 11516
//odm/firmware/notif_Twinkle_RTP.bin 11517
//odm/firmware/ring_Amenity_RTP.bin 11518-11519
//odm/firmware/ring_Bounce_RTP.bin 11520-11521
//odm/firmware/ring_Calm_RTP.bin 11522
//odm/firmware/ring_Lazy_RTP.bin 11523-11527
//odm/firmware/ring_Mystical_RTP.bin 11528-11529
//odm/firmware/ring_Whirl_RTP.bin 11530-11531
//odm/firmware/ringtone_Alacrity_RTP.bin 11532-11533
//odm/firmware/ringtone_Blues_RTP.bin 11534-11535
//odm/firmware/ringtone_Cloud_RTP.bin 11536
//odm/firmware/ringtone_Cyclotron_RTP.bin 11537-11538
//odm/firmware/ringtone_Distinct_RTP.bin 11539
//odm/firmware/ringtone_Dynamic_RTP.bin 11540-11544
//odm/firmware/ringtone_Eager.bin 11545-11552
//odm/firmware/ringtone_Ebullition.bin 11553-11558
//odm/firmware/ringtone_Echo_RTP.bin 11559
//odm/firmware/ringtone_Expect_RTP.bin 11560
//odm/firmware/ringtone_Fanatical_RTP.bin 11561-11563
//odm/firmware/ringtone_Friendship.bin 11564-11567
//odm/firmware/ringtone_Funky_RTP.bin 11568
//odm/firmware/ringtone_Guitar_RTP.bin 11569-11573
//odm/firmware/ringtone_Harping_RTP.bin 11574-11575
//odm/firmware/ringtone_Highlight_RTP.bin 11576
//odm/firmware/ringtone_Idyl_RTP.bin 11577-11578
//odm/firmware/ringtone_Innocence_RTP.bin 11579-11581
//odm/firmware/ringtone_Jazz_life_RTP.bin 11582-11586
//odm/firmware/ringtone_Journey_RTP.bin 11587-11590
//odm/firmware/ringtone_Joyous_RTP.bin 11591
//odm/firmware/ringtone_Marimba_RTP.bin 11592
//odm/firmware/ringtone_Old_telephone_RTP.bin 11593
//odm/firmware/ringtone_OnePlus_tune_rhythm_RTP.bin 11594-11595
//odm/firmware/ringtone_Oneplus_tune_RTP.bin 11596-11597
//odm/firmware/ringtone_Optimistic_RTP.bin 11598-11600
//odm/firmware/ringtone_Piano_RTP.bin 11601-11603
//odm/firmware/ringtone_Rhythm_RTP.bin 11604-11605
//odm/firmware/ringtone_Sun_glittering_RTP.bin 11606-11612
//odm/firmware/shuntai24k_rtp.bin 11613
//odm/firmware/t-jingle_RTP.bin 11614
//odm/firmware/tp/19065/FW_S6SY791_SAMSUNG.bin 11616-11656
//odm/firmware/tp/19065/FW_S6SY791_SAMSUNG_FAE.bin 11657-11697
//odm/firmware/tp/19065/LIMIT_S6SY791_SAMSUNG.img 11698
//odm/firmware/tp/19161/FW_S3908_BOE.img 11699-11741
//odm/firmware/tp/19161/FW_S6SY771_SAMSUNG.bin 11743-11784
//odm/firmware/tp/19161/FW_S6SY771_SAMSUNG_FAE.bin 11785-11825
//odm/firmware/tp/19161/LIMIT_S3908_BOE.img 11826
//odm/firmware/tp/19161/LIMIT_S6SY771_SAMSUNG.img 11827
//odm/firmware/tp/19795/FW_GT9886_SAMSUNG.img 11828-11849
//odm/firmware/tp/19795/FW_GT9886_SAMSUNG_FAE.img 11850-11871
//odm/firmware/tp/19795/LIMIT_GT9886_SAMSUNG.img 11872
//odm/firmware/tp/19805/FW_S3908_SAMSUNG.img 11873-11921
//odm/firmware/tp/19805/FW_S3908_SAMSUNG_FAE.img 11923-11971
//odm/firmware/tp/19805/LIMIT_S3908_SAMSUNG.img 11973
//odm/firmware/tp/19811/FW_S6SY791_SAMSUNG.bin 11974-12014
//odm/firmware/tp/19811/FW_S6SY791_SAMSUNG_FAE.bin 12015-12055
//odm/firmware/tp/19811/LIMIT_S6SY791_SAMSUNG.img 12056
//odm/firmware/tp/19821/FW_S6SY771_SAMSUNG.bin 12057-12096
//odm/firmware/tp/19821/FW_S6SY771_SAMSUNG_FAE.bin 12097-12136
//odm/firmware/tp/19821/LIMIT_S6SY771_SAMSUNG.img 12137
//odm/firmware/tp/19855/FW_S6SY771_SAMSUNG.bin 12138-12177
//odm/firmware/tp/19855/FW_S6SY771_SAMSUNG_FAE.bin 12178-12217
//odm/firmware/tp/19855/LIMIT_S6SY771_SAMSUNG.img 12218
//odm/firmware/tp/20061/FW_S3908_SAMSUNG.img 12219-12268
//odm/firmware/tp/20061/FW_S3908_SAMSUNG_FAE.img 12269-12318
//odm/firmware/tp/20061/LIMIT_S3908_SAMSUNG.img 12319
//odm/firmware/tp/20135/FW_S6SY792_SAMSUNG.bin 12320-12360
//odm/firmware/tp/20135/FW_S6SY792_SAMSUNG_FAE.bin 12361-12401
//odm/firmware/tp/20135/LIMIT_S6SY792_SAMSUNG.img 12403
//odm/firmware/tp/20161/FW_S6SY792_SAMSUNG.bin 12404-12445
//odm/firmware/tp/20161/FW_S6SY792_SAMSUNG_FAE.bin 12446-12487
//odm/firmware/tp/20161/LIMIT_S6SY792_SAMSUNG.img 12488
//odm/firmware/tp/20809/FW_S3908_SAMSUNG.img 12489-12537
//odm/firmware/tp/20809/FW_S3908_SAMSUNG_FAE.img 12539-12587
//odm/firmware/tp/20809/LIMIT_S3908_SAMSUNG.img 12589
//odm/firmware/tp/20828/FW_S3908_SAMSUNG.img 12590-12639
//odm/firmware/tp/20828/FW_S3908_SAMSUNG_FAE.img 12640-12688
//odm/firmware/tp/20828/LIMIT_S3908_SAMSUNG.img 12690
//odm/firmware/tp/21027/FW_NT36523_BOE.bin 12691-12719
//odm/firmware/tp/21027/FW_NT36523_BOE_FAE.bin 12720-12748
//odm/firmware/tp/21027/FW_NT36523_BOE_TEST.bin 12749-12777
//odm/firmware/tp/21027/FW_S6SY792_SAMSUNG.bin 12778-12819
//odm/firmware/tp/21027/FW_S6SY792_SAMSUNG_FAE.bin 12820-12861
//odm/firmware/tp/21027/LIMIT_NT36523_BOE.img 12862-12865
//odm/firmware/tp/21027/LIMIT_S6SY792_SAMSUNG.img 12866
//odm/firmware/tp/21615/FW_S6SY792_SAMSUNG.bin 12867-12908
//odm/firmware/tp/21615/FW_S6SY792_SAMSUNG_FAE.bin 12909-12950
//odm/firmware/tp/21615/LIMIT_S6SY792_SAMSUNG.img 12951
//odm/firmware/tp/21619/FW_S3908_SAMSUNG.img 12952-13001
//odm/firmware/tp/21619/FW_S3908_SAMSUNG_FAE.img 13003-13052
//odm/firmware/tp/21619/LIMIT_S3908_SAMSUNG.img 13054-13055
//odm/firmware/tp/21623/FW_FT3658U_SAMSUNG.img 13056-13081
//odm/firmware/tp/21623/FW_FT3658U_SAMSUNG_FAE.img 13082-13107
//odm/firmware/tp/21623/LIMIT_FT3658U_SAMSUNG.img 13108-13110
//odm/firmware/wentai24k_rtp.bin 13111
//odm/framework/oat/arm/vendor.oplus.hardware.appradio-V1.0-java.odex 13114
//odm/framework/oat/arm/vendor.oplus.hardware.biometrics.fingerprint-V2.1-java.odex 13115
//odm/framework/oat/arm/vendor.oplus.hardware.biometrics.fingerprintpay-V1.0-java.odex 13116
//odm/framework/oat/arm/vendor.oplus.hardware.charger-V1.0-java.odex 13117
//odm/framework/oat/arm/vendor.oplus.hardware.cryptoeng-V1.0-java.odex 13118
//odm/framework/oat/arm/vendor.oplus.hardware.engineer-V1.0-java.odex 13119
//odm/framework/oat/arm/vendor.oplus.hardware.felica-V1.0-java.odex 13120
//odm/framework/oat/arm/vendor.oplus.hardware.gameopt-V1.0-java.odex 13121
//odm/framework/oat/arm/vendor.oplus.hardware.handlefactory-V1.0-java.odex 13122
//odm/framework/oat/arm/vendor.oplus.hardware.ims-V1.0-java.odex 13123
//odm/framework/oat/arm/vendor.oplus.hardware.lmvibrator-V1.0-java.odex 13125
//odm/framework/oat/arm/vendor.oplus.hardware.misc-V1.0-java.odex 13126
//odm/framework/oat/arm/vendor.oplus.hardware.oplusSensor-V1.0-java.odex 13127
//odm/framework/oat/arm/vendor.oplus.hardware.orms-V1.0-java.odex 13128
//odm/framework/oat/arm/vendor.oplus.hardware.orms.ormsHalService-V1.0-java.odex 13129
//odm/framework/oat/arm/vendor.oplus.hardware.osense.client-V1.0-java.odex 13130
//odm/framework/oat/arm/vendor.oplus.hardware.performance-V1.0-java.odex 13131
//odm/framework/oat/arm/vendor.oplus.hardware.radio-V1.0-java.odex 13132
//odm/framework/oat/arm/vendor.oplus.hardware.stability.oplus_project-V1.0-java.odex 13134
//odm/framework/oat/arm/vendor.oplus.hardware.thermalmntcfg-V1.0-java.odex 13135
//odm/framework/oat/arm/vendor.oplus.hardware.touch-V1.0-java.odex 13136
//odm/framework/oat/arm/vendor.oplus.hardware.transfer-V1.0-java.odex 13137
//odm/framework/oat/arm/vendor.oplus.hardware.transmessage-V1.0-java.odex 13138
//odm/framework/oat/arm/vendor.oplus.hardware.wifi-V1.1-java.odex 13139
//odm/framework/oat/arm64/vendor.oplus.hardware.appradio-V1.0-java.odex 13141
//odm/framework/oat/arm64/vendor.oplus.hardware.biometrics.fingerprint-V2.1-java.odex 13142
//odm/framework/oat/arm64/vendor.oplus.hardware.biometrics.fingerprintpay-V1.0-java.odex 13143
//odm/framework/oat/arm64/vendor.oplus.hardware.charger-V1.0-java.odex 13145
//odm/framework/oat/arm64/vendor.oplus.hardware.cryptoeng-V1.0-java.odex 13146
//odm/framework/oat/arm64/vendor.oplus.hardware.engineer-V1.0-java.odex 13147
//odm/framework/oat/arm64/vendor.oplus.hardware.felica-V1.0-java.odex 13148
//odm/framework/oat/arm64/vendor.oplus.hardware.gameopt-V1.0-java.odex 13149
//odm/framework/oat/arm64/vendor.oplus.hardware.handlefactory-V1.0-java.odex 13150
//odm/framework/oat/arm64/vendor.oplus.hardware.ims-V1.0-java.odex 13151
//odm/framework/oat/arm64/vendor.oplus.hardware.lmvibrator-V1.0-java.odex 13152
//odm/framework/oat/arm64/vendor.oplus.hardware.misc-V1.0-java.odex 13154
//odm/framework/oat/arm64/vendor.oplus.hardware.oplusSensor-V1.0-java.odex 13155
//odm/framework/oat/arm64/vendor.oplus.hardware.orms-V1.0-java.odex 13156
//odm/framework/oat/arm64/vendor.oplus.hardware.orms.ormsHalService-V1.0-java.odex 13157
//odm/framework/oat/arm64/vendor.oplus.hardware.osense.client-V1.0-java.odex 13158
//odm/framework/oat/arm64/vendor.oplus.hardware.performance-V1.0-java.odex 13159
//odm/framework/oat/arm64/vendor.oplus.hardware.radio-V1.0-java.odex 13160
//odm/framework/oat/arm64/vendor.oplus.hardware.stability.oplus_project-V1.0-java.odex 13161
//odm/framework/oat/arm64/vendor.oplus.hardware.thermalmntcfg-V1.0-java.odex 13163
//odm/framework/oat/arm64/vendor.oplus.hardware.touch-V1.0-java.odex 13164
//odm/framework/oat/arm64/vendor.oplus.hardware.transfer-V1.0-java.odex 13165
//odm/framework/oat/arm64/vendor.oplus.hardware.transmessage-V1.0-java.odex 13166
//odm/framework/oat/arm64/vendor.oplus.hardware.wifi-V1.1-java.odex 13167
//odm/framework/vendor.oplus.hardware.appradio-V1.0-java.jar 13168-13173
//odm/framework/vendor.oplus.hardware.biometrics.fingerprint-V2.1-java.jar 13174-13182
//odm/framework/vendor.oplus.hardware.biometrics.fingerprintpay-V1.0-java.jar 13183-13186
//odm/framework/vendor.oplus.hardware.charger-V1.0-java.jar 13187-13192
//odm/framework/vendor.oplus.hardware.cryptoeng-V1.0-java.jar 13193-13195
//odm/framework/vendor.oplus.hardware.engineer-V1.0-java.jar 13196-13201
//odm/framework/vendor.oplus.hardware.felica-V1.0-java.jar 13202-13205
//odm/framework/vendor.oplus.hardware.gameopt-V1.0-java.jar 13206-13209
//odm/framework/vendor.oplus.hardware.handlefactory-V1.0-java.jar 13210-13212
//odm/framework/vendor.oplus.hardware.ims-V1.0-java.jar 13213-13217
//odm/framework/vendor.oplus.hardware.lmvibrator-V1.0-java.jar 13219-13221
//odm/framework/vendor.oplus.hardware.misc-V1.0-java.jar 13222-13224
//odm/framework/vendor.oplus.hardware.oplusSensor-V1.0-java.jar 13225-13227
//odm/framework/vendor.oplus.hardware.orms-V1.0-java.jar 13228-13231
//odm/framework/vendor.oplus.hardware.orms.ormsHalService-V1.0-java.jar 13232-13235
//odm/framework/vendor.oplus.hardware.osense.client-V1.0-java.jar 13236-13239
//odm/framework/vendor.oplus.hardware.performance-V1.0-java.jar 13240-13247
//odm/framework/vendor.oplus.hardware.radio-V1.0-java.jar 13248-13260
//odm/framework/vendor.oplus.hardware.stability.oplus_project-V1.0-java.jar 13261-13264
//odm/framework/vendor.oplus.hardware.thermalmntcfg-V1.0-java.jar 13265-13267
//odm/framework/vendor.oplus.hardware.touch-V1.0-java.jar 13268-13270
//odm/framework/vendor.oplus.hardware.transfer-V1.0-java.jar 13271-13274
//odm/framework/vendor.oplus.hardware.transmessage-V1.0-java.jar 13275-13277
//odm/framework/vendor.oplus.hardware.wifi-V1.1-java.jar 13278-13284
//odm/lib/android.hardware.biometrics.fingerprint@2.1.so 13287-13300
//odm/lib/android.hardware.biometrics.fingerprint@2.2.so 13301-13312
//odm/lib/android.hardware.biometrics.fingerprint@2.3.so 13313-13321
//odm/lib/android.hardware.nfc@1.0.so 13322-13333
//odm/lib/android.hardware.nfc@1.1.so 13334-13345
//odm/lib/android.hardware.nfc@1.2.so 13346-13353
//odm/lib/android.hardware.secure_element@1.0-impl.so 13354-13358
//odm/lib/android.hardware.secure_element@1.0.so 13359-13370
//odm/lib/android.hardware.secure_element@1.1.so 13371-13381
//odm/lib/android.hardware.secure_element@1.2.so 13382-13389
//odm/lib/camera/components/com.qti.stats.pdlib.so 13390-13485
//odm/lib/camera/components/libipebpsstriping.so 13486-13522
//odm/lib/hta_lib/libhta_hexagon_runtime.so 13523-13868
//odm/lib/hw/audio.binaural_record.default.so 13870 13871
//odm/lib/hw/awinic.haptic.effect.so 13872-13877
//odm/lib/hw/fingerprint.19805_goodix9638_G6_3.default.so 13878
//odm/lib/hw/fingerprint.19805_goodix9678_G6_7.default.so 13880
//odm/lib/hw/fingerprint.19811_goodix9638_G6.default.so 13882
//odm/lib/hw/fingerprint.20801_goodix9558_G3.default.so 13884
//odm/lib/hw/fingerprint.20828_goodix9678.default.so 13886
//odm/lib/hw/fingerprint.goodix9608_G5.default.so 13888
//odm/lib/hw/fingerprint.goodix9638_G6.default.so 13890
//odm/lib/hw/vendor.oplus.hardware.bluetooth_audio_extend@2.1-impl.so 13892-13899
//odm/lib/hw/vendor.oplus.hardware.engcamera@1.0-impl.so 13900-13903
//odm/lib/hw/vendor.oplus.hardware.gameopt@1.0-impl.so 13904-13991
//odm/lib/hw/vendor.oplus.hardware.orms.ormsHalService@1.0-impl.so 13992-13997
//odm/lib/hw/vendor.qti.esepowermanager@1.1-impl.so 13998-14001
//odm/lib/jcos_nq_client.so 14002-14005
//odm/lib/libDxHdcp.so 14006-14185
//odm/lib/libSonyIMX471RmscLibrary.so 14186-14188
//odm/lib/lib_cryptoeng_api.so 14189
//odm/lib/libaacvibrator.so 14190-14206
//odm/lib/libaiboost.so 14207-14990
//odm/lib/libaiboost_hexagon.so 14992-15001
//odm/lib/libaiboost_nnlib_sr.so 15002-15033
//odm/lib/libaiboost_sr.so 15034-15053
//odm/lib/libaiboost_ubwc.so 15054-15056
//odm/lib/libaudioEngineerTest.so 15057-15065
//odm/lib/libavcodec.so 15066-16852
//odm/lib/libavformat.so 16855-17063
//odm/lib/libavutil.so 17064-17134
//odm/lib/libbluetooth_audio_extend_factory_client.so 17135
//odm/lib/libbluetooth_audio_extend_session_oplus.so 17136-17419
//odm/lib/libbsproxy.so 17420-17423
//odm/lib/libcdm_metrics_protos.so 17424-17441
//odm/lib/libcdm_protos.so 17442-17504
//odm/lib/libchrome.so 17505-17640
//odm/lib/libdapparamstorage_v3_6.so 17641-17643
//odm/lib/libdav1d.so.4 17644-17768
//odm/lib/libdeccfg_v3_6.so 17769-17773
//odm/lib/libdlbdsservice_v3_6.so 17774-17819
//odm/lib/libdpservice.so 17820-17823
//odm/lib/libfastov_dsp.so 17824-17839
//odm/lib/libffmpeg_omx.so 17840-17846
//odm/lib/libffmpeg_utils.so 17847-17849
//odm/lib/libgf_hal_19805_G6_3_oplus.so 17850-17891
//odm/lib/libgf_hal_19805_G6_7_oplus.so 17892-17933
//odm/lib/libgf_hal_19811_G6_oplus.so 17934-17971
//odm/lib/libgf_hal_20828_G6_7_oplus.so 17972-18013
//odm/lib/libgf_hal_G5_oplus.so 18014-18045
//odm/lib/libgf_hal_G6_oplus.so 18046-18083
//odm/lib/libgf_ud_hal_20801_G3_oplus.so 18084-18131
//odm/lib/libifaa_factory.so 18132
//odm/lib/liblvimfs.so 18134-18197
//odm/lib/liblvimfs_wrapper.so 18199-18202
//odm/lib/libmindroid-app.so 18203-18204
//odm/lib/libmindroid-framework.so 18205-18360
//odm/lib/liboemcrypto.so 18361-18381
//odm/lib/libolc_vnd.so 18382-18383
//odm/lib/liboplus_service.so 18384-18386
//odm/lib/libormshalclient.so 18387-18388
//odm/lib/libosensehalclient.so 18389-18391
//odm/lib/libosie_process.so 18392-18407
//odm/lib/libosie_stub.so 18408-18409
//odm/lib/libpn553_fw.so 18410-18417
//odm/lib/libpn557_fw.so 18418-18425
//odm/lib/libpnscr2.so 18426-18457
//odm/lib/libpwirisIoctlWrapper.so 18458
//odm/lib/libpwirisPCS.so 18459-18474
//odm/lib/libpwiriscalibrate.so 18475-18493
//odm/lib/libpwirisfeature.so 18494
//odm/lib/libpwirishalwrapper.so 18495-18503
//odm/lib/libpwirispq.so 18504-18692
//odm/lib/libpwirisservice.so 18693-18734
//odm/lib/libpwirissoft.so 18735-18907
//odm/lib/libpwsnapdragoncolor.so 18909-19110
//odm/lib/libpwsoftirisPCS.so 19111-19126
//odm/lib/libqsee_keybox_ca.so 19127-19136
//odm/lib/libqti-radio-service.so 19137-19190
//odm/lib/libqti-subsys-service.so 19191-19193
//odm/lib/libqtigef.so 19194-19196
//odm/lib/libradio-service.so 19197-19214
//odm/lib/libradioapis.so 19215-19248
//odm/lib/librfapis.so 19249-19264
//odm/lib/librpmbengclient.so 19265
//odm/lib/libsn100u_fw.so 19266-19315
//odm/lib/libstagefright_soft_ac4dec_v3_6.so 19317-19719
//odm/lib/libstagefright_soft_ddpdec_v3_6.so 19720-20142
//odm/lib/libstagefrightdolby.so 20144
//odm/lib/libsubsys-service.so 20146-20150
//odm/lib/libsubsys-utils.so 20151-20152
//odm/lib/libswresample.so 20153-20165
//odm/lib/libswscale.so 20166-20231
//odm/lib/libwvhidl.so 20232-20625
//odm/lib/ls_nq_client.so 20626-20631
//odm/lib/mediadrm/libwvdrmengine.so 20632-21013
//odm/lib/nfc_nci.nqx.default.hw.so 21014-21046
//odm/lib/rfsa/adsp/aiboost/libaiboostsr_skel_v66.so 21048-21269
//odm/lib/rfsa/adsp/aiboost/libaiboostubwc_skel.so 21270-21283
//odm/lib/rfsa/adsp/hta_lib/libhta_dsp_skel.so 21284-21307
//odm/lib/rfsa/adsp/libaiboost_skel.so 21308-21525
//odm/lib/rfsa/adsp/libaiboost_skel_v65.so 21526-21747
//odm/lib/rfsa/adsp/libaiboost_skel_v66.so 21748-21968
//odm/lib/rfsa/adsp/libc++.so.1 21969-22339
//odm/lib/rfsa/adsp/libc++abi.so.1 22341-22412
//odm/lib/rfsa/adsp/libinterstellar_skel.so 22413-22428
//odm/lib/rfsa/adsp/libktvdrc.so 22429-22431
//odm/lib/rfsa/adsp/libktveffect.so 22432-22449
//odm/lib/rfsa/adsp/libktveq.so 22450-22455
//odm/lib/rfsa/adsp/libktvns.so 22456-22461
//odm/lib/rfsa/adsp/libktvpitchshift.so 22462-22465
//odm/lib/rfsa/adsp/libktvreverb.so 22466-22469
//odm/lib/rfsa/adsp/libktvvolume.so 22470-22471
//odm/lib/se_nq_extn_client.so 22472-22476
//odm/lib/sensors.hal.tof.so 22477-22480
//odm/lib/sensors.hal.tofcalib.so 22481-22486
//odm/lib/soundfx/libhwdap_v3_6.so 22487-22497
//odm/lib/soundfx/libswdap_v3_6.so 22498-22822
//odm/lib/vendor.aac.hardware.richtap.vibrator-V1-ndk_platform.so 22823-22827
//odm/lib/vendor.aac.hardware.richtap.vibrator-V2-ndk_platform.so 22829-22834
//odm/lib/vendor.dolby_v3_6.hardware.dms360@2.0-impl.so 22835-22838
//odm/lib/vendor.dolby_v3_6.hardware.dms360@2.0.so 22839-22860
//odm/lib/vendor.nxp.hardware.nfc@1.0.so 22861-22867
//odm/lib/vendor.nxp.hardware.nfc@1.1.so 22868-22875
//odm/lib/vendor.oneplus.faceunlock.hal@1.0.so 22876-22885
//odm/lib/vendor.oplus.hardware.appradio@1.0.so 22886-22903
//odm/lib/vendor.oplus.hardware.biometrics.fingerprint@2.1.so 22904-22916
//odm/lib/vendor.oplus.hardware.biometrics.fingerprintpay@1.0.so 22917-22929
//odm/lib/vendor.oplus.hardware.bluetooth_audio_extend@2.1.so 22930-22945
//odm/lib/vendor.oplus.hardware.cammidasservice@1.0.so 22946-22953
//odm/lib/vendor.oplus.hardware.charger@1.0.so 22954-22977
//odm/lib/vendor.oplus.hardware.commondcs@1.0.so 22978-22984
//odm/lib/vendor.oplus.hardware.cryptoeng@1.0.so 22985-22991
//odm/lib/vendor.oplus.hardware.displaypanelfeature@1.0.so 22992-22999
//odm/lib/vendor.oplus.hardware.engcamera@1.0.so 23000-23011
//odm/lib/vendor.oplus.hardware.engineer@1.0.so 23012-23030
//odm/lib/vendor.oplus.hardware.felica@1.0-impl.so 23031-23032
//odm/lib/vendor.oplus.hardware.felica@1.0.so 23033-23041
//odm/lib/vendor.oplus.hardware.gameopt@1.0.so 23042-23053
//odm/lib/vendor.oplus.hardware.handlefactory@1.0.so 23054-23061
//odm/lib/vendor.oplus.hardware.ims@1.0.so 23062-23076
//odm/lib/vendor.oplus.hardware.lmvibrator@1.0.so 23077-23084
//odm/lib/vendor.oplus.hardware.misc@1.0.so 23085-23092
//odm/lib/vendor.oplus.hardware.mmdisplayfeature@1.0.so 23093-23099
//odm/lib/vendor.oplus.hardware.nfc@1.0.so 23100-23106
//odm/lib/vendor.oplus.hardware.olc@2.0.so 23107-23118
//odm/lib/vendor.oplus.hardware.oplusSensor@1.0.so 23119-23127
//odm/lib/vendor.oplus.hardware.orms.ormsHalService@1.0.so 23128-23140
//odm/lib/vendor.oplus.hardware.orms@1.0.so 23141-23148
//odm/lib/vendor.oplus.hardware.osense.client@1.0.so 23150-23157
//odm/lib/vendor.oplus.hardware.performance@1.0.so 23158-23194
//odm/lib/vendor.oplus.hardware.power.powermonitor@1.0.so 23195-23203
//odm/lib/vendor.oplus.hardware.radio@1.0.so 23204-23242
//odm/lib/vendor.oplus.hardware.rpmh@2.0.so 23243-23250
//odm/lib/vendor.oplus.hardware.stability.oplus_project@1.0.so 23251-23263
//odm/lib/vendor.oplus.hardware.subsys-V1-ndk_platform.so 23264-23269
//odm/lib/vendor.oplus.hardware.subsys_radio-V1-ndk_platform.so 23270-23302
//odm/lib/vendor.oplus.hardware.thermalmntcfg@1.0.so 23303-23310
//odm/lib/vendor.oplus.hardware.touch@1.0.so 23311-23318
//odm/lib/vendor.oplus.hardware.transfer@1.0.so 23319-23328
//odm/lib/vendor.oplus.hardware.transmessage@1.0.so 23329-23336
//odm/lib/vendor.oplus.hardware.wifi.supplicant@2.0.so 23337-23369
//odm/lib/vendor.oplus.hardware.wifi@1.1.so 23370-23386
//odm/lib/vendor.pixelworks.hardware.display@1.0.so 23387-23398
//odm/lib/vendor.pixelworks.hardware.display@1.1.so 23399-23421
//odm/lib/vendor.pixelworks.hardware.feature@1.0.so 23422-23428
//odm/lib/vendor.qti.esepowermanager@1.0.so 23429-23436
//odm/lib/vendor.qti.esepowermanager@1.1.so 23437-23444
//odm/lib64/android.hardware.biometrics.common-V1-ndk_platform.so 23447-23451
//odm/lib64/android.hardware.biometrics.face-V1-ndk_platform.so 23452-23465
//odm/lib64/android.hardware.biometrics.fingerprint@2.1.so 23466-23487
//odm/lib64/android.hardware.biometrics.fingerprint@2.2.so 23488-23507
//odm/lib64/android.hardware.biometrics.fingerprint@2.3.so 23508-23520
//odm/lib64/android.hardware.common-V2-ndk_platform.so 23521-23522
//odm/lib64/android.hardware.keymaster-V3-ndk_platform.so 23523-23524
//odm/lib64/android.hardware.nfc@1.0.so 23525-23543
//odm/lib64/android.hardware.nfc@1.1.so 23544-23563
//odm/lib64/android.hardware.nfc@1.2.so 23564-23577
//odm/lib64/android.hardware.secure_element@1.0-impl.so 23578-23583
//odm/lib64/android.hardware.secure_element@1.0.so 23584-23603
//odm/lib64/android.hardware.secure_element@1.1.so 23604-23622
//odm/lib64/android.hardware.secure_element@1.2.so 23623-23635
//odm/lib64/camera/com.qti.sensormodule.holitech_gc02m1b.bin 23636-23638
//odm/lib64/camera/com.qti.sensormodule.qtech_imx481.bin 23640-23648
//odm/lib64/camera/com.qti.sensormodule.semco_imx586.bin 23649-23683
//odm/lib64/camera/com.qti.sensormodule.shine_gc5035.bin 23684-23687
//odm/lib64/camera/com.qti.sensormodule.truly_imx471.bin 23688-23692
//odm/lib64/camera/com.qti.tuned.holitech_gc02m1b.bin 23693-23710
//odm/lib64/camera/com.qti.tuned.qtech_imx481.bin 23711-23894
//odm/lib64/camera/com.qti.tuned.semco_imx586.bin 23897-24564
//odm/lib64/camera/com.qti.tuned.shine_gc5035.bin 24572-24660
//odm/lib64/camera/com.qti.tuned.truly_imx471.bin 24661-24794
//odm/lib64/camera/com.qti_lemonades.sensor.gc02m1b.so 24797-24798
//odm/lib64/camera/com.qti_lemonades.sensor.gc5035.so 24799-24800
//odm/lib64/camera/com.qti_lemonades.sensor.imx471.so 24801
//odm/lib64/camera/com.qti_lemonades.sensor.imx481.so 24802-24803
//odm/lib64/camera/com.qti_lemonades.sensor.imx586.so 24804-24805
//odm/lib64/camera/components/com.oneplus.node.cfrsnapshot.so 24806-24810
//odm/lib64/camera/components/com.oneplus.node.cfrvideo.so 24811-24816
//odm/lib64/camera/components/com.qti.stats.haf.so 24817-24877
//odm/lib64/camera/components/com.qti.stats.pdlib.so 24878-25051
//odm/lib64/camera/components/libipebpsstriping.so 25052-25093
//odm/lib64/hta_lib/libhta_hexagon_runtime.so 25094-25857
//odm/lib64/hw/audio.binaural_record.default.so 25859-25860
//odm/lib64/hw/fingerprint.19805_goodix9638_G6_3.default.so 25861-25862
//odm/lib64/hw/fingerprint.19805_goodix9678_G6_7.default.so 25863-25864
//odm/lib64/hw/fingerprint.19811_goodix9638_G6.default.so 25865-25866
//odm/lib64/hw/fingerprint.20801_goodix9558_G3.default.so 25867-25868
//odm/lib64/hw/fingerprint.20828_goodix9678.default.so 25869-25870
//odm/lib64/hw/fingerprint.goodix9608_G5.default.so 25871-25872
//odm/lib64/hw/fingerprint.goodix9638_G6.default.so 25873-25874
//odm/lib64/hw/vendor.oplus.hardware.bluetooth_audio_extend@2.1-impl.so 25875-25884
//odm/lib64/hw/vendor.oplus.hardware.engcamera@1.0-impl.so 25886-25889
//odm/lib64/hw/vendor.oplus.hardware.gameopt@1.0-impl.so 25890-25998
//odm/lib64/hw/vendor.oplus.hardware.orms.ormsHalService@1.0-impl.so 25999-26004
//odm/lib64/hw/vendor.qti.esepowermanager@1.1-impl.so 26005-26010
//odm/lib64/jcos_nq_client.so 26011-26015
//odm/lib64/libDxHdcp.so 26016-26232
//odm/lib64/libSonyIMX471RmscLibrary.so 26233-26248
//odm/lib64/libTeeClient.so 26249-26286
//odm/lib64/lib_cryptoeng_api.so 26287
//odm/lib64/libaacvibrator.so 26288-26304
//odm/lib64/libaiboost.so 26305-27292
//odm/lib64/libaiboost_hexagon.so 27294-27303
//odm/lib64/libaiboost_nnlib_sr.so 27304-27339
//odm/lib64/libaiboost_sr.so 27340-27367
//odm/lib64/libaiboost_ubwc.so 27368-27370
//odm/lib64/libaudioEngineerTest.so 27371-27379
//odm/lib64/libavcodec.so 27380-29027
//odm/lib64/libavformat.so 29030-29222
//odm/lib64/libavutil.so 29223-29283
//odm/lib64/libbluetooth_audio_extend_factory_client.so 29284
//odm/lib64/libbluetooth_audio_extend_session_oplus.so 29285-29579
//odm/lib64/libbsproxy.so 29580-29583
//odm/lib64/libcdm_metrics_protos.so 29584-29604
//odm/lib64/libcdm_protos.so 29605-29681
//odm/lib64/libchrome.so 29682-29849
//odm/lib64/libdapparamstorage_v3_6.so 29850-29852
//odm/lib64/libdav1d.so.4 29853-29975
//odm/lib64/libdeccfg_v3_6.so 29976-29981
//odm/lib64/libdlbdsservice_v3_6.so 29982-30038
//odm/lib64/libdpservice.so 30040-30043
//odm/lib64/libfastov_dsp.so 30044-30048
//odm/lib64/libffmpeg_utils.so 30049-30051
//odm/lib64/libgf_hal_19805_G6_3_oplus.so 30052-30099
//odm/lib64/libgf_hal_19805_G6_7_oplus.so 30100-30146
//odm/lib64/libgf_hal_19811_G6_oplus.so 30147-30189
//odm/lib64/libgf_hal_20828_G6_7_oplus.so 30190-30236
//odm/lib64/libgf_hal_G5_oplus.so 30237-30273
//odm/lib64/libgf_hal_G6_oplus.so 30274-30316
//odm/lib64/libgf_ud_hal_20801_G3_oplus.so 30317-30370
//odm/lib64/libifaa_factory.so 30371-30372
//odm/lib64/liblvimfs.so 30373-30492
//odm/lib64/liblvimfs_wrapper.so 30493-30494
//odm/lib64/libmindroid-app.so 30495-30496
//odm/lib64/libmindroid-framework.so 30497-30686
//odm/lib64/liboemcrypto.so 30687-30707
//odm/lib64/libolc_vnd.so 30709-30710
//odm/lib64/liboplus_service.so 30711-30713
//odm/lib64/libormshalclient.so 30714-30716
//odm/lib64/libosensehalclient.so 30717-30719
//odm/lib64/libosie_process.so 30720-30737
//odm/lib64/libosie_stub.so 30738-30739
//odm/lib64/libpnscr2.so 30740-30769
//odm/lib64/libpwirisIoctlWrapper.so 30770
//odm/lib64/libpwirisPCS.so 30771-30795
//odm/lib64/libpwiriscalibrate.so 30796-30814
//odm/lib64/libpwirisfeature.so 30815
//odm/lib64/libpwirishalwrapper.so 30816-30825
//odm/lib64/libpwirispq.so 30826-31012
//odm/lib64/libpwirisservice.so 31013-31063
//odm/lib64/libpwirissoft.so 31064-31236
//odm/lib64/libpwsnapdragoncolor.so 31238-31444
//odm/lib64/libpwsoftirisPCS.so 31445-31468
//odm/lib64/libqsee_keybox_ca.so 31469-31479
//odm/lib64/libqti-radio-service.so 31480-31550
//odm/lib64/libqti-subsys-service.so 31551-31553
//odm/lib64/libqtigef.so 31554-31557
//odm/lib64/libradio-service.so 31558-31579
//odm/lib64/libradioapis.so 31580-31615
//odm/lib64/librfapis.so 31616-31633
//odm/lib64/librpmbengclient.so 31634
//odm/lib64/libstdc++.so 31635-31636
//odm/lib64/libstfaceunlockocl.so 31637-41418
//odm/lib64/libsubsys-service.so 41427-41431
//odm/lib64/libsubsys-utils.so 41432-41433
//odm/lib64/libswresample.so 41434-41445
//odm/lib64/libswscale.so 41446-41514
//odm/lib64/libvl53l1_daemon.so 41515-41522
//odm/lib64/libwvhidl.so 41523-41950
//odm/lib64/ls_nq_client.so 41951-41957
//odm/lib64/mediadrm/libwvdrmengine.so 41958-42370
//odm/lib64/nfc_nci.nqx.default.hw.so 42372-42414
//odm/lib64/se_nq_extn_client.so 42415-42421
//odm/lib64/sensors.hal.tof.so 42422-42425
//odm/lib64/sensors.hal.tofcalib.so 42426-42431
//odm/lib64/soundfx/libhwdap_v3_6.so 42432-42444
//odm/lib64/soundfx/libswdap_v3_6.so 42445-42784
//odm/lib64/vendor.aac.hardware.richtap.vibrator-V1-ndk_platform.so 42785-42791
//odm/lib64/vendor.aac.hardware.richtap.vibrator-V2-ndk_platform.so 42792-42798
//odm/lib64/vendor.dolby_v3_6.hardware.dms360@2.0-impl.so 42799-42803
//odm/lib64/vendor.dolby_v3_6.hardware.dms360@2.0.so 42804-42829
//odm/lib64/vendor.nxp.hardware.nfc@1.0.so 42830-42840
//odm/lib64/vendor.nxp.hardware.nfc@1.1.so 42841-42853
//odm/lib64/vendor.oneplus.faceunlock.hal@1.0.so 42854-42864
//odm/lib64/vendor.oplus.hardware.appradio@1.0.so 42865-42885
//odm/lib64/vendor.oplus.hardware.biometrics.fingerprint@2.1.so 42886-42900
//odm/lib64/vendor.oplus.hardware.biometrics.fingerprintpay@1.0.so 42901-42916
//odm/lib64/vendor.oplus.hardware.bluetooth_audio_extend@2.1.so 42917-42935
//odm/lib64/vendor.oplus.hardware.cammidasservice@1.0.so 42936-42944
//odm/lib64/vendor.oplus.hardware.charger@1.0.so 42945-42971
//odm/lib64/vendor.oplus.hardware.commondcs@1.0.so 42973-42980
//odm/lib64/vendor.oplus.hardware.cryptoeng@1.0.so 42981-42988
//odm/lib64/vendor.oplus.hardware.displaypanelfeature@1.0.so 42989-42997
//odm/lib64/vendor.oplus.hardware.engcamera@1.0.so 42998-43011
//odm/lib64/vendor.oplus.hardware.engineer@1.0.so 43012-43033
//odm/lib64/vendor.oplus.hardware.felica@1.0-impl.so 43034-43036
//odm/lib64/vendor.oplus.hardware.felica@1.0.so 43037-43046
//odm/lib64/vendor.oplus.hardware.gameopt@1.0.so 43047-43060
//odm/lib64/vendor.oplus.hardware.handlefactory@1.0.so 43061-43070
//odm/lib64/vendor.oplus.hardware.ims@1.0.so 43071-43087
//odm/lib64/vendor.oplus.hardware.lmvibrator@1.0.so 43088-43097
//odm/lib64/vendor.oplus.hardware.misc@1.0.so 43098-43107
//odm/lib64/vendor.oplus.hardware.mmdisplayfeature@1.0.so 43108-43115
//odm/lib64/vendor.oplus.hardware.nfc@1.0.so 43116-43123
//odm/lib64/vendor.oplus.hardware.olc@2.0.so 43124-43136
//odm/lib64/vendor.oplus.hardware.oplusSensor@1.0.so 43137-43147
//odm/lib64/vendor.oplus.hardware.orms.ormsHalService@1.0.so 43148-43162
//odm/lib64/vendor.oplus.hardware.orms@1.0.so 43163-43171
//odm/lib64/vendor.oplus.hardware.osense.client@1.0.so 43172-43180
//odm/lib64/vendor.oplus.hardware.performance@1.0.so 43181-43223
//odm/lib64/vendor.oplus.hardware.power.powermonitor@1.0.so 43224-43233
//odm/lib64/vendor.oplus.hardware.radio@1.0.so 43234-43279
//odm/lib64/vendor.oplus.hardware.rpmh@2.0.so 43280-43288
//odm/lib64/vendor.oplus.hardware.stability.oplus_project@1.0.so 43289-43303
//odm/lib64/vendor.oplus.hardware.subsys-V1-ndk_platform.so 43305-43311
//odm/lib64/vendor.oplus.hardware.subsys_radio-V1-ndk_platform.so 43312-43348
//odm/lib64/vendor.oplus.hardware.thermalmntcfg@1.0.so 43349-43357
//odm/lib64/vendor.oplus.hardware.touch@1.0.so 43358-43366
//odm/lib64/vendor.oplus.hardware.transfer@1.0.so 43367-43378
//odm/lib64/vendor.oplus.hardware.transmessage@1.0.so 43379-43388
//odm/lib64/vendor.oplus.hardware.wifi.supplicant@2.0.so 43389-43428
//odm/lib64/vendor.oplus.hardware.wifi@1.1.so 43429-43448
//odm/lib64/vendor.pixelworks.hardware.display@1.0.so 43449-43463
//odm/lib64/vendor.pixelworks.hardware.display@1.1.so 43464-43489
//odm/lib64/vendor.pixelworks.hardware.feature@1.0.so 43490-43497
//odm/lib64/vendor.qti.esepowermanager@1.0.so 43498-43510
//odm/lib64/vendor.qti.esepowermanager@1.1.so 43511-43522
//odm/overlay/CarrierConfigOverlay.19823.apk 43523-43528
//odm/overlay/android_framework_res_overlay.audio.product.20838.apk 43529-43530
//odm/overlay/framework_res_overlay_Network.kona.apk 43531-43532
//odm/overlay/oplus_framework_res_overlay.camera.product.20838.apk 43533-43534
//odm/vendor/etc/wifi/WCNSS_qcom_cfg.ini 43535-43537
//odm/vendor/firmware/alipay.b01 43539
//odm/vendor/firmware/alipay.b02 43540-43546
//odm/vendor/firmware/alipay.b07 43548
//odm/vendor/firmware/alipay.mdt 43550
//odm/vendor/firmware/cryptoeng.b01 43551
//odm/vendor/firmware/cryptoeng.b02 43552-43571
//odm/vendor/firmware/cryptoeng.b04 43572-43574
//odm/vendor/firmware/cryptoeng.b07 43575-43578
//odm/vendor/firmware/cryptoeng.mdt 43579
//odm/vendor/firmware/dxhdcp2.b01 43580
//odm/vendor/firmware/dxhdcp2.b02 43581-43629
//odm/vendor/firmware/dxhdcp2.b07 43632-43636
//odm/vendor/firmware/dxhdcp2.mdt 43637
//odm/vendor/firmware/gfp9638.b01 43638
//odm/vendor/firmware/gfp9638.b02 43639-44780
//odm/vendor/firmware/gfp9638.b04 44781-45886
//odm/vendor/firmware/gfp9638.b07 45889-45916
//odm/vendor/firmware/gfp9638.mdt 45917
//odm/vendor/firmware/gfp9678.b01 45918
//odm/vendor/firmware/gfp9678.b02 45919-47063
//odm/vendor/firmware/gfp9678.b04 47065-48258
//odm/vendor/firmware/gfp9678.b07 48261-48289
//odm/vendor/firmware/gfp9678.mdt 48290
//odm/vendor/firmware/hdcpsrm.b01 48291
//odm/vendor/firmware/hdcpsrm.b02 48292-48295
//odm/vendor/firmware/hdcpsrm.b07 48296
//odm/vendor/firmware/hdcpsrm.mdt 48297
//odm/vendor/firmware/ois_bu63169_sec.prog 48299
//odm/vendor/firmware/ois_sem1215s_19066_dvt.bin 48300-48306
//odm/vendor/firmware_mnt/faceapp.b01 48307
//odm/vendor/firmware_mnt/faceapp.b02 48308-48314
//odm/vendor/firmware_mnt/faceapp.b07 48316
//odm/vendor/firmware_mnt/faceapp.mdt 48317
