//odm/bin/adsp_ssr_test 1-2
//odm/bin/bspFwUpdate 3-6
//odm/bin/hw/android.hardware.drm@1.3-service.widevine 9-10
//odm/bin/hw/subsys_daemon 11-31
//odm/bin/hw/vendor-oplus-hardware-engineer@1.0-service 32-55
//odm/bin/hw/vendor-oplus-hardware-transfer@1.0-service 56-58
//odm/bin/hw/vendor-oplus-hardware-transmessage@1.0-service 59-62
//odm/bin/hw/vendor.dolby_v3_6.hardware.dms360@2.0-service 63
//odm/bin/hw/vendor.nxp.hardware.nfc@1.2-service 64-67
//odm/bin/hw/vendor.oneplus.faceunlock.hal@1.0-service 68-71
//odm/bin/hw/vendor.oplus.hardware.biometrics.face@1.0-service 72-105
//odm/bin/hw/vendor.oplus.hardware.biometrics.fingerprint@2.1-service 106-119
//odm/bin/hw/vendor.oplus.hardware.biometrics.fingerprintpay@1.0-service 120-122
//odm/bin/hw/vendor.oplus.hardware.cammidasservice@1.0-service 123-126
//odm/bin/hw/vendor.oplus.hardware.charger@1.0-service 127-148
//odm/bin/hw/vendor.oplus.hardware.cryptoeng@1.0-service 149-157
//odm/bin/hw/vendor.oplus.hardware.displaypanelfeature@1.0-service 158-166
//odm/bin/hw/vendor.oplus.hardware.engcamera@1.0-service 167
//odm/bin/hw/vendor.oplus.hardware.felica@1.0-service 168-170
//odm/bin/hw/vendor.oplus.hardware.gameopt@1.0-service 171-256
//odm/bin/hw/vendor.oplus.hardware.lmvibrator@1.0-service 257-262
//odm/bin/hw/vendor.oplus.hardware.midas@1.0-service 263-265
//odm/bin/hw/vendor.oplus.hardware.misc@1.0-service 266-268
//odm/bin/hw/vendor.oplus.hardware.mmdisplayfeature@1.0-service 269-271
//odm/bin/hw/vendor.oplus.hardware.nfc@1.0-service 272-282
//odm/bin/hw/vendor.oplus.hardware.olc@2.0-service 284-287
//odm/bin/hw/vendor.oplus.hardware.oplusSensor@1.0-service 288-311
//odm/bin/hw/vendor.oplus.hardware.orms.ormsHalService@1.0-service 312-317
//odm/bin/hw/vendor.oplus.hardware.performance@1.0-service 318-341
//odm/bin/hw/vendor.oplus.hardware.power.powermonitor@1.0-service 342-345
//odm/bin/hw/vendor.oplus.hardware.rpmh@2.0-service 346-351
//odm/bin/hw/vendor.oplus.hardware.stability.oplus_project@1.0-service 352-359
//odm/bin/hw/vendor.oplus.hardware.thermalmntcfg@1.0-service 360-361
//odm/bin/hw/vendor.oplus.hardware.touch@1.0-service 362-364
//odm/bin/hw/vendor.oplus.hardware.vibrator-service 365-372
//odm/bin/hw/vendor.oplus.hardware.wifi@1.1-service 373-411
//odm/bin/hw/vendor.pixelworks.hardware.feature.irisfeature-service 412-413
//odm/bin/hw/vendor.qti.esepowermanager@1.1-service 414-415
//odm/bin/hw/vendor.qti.secure_element@1.2-service 416-419
//odm/bin/init.at.class_main.sh 420
//odm/bin/init.at.post_boot.sh 421-431
//odm/bin/init.oplus.bsp_debug.sh 432-438
//odm/bin/init.oplus.wifi.sh 441-442
//odm/bin/init.vendor.wifi.autochmod.sh 444
//odm/bin/irisConfig 445-453
//odm/bin/iw_odm 454-478
//odm/bin/iwpriv 479-481
//odm/bin/iwpriv_vendor 482-484
//odm/bin/nqnfcinfo 485
//odm/bin/oemnvbkdaemon 486-487
//odm/bin/oldc_vnd 488
//odm/bin/oplus_sensor_fb 489-490
//odm/bin/oplus_sensor_test 491
//odm/bin/oplus_sys_daemon 492-493
//odm/bin/opnscr 494-515
//odm/bin/phio 516-524
//odm/bin/qmi-framework-tests/qmi_master_stats_service 525-526
//odm/bin/self-init 527-530
//odm/bin/tcpdump_vendor 531-720
//odm/bin/tinyplay_ftm 722-723
//odm/bin/vendor.autochmod.sh 724
//odm/bin/vl53l1_daemon_main 725
//odm/bin/vl53l1_iotest 726-727
//odm/bin/vl53l1_reg 728-729
//odm/bin/wifi_diag 730-732
//odm/etc/DxHDCP.cfg 736
//odm/etc/Multimedia_Daemon_List.xml 737-738
//odm/etc/NOTICE.xml.gz 739-744
//odm/etc/aac_richtap.config 745-750
//odm/etc/acdbdata/Bluetooth_cal.acdb 751-757
//odm/etc/acdbdata/General_cal.acdb 758-760
//odm/etc/acdbdata/Global_cal.acdb 761-762
//odm/etc/acdbdata/Handset_cal.acdb 763-812
//odm/etc/acdbdata/Hdmi_cal.acdb 813
//odm/etc/acdbdata/Headset_cal.acdb 814-831
//odm/etc/acdbdata/Speaker_cal.acdb 832-861
//odm/etc/audio_effects.xml 863
//odm/etc/audio_io_policy.conf 864
//odm/etc/audio_platform_info.xml 865-867
//odm/etc/bt/htnv20_ch1.bin 868
//odm/etc/camera/ashdr/ncf_pack.ncf 869-873
//odm/etc/camera/ashdr/ncf_pack_imx471.ncf 874-878
//odm/etc/camera/ashdr/ncf_pack_imx481.ncf 879
//odm/etc/camera/ashdr/ncf_pack_imx586.ncf 880
//odm/etc/camera/darksight/darksight_main.bin 882-3204
//odm/etc/camera/darksight/darksight_ultrawide.bin 3207-5529
//odm/etc/camera/fb_default 5532
//odm/etc/camera/fwk_config.json 5533
//odm/etc/dolby/multimedia_dolby_dax_default.xml 5534-5536
//odm/etc/fstab.at.qcom 5537
//odm/etc/gps.conf 5539-5540
//odm/etc/init/hw/init.at.qcom.rc 5542-5545
//odm/etc/init/hw/init.at.target.rc 5546
//odm/etc/init/init.oppo.reserve.rc 5551
//odm/etc/init/vendor.oplus.hardware.orms.ormsHalService@1.0-service.rc 5557
//odm/etc/irissoft.fw 5577-6064
//odm/etc/izat.conf 6065
//odm/etc/libnfc-nci.conf 6066
//odm/etc/libnfc-nxp-pnscr.conf 6067-6068
//odm/etc/media_profiles_V1_0.xml 6070
//odm/etc/mixer_paths.xml 6071-6076
//odm/etc/nfc/libnfc-mtp-SN100.conf_19065 6079-6082
//odm/etc/nfc/libnfc-mtp-SN100.conf_19066 6083-6086
//odm/etc/nfc/libnfc-mtp-SN100.conf_19161 6087-6090
//odm/etc/nfc/libnfc-mtp-SN100.conf_19361 6091-6094
//odm/etc/nfc/libnfc-mtp-SN100.conf_19361_TW 6095-6098
//odm/etc/nfc/libnfc-mtp-SN100.conf_19362 6099-6102
//odm/etc/nfc/libnfc-mtp-SN100.conf_19362_JP 6103-6106
//odm/etc/nfc/libnfc-mtp-SN100.conf_19705 6107-6110
//odm/etc/nfc/libnfc-mtp-SN100.conf_19795 6111-6114
//odm/etc/nfc/libnfc-mtp-SN100.conf_19805 6115-6117
//odm/etc/nfc/libnfc-mtp-SN100.conf_19811 6118-6120
//odm/etc/nfc/libnfc-mtp-SN100.conf_19821 6121-6124
//odm/etc/nfc/libnfc-mtp-SN100.conf_19855 6125-6127
//odm/etc/nfc/libnfc-mtp-SN100.conf_20061 6128-6131
//odm/etc/nfc/libnfc-mtp-SN100.conf_20062 6132-6135
//odm/etc/nfc/libnfc-mtp-SN100.conf_20135 6136-6139
//odm/etc/nfc/libnfc-mtp-SN100.conf_20139 6140-6143
//odm/etc/nfc/libnfc-mtp-SN100.conf_20161 6144-6147
//odm/etc/nfc/libnfc-mtp-SN100.conf_20235 6148-6151
//odm/etc/nfc/libnfc-mtp-SN100.conf_20351 6152-6155
//odm/etc/nfc/libnfc-mtp-SN100.conf_20352 6156-6159
//odm/etc/nfc/libnfc-mtp-SN100.conf_20607 6160-6163
//odm/etc/nfc/libnfc-mtp-SN100.conf_20809 6164-6166
//odm/etc/nfc/libnfc-mtp-SN100.conf_20828 6167-6170
//odm/etc/nfc/libnfc-mtp-SN100.conf_21615 6171-6174
//odm/etc/nfc/libnfc-mtp-SN100.conf_21619 6175-6178
//odm/etc/nfc/libnfc-mtp-SN100.conf_2169A 6179-6182
//odm/etc/nfc/libnfc-mtp-SN100.conf_2169B 6183-6186
//odm/etc/nfc/libnfc-mtp-SN100.conf_21733 6187-6190
//odm/etc/nfc/libnfc-nci.conf_19065 6191
//odm/etc/nfc/libnfc-nci.conf_19066 6192
//odm/etc/nfc/libnfc-nci.conf_19161 6193
//odm/etc/nfc/libnfc-nci.conf_19361 6194
//odm/etc/nfc/libnfc-nci.conf_19361_TW 6195
//odm/etc/nfc/libnfc-nci.conf_19362 6196
//odm/etc/nfc/libnfc-nci.conf_19362_JP 6197
//odm/etc/nfc/libnfc-nci.conf_19705 6198
//odm/etc/nfc/libnfc-nci.conf_19795 6199
//odm/etc/nfc/libnfc-nci.conf_19805 6200
//odm/etc/nfc/libnfc-nci.conf_19811 6201
//odm/etc/nfc/libnfc-nci.conf_19821 6202
//odm/etc/nfc/libnfc-nci.conf_19855 6203
//odm/etc/nfc/libnfc-nci.conf_20061 6204
//odm/etc/nfc/libnfc-nci.conf_20062 6205
//odm/etc/nfc/libnfc-nci.conf_20135 6206
//odm/etc/nfc/libnfc-nci.conf_20139 6207
//odm/etc/nfc/libnfc-nci.conf_20161 6208
//odm/etc/nfc/libnfc-nci.conf_20235 6209
//odm/etc/nfc/libnfc-nci.conf_20351 6210
//odm/etc/nfc/libnfc-nci.conf_20352 6211
//odm/etc/nfc/libnfc-nci.conf_20607 6212
//odm/etc/nfc/libnfc-nci.conf_20809 6213
//odm/etc/nfc/libnfc-nci.conf_20828 6214
//odm/etc/nfc/libnfc-nci.conf_21615 6215
//odm/etc/nfc/libnfc-nci.conf_21619 6216
//odm/etc/nfc/libnfc-nci.conf_2169A 6217
//odm/etc/nfc/libnfc-nci.conf_2169B 6218
//odm/etc/nfc/libnfc-nci.conf_21733 6219
//odm/etc/nfc/libnfc_accesscard_config.conf_19161 6221
//odm/etc/nfc/libnfc_beijing_config.conf_19795 6232
//odm/etc/nfc/libnfc_beijing_config.conf_19805 6233
//odm/etc/nfc/libnfc_beijing_config.conf_19811 6234
//odm/etc/nfc/libnfc_beijing_config.conf_19821 6235
//odm/etc/nfc/libnfc_beijing_config.conf_20607 6242
//odm/etc/nfc/libnfc_changsha_config.conf_20161 6251
//odm/etc/nfc/libnfc_default_config.conf_19161 6268
//odm/etc/nfc/libnfc_default_config.conf_19705 6269
//odm/etc/nfc/libnfc_default_config.conf_19805 6271
//odm/etc/nfc/libnfc_default_config.conf_19811 6272
//odm/etc/nfc/libnfc_default_config.conf_19821 6273
//odm/etc/nfc/libnfc_default_config.conf_19855 6274
//odm/etc/nfc/libnfc_default_config.conf_20161 6279
//odm/etc/nfc/libnfc_default_config.conf_20809 6282
//odm/etc/nfc/libnfc_suzhou_config.conf_19805 6330
//odm/etc/nfc/libnfc_suzhou_config.conf_19811 6331
//odm/etc/nfc/libnfc_suzhou_config.conf_19821 6332
//odm/etc/nfc/libnfc_xiamen_config.conf_19805 6346
//odm/etc/nfc/libnfc_xiamen_config.conf_19811 6347
//odm/etc/nfc/libnfc_xiamen_config.conf_19821 6348
//odm/etc/nfc/libpn557_fw.so_pn557_fw_01_31_14 6352-6359
//odm/etc/nfc/sn100u.bin_sn100t_fw_01_10_53 6361-6409
//odm/etc/nfc/sn100u.bin_sn100t_fw_01_10_57 6411-6459
//odm/etc/nfc/sn100u.bin_sn100t_fw_01_10_65 6461-6509
//odm/etc/nfc/st21nfc_fw.bin_st21h 6511-6561
//odm/etc/nfc/st21nfc_fw7.bin_st21h 6562-6612
//odm/etc/oplus.fstab 6614
//odm/etc/orms/orms_core_config.xml 6615-6637
//odm/etc/power_profile/power_profile.xml 6638-6639
//odm/etc/sap.conf 6640
//odm/etc/selinux/precompiled_sepolicy 6641-6794
//odm/etc/selinux/precompiled_sepolicy_debug 6795-6952
//odm/etc/sensor/config/kona_qrd_ak991x_0.json 6954
//odm/etc/sensor/config/kona_qrd_bmi26x_0.json 6956
//odm/etc/sensor/config/kona_qrd_cct.json 6957
//odm/etc/sensor/config/kona_qrd_cct_rear.json 6958
//odm/etc/sensor/config/kona_qrd_icm4x6xx.json 6959
//odm/etc/sensor/config/kona_qrd_lsm6dso.json 6961
//odm/etc/sensor/config/kona_qrd_mmc56x3x.json 6962
//odm/etc/sensor/config/kona_qrd_sx933x_0.json 6963
//odm/etc/sensor/config/kona_qrd_tcs3408_rear.json 6964
//odm/etc/sn100u_bootup.pnscr 6966
//odm/etc/sn100u_ese_disableIso.pnscr 6967
//odm/etc/sn100u_ese_disableIsoRead.pnscr 6968
//odm/etc/sn100u_pnx_ese_aclog.pnscr 6972
//odm/etc/sn100u_pnx_ese_cplc.pnscr 6973
//odm/etc/sn100u_pnx_ese_fabkey.pnscr 6974
//odm/etc/sn100u_pnx_ese_free.pnscr 6975
//odm/etc/sn100u_pnx_ese_keyset.pnscr 6976
//odm/etc/sn100u_pnx_ese_sn.pnscr 6977
//odm/etc/sound_trigger_mixer_paths.xml 6978
//odm/etc/sound_trigger_platform_info.xml 6979-6980
//odm/etc/temperature_profile/sys_thermal_control_config.xml 6982-6983
//odm/etc/vintf/telephony_manifest_dsds.xml 6986
//odm/etc/vintf/telephony_manifest_ssss.xml 6987
//odm/etc/wfdconfig.xml 6988-6989
//odm/etc/wifi/bdwlan.elf 6990-6992
//odm/firmware/180ms_RTP.bin 7009
//odm/firmware/200ms_RTP.bin 7010
//odm/firmware/220ms_RTP.bin 7011
//odm/firmware/240ms_RTP.bin 7012
//odm/firmware/260ms_RTP.bin 7013
//odm/firmware/280ms_RTP.bin 7014
//odm/firmware/300ms_RTP.bin 7015
//odm/firmware/320ms_RTP.bin 7016
//odm/firmware/340ms_RTP.bin 7017
//odm/firmware/360ms_RTP.bin 7018
//odm/firmware/380ms_RTP.bin 7019
//odm/firmware/400ms_RTP.bin 7020
//odm/firmware/420ms_RTP.bin 7021
//odm/firmware/440ms_RTP.bin 7022
//odm/firmware/460ms_RTP.bin 7023
//odm/firmware/480ms_RTP.bin 7024
//odm/firmware/500ms_RTP.bin 7025
//odm/firmware/ALCloudscape_170HZ.bin 7026-7033
//odm/firmware/ALGoodenergy_170HZ.bin 7034-7039
//odm/firmware/AT500ms_RTP.bin 7040
//odm/firmware/Audition_RTP.bin 7041
//odm/firmware/Chase_RTP.bin 7042-7046
//odm/firmware/Climber_RTP.bin 7047-7050
//odm/firmware/In_game_alarm_RTP.bin 7051-7053
//odm/firmware/In_game_ringtone_RTP.bin 7054-7057
//odm/firmware/In_game_sms_RTP.bin 7058
//odm/firmware/NTblink_170HZ.bin 7059
//odm/firmware/NTwhoop_170HZ.bin 7060
//odm/firmware/Newfeeling_170HZ.bin 7061-7063
//odm/firmware/Rock_RTP.bin 7064-7069
//odm/firmware/VZW_Alrwave_RTP.bin 7070-7075
//odm/firmware/Version_Alert_RTP.bin 7076
//odm/firmware/Wake_up_samurai_RTP.bin 7077-7082
//odm/firmware/agingtest_160hz_RTP.bin 7083
//odm/firmware/agingtest_162hz_RTP.bin 7084
//odm/firmware/agingtest_164hz_RTP.bin 7085
//odm/firmware/agingtest_166hz_RTP.bin 7086
//odm/firmware/agingtest_168hz_RTP.bin 7087
//odm/firmware/agingtest_170hz_RTP.bin 7088
//odm/firmware/agingtest_172hz_RTP.bin 7089
//odm/firmware/agingtest_174hz_RTP.bin 7090
//odm/firmware/agingtest_176hz_RTP.bin 7091
//odm/firmware/agingtest_178hz_RTP.bin 7092
//odm/firmware/agingtest_180hz_RTP.bin 7093
//odm/firmware/alarm_Alarm_clock_RTP.bin 7094
//odm/firmware/alarm_Beep_RTP.bin 7095
//odm/firmware/alarm_Breeze_RTP.bin 7096-7099
//odm/firmware/alarm_Dawn_RTP.bin 7100-7103
//odm/firmware/alarm_Dream_RTP.bin 7104-7108
//odm/firmware/alarm_Fluttering_RTP.bin 7109-7113
//odm/firmware/alarm_Flyer_RTP.bin 7114-7116
//odm/firmware/alarm_Interesting_RTP.bin 7117-7118
//odm/firmware/alarm_Leisurely_RTP.bin 7119-7121
//odm/firmware/alarm_Memory_RTP.bin 7122-7124
//odm/firmware/alarm_Relieved_RTP.bin 7125-7127
//odm/firmware/alarm_Ripple_RTP.bin 7128
//odm/firmware/alarm_Slowly_RTP.bin 7129-7133
//odm/firmware/alarm_Stars_RTP.bin 7134-7136
//odm/firmware/alarm_Surging_RTP.bin 7137-7138
//odm/firmware/alarm_The_wind_RTP.bin 7139-7140
//odm/firmware/alarm_Walking_in_the_rain_RTP.bin 7141-7143
//odm/firmware/alarm_spring_RTP.bin 7144-7147
//odm/firmware/alarm_tactfully_RTP.bin 7148-7151
//odm/firmware/aw8697_About_School_RTP_17.bin 7152-7153
//odm/firmware/aw8697_About_School_RTP_17_165Hz.bin 7154-7155
//odm/firmware/aw8697_About_School_RTP_17_175Hz.bin 7156-7157
//odm/firmware/aw8697_About_School_RTP_17_226Hz.bin 7158-7164
//odm/firmware/aw8697_About_School_RTP_17_230Hz.bin 7165-7170
//odm/firmware/aw8697_About_School_RTP_17_234Hz.bin 7171-7177
//odm/firmware/aw8697_About_School_RTP_17_237Hz.bin 7178
//odm/firmware/aw8697_Airy_morning_RTP_70.bin 7179-7180
//odm/firmware/aw8697_Airy_morning_RTP_70_165Hz.bin 7181-7186
//odm/firmware/aw8697_Airy_morning_RTP_70_175Hz.bin 7187-7193
//odm/firmware/aw8697_Airy_morning_RTP_70_226Hz.bin 7194-7216
//odm/firmware/aw8697_Airy_morning_RTP_70_230Hz.bin 7217-7228
//odm/firmware/aw8697_Airy_morning_RTP_70_234Hz.bin 7229-7251
//odm/firmware/aw8697_Airy_morning_RTP_70_237Hz.bin 7252-7274
//odm/firmware/aw8697_Appear_channel_RTP_oplusos7_123.bin 7275
//odm/firmware/aw8697_Appear_channel_RTP_oplusos7_123_165Hz.bin 7276
//odm/firmware/aw8697_Appear_channel_RTP_oplusos7_123_175Hz.bin 7277
//odm/firmware/aw8697_Appear_channel_RTP_oplusos7_123_226Hz.bin 7278
//odm/firmware/aw8697_Appear_channel_RTP_oplusos7_123_230Hz.bin 7279
//odm/firmware/aw8697_Appear_channel_RTP_oplusos7_123_234Hz.bin 7280
//odm/firmware/aw8697_Appear_channel_RTP_oplusos7_123_237Hz.bin 7281
//odm/firmware/aw8697_Artist_Alarm_RTP_153_226Hz.bin 7282-7289
//odm/firmware/aw8697_Artist_Alarm_RTP_153_230Hz.bin 7290-7305
//odm/firmware/aw8697_Artist_Alarm_RTP_153_234Hz.bin 7306-7314
//odm/firmware/aw8697_Artist_Alarm_RTP_153_237Hz.bin 7315-7323
//odm/firmware/aw8697_Artist_Notification_RTP_150_226Hz.bin 7324
//odm/firmware/aw8697_Artist_Notification_RTP_150_230Hz.bin 7325
//odm/firmware/aw8697_Artist_Notification_RTP_150_234Hz.bin 7326
//odm/firmware/aw8697_Artist_Notification_RTP_150_237Hz.bin 7327
//odm/firmware/aw8697_Artist_Ringtong_RTP_151_226Hz.bin 7328-7344
//odm/firmware/aw8697_Artist_Ringtong_RTP_151_230Hz.bin 7345-7358
//odm/firmware/aw8697_Artist_Ringtong_RTP_151_234Hz.bin 7359-7375
//odm/firmware/aw8697_Artist_Ringtong_RTP_151_237Hz.bin 7376-7391
//odm/firmware/aw8697_Artist_Text_RTP_152_226Hz.bin 7392
//odm/firmware/aw8697_Artist_Text_RTP_152_230Hz.bin 7393
//odm/firmware/aw8697_Artist_Text_RTP_152_234Hz.bin 7394
//odm/firmware/aw8697_Artist_Text_RTP_152_237Hz.bin 7395
//odm/firmware/aw8697_Bliss_RTP_oplusos7_138.bin 7396-7400
//odm/firmware/aw8697_Bliss_RTP_oplusos7_138_165Hz.bin 7401-7404
//odm/firmware/aw8697_Bliss_RTP_oplusos7_138_175Hz.bin 7405-7408
//odm/firmware/aw8697_Bliss_RTP_oplusos7_138_226Hz.bin 7409-7418
//odm/firmware/aw8697_Bliss_RTP_oplusos7_138_230Hz.bin 7419-7427
//odm/firmware/aw8697_Bliss_RTP_oplusos7_138_234Hz.bin 7428-7437
//odm/firmware/aw8697_Bliss_RTP_oplusos7_138_237Hz.bin 7438-7459
//odm/firmware/aw8697_Bright_channel_RTP_oplusos7_128.bin 7460
//odm/firmware/aw8697_Bright_channel_RTP_oplusos7_128_165Hz.bin 7461
//odm/firmware/aw8697_Bright_channel_RTP_oplusos7_128_175Hz.bin 7462
//odm/firmware/aw8697_Bright_channel_RTP_oplusos7_128_226Hz.bin 7463
//odm/firmware/aw8697_Bright_channel_RTP_oplusos7_128_230Hz.bin 7464
//odm/firmware/aw8697_Bright_channel_RTP_oplusos7_128_234Hz.bin 7465
//odm/firmware/aw8697_Bright_channel_RTP_oplusos7_128_237Hz.bin 7466
//odm/firmware/aw8697_Childhood_RTP_19.bin 7467-7471
//odm/firmware/aw8697_Childhood_RTP_19_165Hz.bin 7472-7475
//odm/firmware/aw8697_Childhood_RTP_19_175Hz.bin 7476-7479
//odm/firmware/aw8697_Childhood_RTP_19_226Hz.bin 7480-7492
//odm/firmware/aw8697_Childhood_RTP_19_230Hz.bin 7493-7507
//odm/firmware/aw8697_Childhood_RTP_19_234Hz.bin 7508-7520
//odm/firmware/aw8697_Childhood_RTP_19_237Hz.bin 7521-7534
//odm/firmware/aw8697_Classical_ring_RTP_oplusos7_135.bin 7535-7536
//odm/firmware/aw8697_Classical_ring_RTP_oplusos7_135_165Hz.bin 7537-7538
//odm/firmware/aw8697_Classical_ring_RTP_oplusos7_135_175Hz.bin 7539-7540
//odm/firmware/aw8697_Classical_ring_RTP_oplusos7_135_226Hz.bin 7541-7543
//odm/firmware/aw8697_Classical_ring_RTP_oplusos7_135_230Hz.bin 7544-7546
//odm/firmware/aw8697_Classical_ring_RTP_oplusos7_135_234Hz.bin 7547-7549
//odm/firmware/aw8697_Classical_ring_RTP_oplusos7_135_237Hz.bin 7550-7551
//odm/firmware/aw8697_Commuting_RTP_20.bin 7552-7557
//odm/firmware/aw8697_Commuting_RTP_20_165Hz.bin 7558-7563
//odm/firmware/aw8697_Commuting_RTP_20_175Hz.bin 7564-7569
//odm/firmware/aw8697_Commuting_RTP_20_226Hz.bin 7570-7583
//odm/firmware/aw8697_Commuting_RTP_20_230Hz.bin 7584-7598
//odm/firmware/aw8697_Commuting_RTP_20_234Hz.bin 7599-7613
//odm/firmware/aw8697_Commuting_RTP_20_237Hz.bin 7614-7630
//odm/firmware/aw8697_Digi_rise_RTP_81.bin 7631
//odm/firmware/aw8697_Digi_rise_RTP_81_165Hz.bin 7632
//odm/firmware/aw8697_Digi_rise_RTP_81_175Hz.bin 7633
//odm/firmware/aw8697_Digi_rise_RTP_81_226Hz.bin 7634
//odm/firmware/aw8697_Digi_rise_RTP_81_230Hz.bin 7635
//odm/firmware/aw8697_Digi_rise_RTP_81_234Hz.bin 7636
//odm/firmware/aw8697_Digi_rise_RTP_81_237Hz.bin 7637
//odm/firmware/aw8697_Dream_RTP_oplusos7_139.bin 7638-7642
//odm/firmware/aw8697_Dream_RTP_oplusos7_139_165Hz.bin 7643-7645
//odm/firmware/aw8697_Dream_RTP_oplusos7_139_175Hz.bin 7646-7649
//odm/firmware/aw8697_Dream_RTP_oplusos7_139_226Hz.bin 7650-7666
//odm/firmware/aw8697_Dream_RTP_oplusos7_139_230Hz.bin 7667-7679
//odm/firmware/aw8697_Dream_RTP_oplusos7_139_234Hz.bin 7680-7692
//odm/firmware/aw8697_Dream_RTP_oplusos7_139_237Hz.bin 7693-7705
//odm/firmware/aw8697_Electro_club_RTP_73.bin 7706-7707
//odm/firmware/aw8697_Electro_club_RTP_73_165Hz.bin 7708-7714
//odm/firmware/aw8697_Electro_club_RTP_73_175Hz.bin 7715-7721
//odm/firmware/aw8697_Electro_club_RTP_73_226Hz.bin 7722-7739
//odm/firmware/aw8697_Electro_club_RTP_73_230Hz.bin 7740-7747
//odm/firmware/aw8697_Electro_club_RTP_73_234Hz.bin 7748-7765
//odm/firmware/aw8697_Firefly_RTP_22.bin 7766
//odm/firmware/aw8697_Firefly_RTP_22_165Hz.bin 7767
//odm/firmware/aw8697_Firefly_RTP_22_175Hz.bin 7768
//odm/firmware/aw8697_Firefly_RTP_22_226Hz.bin 7769-7776
//odm/firmware/aw8697_Firefly_RTP_22_230Hz.bin 7777-7786
//odm/firmware/aw8697_Firefly_RTP_22_234Hz.bin 7787-7795
//odm/firmware/aw8697_Firefly_RTP_22_237Hz.bin 7796-7804
//odm/firmware/aw8697_Fun_channel_RTP_oplusos7_129.bin 7805
//odm/firmware/aw8697_Fun_channel_RTP_oplusos7_129_165Hz.bin 7806
//odm/firmware/aw8697_Fun_channel_RTP_oplusos7_129_175Hz.bin 7807
//odm/firmware/aw8697_Fun_channel_RTP_oplusos7_129_226Hz.bin 7808
//odm/firmware/aw8697_Fun_channel_RTP_oplusos7_129_230Hz.bin 7809
//odm/firmware/aw8697_Fun_channel_RTP_oplusos7_129_234Hz.bin 7810
//odm/firmware/aw8697_Fun_channel_RTP_oplusos7_129_237Hz.bin 7811
//odm/firmware/aw8697_Gaze_RTP_24.bin 7812-7813
//odm/firmware/aw8697_Gaze_RTP_24_165Hz.bin 7814-7815
//odm/firmware/aw8697_Gaze_RTP_24_175Hz.bin 7816-7817
//odm/firmware/aw8697_Gaze_RTP_24_226Hz.bin 7818-7826
//odm/firmware/aw8697_Gaze_RTP_24_230Hz.bin 7827-7834
//odm/firmware/aw8697_Gaze_RTP_24_234Hz.bin 7835-7843
//odm/firmware/aw8697_Gaze_RTP_24_237Hz.bin 7844-7852
//odm/firmware/aw8697_Glittering_channel_RTP_oplusos7_130.bin 7853
//odm/firmware/aw8697_Glittering_channel_RTP_oplusos7_130_165Hz.bin 7854
//odm/firmware/aw8697_Glittering_channel_RTP_oplusos7_130_175Hz.bin 7855
//odm/firmware/aw8697_Glittering_channel_RTP_oplusos7_130_226Hz.bin 7856
//odm/firmware/aw8697_Glittering_channel_RTP_oplusos7_130_230Hz.bin 7857
//odm/firmware/aw8697_Glittering_channel_RTP_oplusos7_130_234Hz.bin 7858
//odm/firmware/aw8697_Glittering_channel_RTP_oplusos7_130_237Hz.bin 7859
//odm/firmware/aw8697_Granules_channel_RTP_9.bin 7860
//odm/firmware/aw8697_Granules_channel_RTP_9_165Hz.bin 7861
//odm/firmware/aw8697_Granules_channel_RTP_9_175Hz.bin 7862
//odm/firmware/aw8697_Granules_channel_RTP_9_226Hz.bin 7863-7864
//odm/firmware/aw8697_Granules_channel_RTP_9_230Hz.bin 7865-7866
//odm/firmware/aw8697_Granules_channel_RTP_9_234Hz.bin 7867-7868
//odm/firmware/aw8697_Granules_channel_RTP_9_237Hz.bin 7869-7870
//odm/firmware/aw8697_Harp_channel_RTP_oplusos7_131.bin 7871
//odm/firmware/aw8697_Harp_channel_RTP_oplusos7_131_165Hz.bin 7872
//odm/firmware/aw8697_Harp_channel_RTP_oplusos7_131_175Hz.bin 7873
//odm/firmware/aw8697_Harp_channel_RTP_oplusos7_131_226Hz.bin 7874
//odm/firmware/aw8697_Harp_channel_RTP_oplusos7_131_230Hz.bin 7875
//odm/firmware/aw8697_Harp_channel_RTP_oplusos7_131_234Hz.bin 7876
//odm/firmware/aw8697_Harp_channel_RTP_oplusos7_131_237Hz.bin 7877
//odm/firmware/aw8697_Hey_RTP_83.bin 7878
//odm/firmware/aw8697_Hey_RTP_83_165Hz.bin 7879
//odm/firmware/aw8697_Hey_RTP_83_175Hz.bin 7880
//odm/firmware/aw8697_Hey_RTP_83_226Hz.bin 7881-7882
//odm/firmware/aw8697_Hey_RTP_83_230Hz.bin 7883
//odm/firmware/aw8697_Hey_RTP_83_234Hz.bin 7884-7885
//odm/firmware/aw8697_Hey_RTP_83_237Hz.bin 7886-7887
//odm/firmware/aw8697_House_club_RTP_76.bin 7888
//odm/firmware/aw8697_House_club_RTP_76_165Hz.bin 7889-7898
//odm/firmware/aw8697_House_club_RTP_76_175Hz.bin 7899-7907
//odm/firmware/aw8697_House_club_RTP_76_226Hz.bin 7908-7929
//odm/firmware/aw8697_House_club_RTP_76_230Hz.bin 7930-7939
//odm/firmware/aw8697_House_club_RTP_76_234Hz.bin 7940-7961
//odm/firmware/aw8697_House_club_RTP_76_237Hz.bin 7962-7983
//odm/firmware/aw8697_Impression_channel_RTP_11.bin 7984
//odm/firmware/aw8697_Info_RTP_85.bin 7985
//odm/firmware/aw8697_Info_RTP_85_165Hz.bin 7986
//odm/firmware/aw8697_Info_RTP_85_175Hz.bin 7987
//odm/firmware/aw8697_Info_RTP_85_226Hz.bin 7988
//odm/firmware/aw8697_Info_RTP_85_230Hz.bin 7989
//odm/firmware/aw8697_Info_RTP_85_234Hz.bin 7990
//odm/firmware/aw8697_Info_RTP_85_237Hz.bin 7991
//odm/firmware/aw8697_Ingenious_channel_RTP_12.bin 7992
//odm/firmware/aw8697_Ingenious_channel_RTP_12_165Hz.bin 7993
//odm/firmware/aw8697_Ingenious_channel_RTP_12_175Hz.bin 7994
//odm/firmware/aw8697_Ingenious_channel_RTP_12_226Hz.bin 7995
//odm/firmware/aw8697_Ingenious_channel_RTP_12_230Hz.bin 7996
//odm/firmware/aw8697_Ingenious_channel_RTP_12_234Hz.bin 7997
//odm/firmware/aw8697_Ingenious_channel_RTP_12_237Hz.bin 7998
//odm/firmware/aw8697_Instant_channel_RTP_2.bin 7999
//odm/firmware/aw8697_Instant_channel_RTP_2_165Hz.bin 8000
//odm/firmware/aw8697_Instant_channel_RTP_2_175Hz.bin 8001
//odm/firmware/aw8697_Instant_channel_RTP_2_226Hz.bin 8002
//odm/firmware/aw8697_Instant_channel_RTP_2_230Hz.bin 8003
//odm/firmware/aw8697_Instant_channel_RTP_2_234Hz.bin 8004
//odm/firmware/aw8697_Instant_channel_RTP_2_237Hz.bin 8005
//odm/firmware/aw8697_Jazz_dreamy_RTP_78.bin 8006-8007
//odm/firmware/aw8697_Jazz_dreamy_RTP_78_165Hz.bin 8008-8012
//odm/firmware/aw8697_Jazz_dreamy_RTP_78_175Hz.bin 8013-8016
//odm/firmware/aw8697_Jazz_dreamy_RTP_78_226Hz.bin 8017-8033
//odm/firmware/aw8697_Jazz_dreamy_RTP_78_230Hz.bin 8034-8044
//odm/firmware/aw8697_Jazz_dreamy_RTP_78_234Hz.bin 8045-8060
//odm/firmware/aw8697_Jazz_dreamy_RTP_78_237Hz.bin 8061-8077
//odm/firmware/aw8697_Jazz_funk_RTP_75.bin 8078-8079
//odm/firmware/aw8697_Jazz_funk_RTP_75_165Hz.bin 8080-8086
//odm/firmware/aw8697_Jazz_funk_RTP_75_175Hz.bin 8087-8093
//odm/firmware/aw8697_Jazz_funk_RTP_75_226Hz.bin 8094-8108
//odm/firmware/aw8697_Jazz_funk_RTP_75_230Hz.bin 8109-8114
//odm/firmware/aw8697_Jazz_funk_RTP_75_234Hz.bin 8115-8128
//odm/firmware/aw8697_Jazz_funk_RTP_75_237Hz.bin 8129-8142
//odm/firmware/aw8697_Jazz_modern_RTP_79.bin 8143-8144
//odm/firmware/aw8697_Jazz_modern_RTP_79_165Hz.bin 8145-8153
//odm/firmware/aw8697_Jazz_modern_RTP_79_175Hz.bin 8154-8163
//odm/firmware/aw8697_Jazz_modern_RTP_79_226Hz.bin 8164-8190
//odm/firmware/aw8697_Jazz_modern_RTP_79_230Hz.bin 8191-8217
//odm/firmware/aw8697_Jazz_modern_RTP_79_234Hz.bin 8219-8245
//odm/firmware/aw8697_Jazz_modern_RTP_79_237Hz.bin 8246-8272
//odm/firmware/aw8697_Joy_channel_RTP_13.bin 8273
//odm/firmware/aw8697_Joy_channel_RTP_13_165Hz.bin 8274
//odm/firmware/aw8697_Joy_channel_RTP_13_175Hz.bin 8275
//odm/firmware/aw8697_Joy_channel_RTP_13_226Hz.bin 8276
//odm/firmware/aw8697_Joy_channel_RTP_13_230Hz.bin 8277
//odm/firmware/aw8697_Joy_channel_RTP_13_234Hz.bin 8278
//odm/firmware/aw8697_Joy_channel_RTP_13_237Hz.bin 8279
//odm/firmware/aw8697_Joy_channel_RTP_oplusos7_141.bin 8280-8283
//odm/firmware/aw8697_Joy_channel_RTP_oplusos7_141_165Hz.bin 8284-8286
//odm/firmware/aw8697_Joy_channel_RTP_oplusos7_141_175Hz.bin 8287-8289
//odm/firmware/aw8697_Joy_channel_RTP_oplusos7_141_226Hz.bin 8290-8308
//odm/firmware/aw8697_Joy_channel_RTP_oplusos7_141_230Hz.bin 8309-8324
//odm/firmware/aw8697_Joy_channel_RTP_oplusos7_141_234Hz.bin 8325-8340
//odm/firmware/aw8697_Joy_channel_RTP_oplusos7_141_237Hz.bin 8341-8355
//odm/firmware/aw8697_Lakeside_RTP_25.bin 8356
//odm/firmware/aw8697_Lakeside_RTP_25_165Hz.bin 8357
//odm/firmware/aw8697_Lakeside_RTP_25_175Hz.bin 8359
//odm/firmware/aw8697_Lakeside_RTP_25_226Hz.bin 8360-8368
//odm/firmware/aw8697_Lakeside_RTP_25_230Hz.bin 8369-8378
//odm/firmware/aw8697_Lakeside_RTP_25_234Hz.bin 8379-8387
//odm/firmware/aw8697_Lakeside_RTP_25_237Hz.bin 8388-8397
//odm/firmware/aw8697_Lifestyle_RTP_26.bin 8398-8400
//odm/firmware/aw8697_Long_for_RTP_oplusos7_136.bin 8401-8407
//odm/firmware/aw8697_Long_for_RTP_oplusos7_136_165Hz.bin 8408-8413
//odm/firmware/aw8697_Long_for_RTP_oplusos7_136_175Hz.bin 8414-8418
//odm/firmware/aw8697_Long_for_RTP_oplusos7_136_226Hz.bin 8419-8442
//odm/firmware/aw8697_Long_for_RTP_oplusos7_136_230Hz.bin 8443-8469
//odm/firmware/aw8697_Long_for_RTP_oplusos7_136_234Hz.bin 8470-8493
//odm/firmware/aw8697_Long_for_RTP_oplusos7_136_237Hz.bin 8495-8516
//odm/firmware/aw8697_Memories_RTP_27.bin 8517-8520
//odm/firmware/aw8697_Memories_RTP_27_165Hz.bin 8521-8525
//odm/firmware/aw8697_Memories_RTP_27_175Hz.bin 8526-8529
//odm/firmware/aw8697_Memories_RTP_27_226Hz.bin 8530-8545
//odm/firmware/aw8697_Memories_RTP_27_230Hz.bin 8546-8560
//odm/firmware/aw8697_Memories_RTP_27_234Hz.bin 8561-8576
//odm/firmware/aw8697_Memories_RTP_27_237Hz.bin 8577-8591
//odm/firmware/aw8697_Messy_RTP_28.bin 8592-8594
//odm/firmware/aw8697_Messy_RTP_28_165Hz.bin 8595-8597
//odm/firmware/aw8697_Messy_RTP_28_175Hz.bin 8598-8600
//odm/firmware/aw8697_Messy_RTP_28_226Hz.bin 8601-8610
//odm/firmware/aw8697_Messy_RTP_28_230Hz.bin 8612-8620
//odm/firmware/aw8697_Messy_RTP_28_234Hz.bin 8621-8630
//odm/firmware/aw8697_Messy_RTP_28_237Hz.bin 8631-8640
//odm/firmware/aw8697_Miss_RTP_oplusos7_124.bin 8641-8643
//odm/firmware/aw8697_Miss_RTP_oplusos7_124_165Hz.bin 8644-8646
//odm/firmware/aw8697_Miss_RTP_oplusos7_124_175Hz.bin 8647-8649
//odm/firmware/aw8697_Miss_RTP_oplusos7_124_226Hz.bin 8650-8657
//odm/firmware/aw8697_Miss_RTP_oplusos7_124_230Hz.bin 8658-8666
//odm/firmware/aw8697_Miss_RTP_oplusos7_124_234Hz.bin 8667-8674
//odm/firmware/aw8697_Miss_RTP_oplusos7_124_237Hz.bin 8675-8682
//odm/firmware/aw8697_Music_channel_RTP_oplusos7_125.bin 8683
//odm/firmware/aw8697_Music_channel_RTP_oplusos7_125_165Hz.bin 8684
//odm/firmware/aw8697_Music_channel_RTP_oplusos7_125_175Hz.bin 8685
//odm/firmware/aw8697_Music_channel_RTP_oplusos7_125_226Hz.bin 8686
//odm/firmware/aw8697_Music_channel_RTP_oplusos7_125_230Hz.bin 8687
//odm/firmware/aw8697_Music_channel_RTP_oplusos7_125_234Hz.bin 8688
//odm/firmware/aw8697_Music_channel_RTP_oplusos7_125_237Hz.bin 8689
//odm/firmware/aw8697_Night_RTP_29.bin 8690
//odm/firmware/aw8697_Night_RTP_29_165Hz.bin 8691
//odm/firmware/aw8697_Night_RTP_29_175Hz.bin 8692
//odm/firmware/aw8697_Night_RTP_29_226Hz.bin 8693-8698
//odm/firmware/aw8697_Night_RTP_29_230Hz.bin 8699-8704
//odm/firmware/aw8697_Night_RTP_29_234Hz.bin 8706-8711
//odm/firmware/aw8697_Night_RTP_29_237Hz.bin 8712-8716
//odm/firmware/aw8697_Opop_short_RTP_87.bin 8717
//odm/firmware/aw8697_Opop_short_RTP_87_165Hz.bin 8718
//odm/firmware/aw8697_Opop_short_RTP_87_175Hz.bin 8719
//odm/firmware/aw8697_Opop_short_RTP_87_226Hz.bin 8720
//odm/firmware/aw8697_Opop_short_RTP_87_230Hz.bin 8721
//odm/firmware/aw8697_Opop_short_RTP_87_234Hz.bin 8722
//odm/firmware/aw8697_Opop_short_RTP_87_237Hz.bin 8723
//odm/firmware/aw8697_Overtone_channel_RTP_oplusos7_132.bin 8724
//odm/firmware/aw8697_Overtone_channel_RTP_oplusos7_132_165Hz.bin 8725
//odm/firmware/aw8697_Overtone_channel_RTP_oplusos7_132_175Hz.bin 8726
//odm/firmware/aw8697_Overtone_channel_RTP_oplusos7_132_226Hz.bin 8727
//odm/firmware/aw8697_Overtone_channel_RTP_oplusos7_132_230Hz.bin 8728
//odm/firmware/aw8697_Overtone_channel_RTP_oplusos7_132_234Hz.bin 8729
//odm/firmware/aw8697_Overtone_channel_RTP_oplusos7_132_237Hz.bin 8730
//odm/firmware/aw8697_Passionate_Dance_RTP_30.bin 8731-8732
//odm/firmware/aw8697_Passionate_Dance_RTP_30_165Hz.bin 8733-8734
//odm/firmware/aw8697_Passionate_Dance_RTP_30_175Hz.bin 8735-8736
//odm/firmware/aw8697_Passionate_Dance_RTP_30_226Hz.bin 8737-8749
//odm/firmware/aw8697_Passionate_Dance_RTP_30_230Hz.bin 8750-8764
//odm/firmware/aw8697_Passionate_Dance_RTP_30_234Hz.bin 8765-8776
//odm/firmware/aw8697_Passionate_Dance_RTP_30_237Hz.bin 8777-8790
//odm/firmware/aw8697_Percussion_channel_RTP_oplusos7_126.bin 8791
//odm/firmware/aw8697_Percussion_channel_RTP_oplusos7_126_165Hz.bin 8793
//odm/firmware/aw8697_Percussion_channel_RTP_oplusos7_126_175Hz.bin 8794
//odm/firmware/aw8697_Percussion_channel_RTP_oplusos7_126_226Hz.bin 8795
//odm/firmware/aw8697_Percussion_channel_RTP_oplusos7_126_230Hz.bin 8796
//odm/firmware/aw8697_Percussion_channel_RTP_oplusos7_126_234Hz.bin 8797
//odm/firmware/aw8697_Percussion_channel_RTP_oplusos7_126_237Hz.bin 8798
//odm/firmware/aw8697_Playground_RTP_31.bin 8799-8802
//odm/firmware/aw8697_Playground_RTP_31_165Hz.bin 8803-8805
//odm/firmware/aw8697_Playground_RTP_31_175Hz.bin 8806-8808
//odm/firmware/aw8697_Playground_RTP_31_226Hz.bin 8809-8823
//odm/firmware/aw8697_Playground_RTP_31_230Hz.bin 8824-8836
//odm/firmware/aw8697_Playground_RTP_31_234Hz.bin 8837-8849
//odm/firmware/aw8697_Playground_RTP_31_237Hz.bin 8850-8861
//odm/firmware/aw8697_Pure_RTP_49.bin 8862
//odm/firmware/aw8697_Pure_RTP_49_165Hz.bin 8863
//odm/firmware/aw8697_Pure_RTP_49_175Hz.bin 8864
//odm/firmware/aw8697_Pure_RTP_49_226Hz.bin 8865-8871
//odm/firmware/aw8697_Pure_RTP_49_230Hz.bin 8872-8880
//odm/firmware/aw8697_Pure_RTP_49_234Hz.bin 8881-8887
//odm/firmware/aw8697_Pure_RTP_49_237Hz.bin 8888-8894
//odm/firmware/aw8697_Receive_channel_RTP_15.bin 8896
//odm/firmware/aw8697_Receive_channel_RTP_15_165Hz.bin 8897
//odm/firmware/aw8697_Receive_channel_RTP_15_175Hz.bin 8898
//odm/firmware/aw8697_Receive_channel_RTP_15_226Hz.bin 8899-8900
//odm/firmware/aw8697_Receive_channel_RTP_15_230Hz.bin 8901-8902
//odm/firmware/aw8697_Receive_channel_RTP_15_234Hz.bin 8903-8904
//odm/firmware/aw8697_Receive_channel_RTP_15_237Hz.bin 8905-8906
//odm/firmware/aw8697_Relax_RTP_32.bin 8907
//odm/firmware/aw8697_Relax_RTP_32_165Hz.bin 8908
//odm/firmware/aw8697_Relax_RTP_32_175Hz.bin 8909
//odm/firmware/aw8697_Relax_RTP_32_226Hz.bin 8910-8913
//odm/firmware/aw8697_Relax_RTP_32_230Hz.bin 8914-8916
//odm/firmware/aw8697_Relax_RTP_32_234Hz.bin 8917-8920
//odm/firmware/aw8697_Relax_RTP_32_237Hz.bin 8921-8923
//odm/firmware/aw8697_Relax_RTP_oplusos7_140.bin 8924-8931
//odm/firmware/aw8697_Relax_RTP_oplusos7_140_165Hz.bin 8932-8938
//odm/firmware/aw8697_Relax_RTP_oplusos7_140_175Hz.bin 8939-8945
//odm/firmware/aw8697_Relax_RTP_oplusos7_140_226Hz.bin 8946-8968
//odm/firmware/aw8697_Relax_RTP_oplusos7_140_230Hz.bin 8970-8987
//odm/firmware/aw8697_Relax_RTP_oplusos7_140_234Hz.bin 8988-9006
//odm/firmware/aw8697_Relax_RTP_oplusos7_140_237Hz.bin 9007-9025
//odm/firmware/aw8697_Reminiscence_RTP_33.bin 9026
//odm/firmware/aw8697_Ripple_channel_RTP_oplusos7_127.bin 9027
//odm/firmware/aw8697_Ripple_channel_RTP_oplusos7_127_165Hz.bin 9028
//odm/firmware/aw8697_Ripple_channel_RTP_oplusos7_127_175Hz.bin 9029
//odm/firmware/aw8697_Ripple_channel_RTP_oplusos7_127_226Hz.bin 9030
//odm/firmware/aw8697_Ripple_channel_RTP_oplusos7_127_230Hz.bin 9031
//odm/firmware/aw8697_Ripple_channel_RTP_oplusos7_127_234Hz.bin 9032
//odm/firmware/aw8697_Ripple_channel_RTP_oplusos7_127_237Hz.bin 9033
//odm/firmware/aw8697_Romantic_RTP_oplusos7_137.bin 9034-9037
//odm/firmware/aw8697_Romantic_RTP_oplusos7_137_165Hz.bin 9038-9040
//odm/firmware/aw8697_Romantic_RTP_oplusos7_137_175Hz.bin 9041-9044
//odm/firmware/aw8697_Romantic_RTP_oplusos7_137_226Hz.bin 9045-9065
//odm/firmware/aw8697_Romantic_RTP_oplusos7_137_230Hz.bin 9066-9086
//odm/firmware/aw8697_Romantic_RTP_oplusos7_137_234Hz.bin 9088-9108
//odm/firmware/aw8697_Romantic_RTP_oplusos7_137_237Hz.bin 9109-9128
//odm/firmware/aw8697_Scenic_RTP_121.bin 9129-9130
//odm/firmware/aw8697_Scenic_RTP_121_165Hz.bin 9131-9132
//odm/firmware/aw8697_Scenic_RTP_121_175Hz.bin 9133-9134
//odm/firmware/aw8697_Scenic_RTP_121_226Hz.bin 9135-9136
//odm/firmware/aw8697_Scenic_RTP_121_230Hz.bin 9137-9138
//odm/firmware/aw8697_Scenic_RTP_121_234Hz.bin 9139-9140
//odm/firmware/aw8697_Scenic_RTP_121_237Hz.bin 9141-9142
//odm/firmware/aw8697_Seine_past_RTP_oplusos7_134.bin 9144-9149
//odm/firmware/aw8697_Seine_past_RTP_oplusos7_134_165Hz.bin 9150-9154
//odm/firmware/aw8697_Seine_past_RTP_oplusos7_134_175Hz.bin 9155-9158
//odm/firmware/aw8697_Seine_past_RTP_oplusos7_134_226Hz.bin 9159-9176
//odm/firmware/aw8697_Seine_past_RTP_oplusos7_134_230Hz.bin 9177-9194
//odm/firmware/aw8697_Seine_past_RTP_oplusos7_134_234Hz.bin 9195-9212
//odm/firmware/aw8697_Seine_past_RTP_oplusos7_134_237Hz.bin 9213-9229
//odm/firmware/aw8697_Silence_From_Afar_RTP_34.bin 9230-9237
//odm/firmware/aw8697_Silence_From_Afar_RTP_34_165Hz.bin 9238-9245
//odm/firmware/aw8697_Silence_From_Afar_RTP_34_175Hz.bin 9247-9253
//odm/firmware/aw8697_Silence_From_Afar_RTP_34_226Hz.bin 9254-9273
//odm/firmware/aw8697_Silence_From_Afar_RTP_34_230Hz.bin 9274-9295
//odm/firmware/aw8697_Silence_From_Afar_RTP_34_234Hz.bin 9296-9315
//odm/firmware/aw8697_Silence_From_Afar_RTP_34_237Hz.bin 9316-9335
//odm/firmware/aw8697_Silence_RTP_35.bin 9336-9337
//odm/firmware/aw8697_Silence_RTP_35_165Hz.bin 9338-9339
//odm/firmware/aw8697_Silence_RTP_35_175Hz.bin 9340-9341
//odm/firmware/aw8697_Silence_RTP_35_226Hz.bin 9342-9358
//odm/firmware/aw8697_Silence_RTP_35_230Hz.bin 9360-9376
//odm/firmware/aw8697_Silence_RTP_35_234Hz.bin 9377-9393
//odm/firmware/aw8697_Silence_RTP_35_237Hz.bin 9394-9412
//odm/firmware/aw8697_Simple_channel_RTP_oplusos7_133.bin 9413
//odm/firmware/aw8697_Simple_channel_RTP_oplusos7_133_165Hz.bin 9414
//odm/firmware/aw8697_Simple_channel_RTP_oplusos7_133_175Hz.bin 9415
//odm/firmware/aw8697_Simple_channel_RTP_oplusos7_133_226Hz.bin 9416
//odm/firmware/aw8697_Simple_channel_RTP_oplusos7_133_230Hz.bin 9417
//odm/firmware/aw8697_Simple_channel_RTP_oplusos7_133_234Hz.bin 9418
//odm/firmware/aw8697_Simple_channel_RTP_oplusos7_133_237Hz.bin 9419
//odm/firmware/aw8697_Splash_channel_RTP_16.bin 9420
//odm/firmware/aw8697_Splash_channel_RTP_16_165Hz.bin 9421
//odm/firmware/aw8697_Splash_channel_RTP_16_175Hz.bin 9422
//odm/firmware/aw8697_Splash_channel_RTP_16_226Hz.bin 9423
//odm/firmware/aw8697_Splash_channel_RTP_16_230Hz.bin 9424
//odm/firmware/aw8697_Splash_channel_RTP_16_234Hz.bin 9425
//odm/firmware/aw8697_Splash_channel_RTP_16_237Hz.bin 9426-9427
//odm/firmware/aw8697_Stars_RTP_36.bin 9428-9432
//odm/firmware/aw8697_Stars_RTP_36_165Hz.bin 9433-9436
//odm/firmware/aw8697_Stars_RTP_36_175Hz.bin 9437-9440
//odm/firmware/aw8697_Stars_RTP_36_226Hz.bin 9441-9461
//odm/firmware/aw8697_Stars_RTP_36_230Hz.bin 9462-9482
//odm/firmware/aw8697_Stars_RTP_36_234Hz.bin 9484-9499
//odm/firmware/aw8697_Stars_RTP_36_237Hz.bin 9500-9517
//odm/firmware/aw8697_Summer_RTP_37.bin 9518-9520
//odm/firmware/aw8697_Summer_RTP_37_165Hz.bin 9521-9523
//odm/firmware/aw8697_Summer_RTP_37_175Hz.bin 9524-9526
//odm/firmware/aw8697_Summer_RTP_37_226Hz.bin 9527-9538
//odm/firmware/aw8697_Summer_RTP_37_230Hz.bin 9539-9553
//odm/firmware/aw8697_Summer_RTP_37_234Hz.bin 9554-9565
//odm/firmware/aw8697_Summer_RTP_37_237Hz.bin 9566-9577
//odm/firmware/aw8697_Temple_morning_RTP_71.bin 9578-9579
//odm/firmware/aw8697_Temple_morning_RTP_71_165Hz.bin 9580-9585
//odm/firmware/aw8697_Temple_morning_RTP_71_175Hz.bin 9586-9590
//odm/firmware/aw8697_Temple_morning_RTP_71_226Hz.bin 9592-9612
//odm/firmware/aw8697_Temple_morning_RTP_71_230Hz.bin 9613-9626
//odm/firmware/aw8697_Temple_morning_RTP_71_234Hz.bin 9627-9647
//odm/firmware/aw8697_Temple_morning_RTP_71_237Hz.bin 9648-9667
//odm/firmware/aw8697_Tip_top_RTP_86.bin 9668
//odm/firmware/aw8697_Tip_top_RTP_86_165Hz.bin 9669
//odm/firmware/aw8697_Tip_top_RTP_86_175Hz.bin 9670
//odm/firmware/aw8697_Tip_top_RTP_86_226Hz.bin 9671
//odm/firmware/aw8697_Tip_top_RTP_86_230Hz.bin 9672
//odm/firmware/aw8697_Tip_top_RTP_86_234Hz.bin 9673
//odm/firmware/aw8697_Tip_top_RTP_86_237Hz.bin 9674
//odm/firmware/aw8697_Tone_round_RTP_80.bin 9675
//odm/firmware/aw8697_Tone_round_RTP_80_165Hz.bin 9676-9677
//odm/firmware/aw8697_Tone_round_RTP_80_175Hz.bin 9678
//odm/firmware/aw8697_Tone_round_RTP_80_226Hz.bin 9679-9680
//odm/firmware/aw8697_Tone_round_RTP_80_230Hz.bin 9681-9682
//odm/firmware/aw8697_Tone_round_RTP_80_234Hz.bin 9683-9684
//odm/firmware/aw8697_Tone_round_RTP_80_237Hz.bin 9685-9686
//odm/firmware/aw8697_Toys_RTP_38.bin 9687-9688
//odm/firmware/aw8697_Toys_RTP_38_165Hz.bin 9689-9690
//odm/firmware/aw8697_Toys_RTP_38_175Hz.bin 9691-9692
//odm/firmware/aw8697_Toys_RTP_38_226Hz.bin 9694-9707
//odm/firmware/aw8697_Toys_RTP_38_230Hz.bin 9708-9724
//odm/firmware/aw8697_Toys_RTP_38_234Hz.bin 9725-9738
//odm/firmware/aw8697_Toys_RTP_38_237Hz.bin 9739-9755
//odm/firmware/aw8697_Vacation_RTP_74.bin 9756-9757
//odm/firmware/aw8697_Vacation_RTP_74_165Hz.bin 9758-9765
//odm/firmware/aw8697_Vacation_RTP_74_175Hz.bin 9766-9773
//odm/firmware/aw8697_Vacation_RTP_74_226Hz.bin 9774-9800
//odm/firmware/aw8697_Vacation_RTP_74_230Hz.bin 9801-9815
//odm/firmware/aw8697_Vacation_RTP_74_234Hz.bin 9816-9842
//odm/firmware/aw8697_Vacation_RTP_74_237Hz.bin 9843-9869
//odm/firmware/aw8697_Vision_RTP_40.bin 9871-9875
//odm/firmware/aw8697_Vision_RTP_40_170.bin 9876-9878
//odm/firmware/aw8697_Water_cicidas_72_RTP.bin 9879-9886
//odm/firmware/aw8697_Water_cicidas_72_RTP_165Hz.bin 9887-9894
//odm/firmware/aw8697_Water_cicidas_72_RTP_175Hz.bin 9895-9902
//odm/firmware/aw8697_Water_cicidas_72_RTP_226Hz.bin 9903-9913
//odm/firmware/aw8697_Water_cicidas_72_RTP_230Hz.bin 9914-9920
//odm/firmware/aw8697_Water_cicidas_72_RTP_234Hz.bin 9921-9931
//odm/firmware/aw8697_Water_cicidas_72_RTP_237Hz.bin 9932-9942
//odm/firmware/aw8697_Wood_phone_RTP_82.bin 9943
//odm/firmware/aw8697_Wood_phone_RTP_82_165Hz.bin 9944
//odm/firmware/aw8697_Wood_phone_RTP_82_175Hz.bin 9945
//odm/firmware/aw8697_Wood_phone_RTP_82_226Hz.bin 9946
//odm/firmware/aw8697_Wood_phone_RTP_82_230Hz.bin 9947
//odm/firmware/aw8697_Wood_phone_RTP_82_234Hz.bin 9948
//odm/firmware/aw8697_Wood_phone_RTP_82_237Hz.bin 9949
//odm/firmware/aw8697_Zanza_RTP_84.bin 9950
//odm/firmware/aw8697_Zanza_RTP_84_165Hz.bin 9951
//odm/firmware/aw8697_Zanza_RTP_84_175Hz.bin 9952
//odm/firmware/aw8697_Zanza_RTP_84_226Hz.bin 9953
//odm/firmware/aw8697_Zanza_RTP_84_230Hz.bin 9954
//odm/firmware/aw8697_Zanza_RTP_84_234Hz.bin 9955
//odm/firmware/aw8697_Zanza_RTP_84_237Hz.bin 9957
//odm/firmware/aw8697_bowl_bells_RTP_88.bin 9958-9959
//odm/firmware/aw8697_bowl_bells_RTP_88_165Hz.bin 9960-9961
//odm/firmware/aw8697_bowl_bells_RTP_88_175Hz.bin 9962-9963
//odm/firmware/aw8697_bowl_bells_RTP_88_226Hz.bin 9964-9965
//odm/firmware/aw8697_bowl_bells_RTP_88_230Hz.bin 9966-9967
//odm/firmware/aw8697_bowl_bells_RTP_88_234Hz.bin 9968-9969
//odm/firmware/aw8697_bowl_bells_RTP_88_237Hz.bin 9970-9971
//odm/firmware/aw8697_breath_simulation_RTP_118.bin 9972-9973
//odm/firmware/aw8697_breath_simulation_RTP_118_226Hz.bin 9974-9977
//odm/firmware/aw8697_breath_simulation_RTP_118_230Hz.bin 9978-9981
//odm/firmware/aw8697_breath_simulation_RTP_118_234Hz.bin 9982-9985
//odm/firmware/aw8697_breath_simulation_RTP_118_237Hz.bin 9986-9989
//odm/firmware/aw8697_charging_simulation_RTP_108.bin 9990
//odm/firmware/aw8697_charging_simulation_RTP_108_226Hz.bin 9991-9992
//odm/firmware/aw8697_charging_simulation_RTP_108_230Hz.bin 9993-9994
//odm/firmware/aw8697_charging_simulation_RTP_108_234Hz.bin 9995-9996
//odm/firmware/aw8697_charging_simulation_RTP_108_237Hz.bin 9997-9998
//odm/firmware/aw8697_clock_channel_RTP_43.bin 9999
//odm/firmware/aw8697_clock_channel_RTP_43_165Hz.bin 10000
//odm/firmware/aw8697_clock_channel_RTP_43_175Hz.bin 10001
//odm/firmware/aw8697_clock_channel_RTP_43_226Hz.bin 10002-10003
//odm/firmware/aw8697_clock_channel_RTP_43_230Hz.bin 10004
//odm/firmware/aw8697_clock_channel_RTP_43_234Hz.bin 10005-10006
//odm/firmware/aw8697_clock_channel_RTP_43_237Hz.bin 10007-10008
//odm/firmware/aw8697_cut_channel_RTP_42.bin 10009
//odm/firmware/aw8697_cut_channel_RTP_42_165Hz.bin 10010
//odm/firmware/aw8697_cut_channel_RTP_42_175Hz.bin 10011
//odm/firmware/aw8697_cut_channel_RTP_42_226Hz.bin 10012-10013
//odm/firmware/aw8697_cut_channel_RTP_42_230Hz.bin 10014-10015
//odm/firmware/aw8697_cut_channel_RTP_42_234Hz.bin 10016-10017
//odm/firmware/aw8697_cut_channel_RTP_42_237Hz.bin 10018-10019
//odm/firmware/aw8697_fingerprint_effect1_RTP_110.bin 10027
//odm/firmware/aw8697_fingerprint_effect1_RTP_110_226Hz.bin 10028
//odm/firmware/aw8697_fingerprint_effect1_RTP_110_230Hz.bin 10029
//odm/firmware/aw8697_fingerprint_effect1_RTP_110_234Hz.bin 10030
//odm/firmware/aw8697_fingerprint_effect1_RTP_110_237Hz.bin 10031
//odm/firmware/aw8697_fingerprint_effect2_RTP_111.bin 10032
//odm/firmware/aw8697_fingerprint_effect2_RTP_111_226Hz.bin 10033
//odm/firmware/aw8697_fingerprint_effect2_RTP_111_230Hz.bin 10034
//odm/firmware/aw8697_fingerprint_effect2_RTP_111_234Hz.bin 10035
//odm/firmware/aw8697_fingerprint_effect2_RTP_111_237Hz.bin 10036
//odm/firmware/aw8697_fingerprint_effect3_RTP_112.bin 10037
//odm/firmware/aw8697_fingerprint_effect3_RTP_112_226Hz.bin 10038
//odm/firmware/aw8697_fingerprint_effect3_RTP_112_230Hz.bin 10039
//odm/firmware/aw8697_fingerprint_effect3_RTP_112_234Hz.bin 10040
//odm/firmware/aw8697_fingerprint_effect3_RTP_112_237Hz.bin 10041
//odm/firmware/aw8697_fingerprint_effect4_RTP_113.bin 10042
//odm/firmware/aw8697_fingerprint_effect4_RTP_113_226Hz.bin 10043-10044
//odm/firmware/aw8697_fingerprint_effect4_RTP_113_230Hz.bin 10045-10046
//odm/firmware/aw8697_fingerprint_effect4_RTP_113_234Hz.bin 10047-10048
//odm/firmware/aw8697_fingerprint_effect4_RTP_113_237Hz.bin 10049-10050
//odm/firmware/aw8697_fingerprint_effect5_RTP_114.bin 10051
//odm/firmware/aw8697_fingerprint_effect5_RTP_114_226Hz.bin 10052-10053
//odm/firmware/aw8697_fingerprint_effect5_RTP_114_230Hz.bin 10054-10055
//odm/firmware/aw8697_fingerprint_effect5_RTP_114_234Hz.bin 10056-10057
//odm/firmware/aw8697_fingerprint_effect5_RTP_114_237Hz.bin 10058-10059
//odm/firmware/aw8697_fingerprint_effect6_RTP_115.bin 10060
//odm/firmware/aw8697_fingerprint_effect6_RTP_115_226Hz.bin 10061
//odm/firmware/aw8697_fingerprint_effect6_RTP_115_230Hz.bin 10062
//odm/firmware/aw8697_fingerprint_effect6_RTP_115_234Hz.bin 10063
//odm/firmware/aw8697_fingerprint_effect6_RTP_115_237Hz.bin 10064
//odm/firmware/aw8697_fingerprint_effect7_RTP_116.bin 10065
//odm/firmware/aw8697_fingerprint_effect7_RTP_116_226Hz.bin 10066
//odm/firmware/aw8697_fingerprint_effect7_RTP_116_230Hz.bin 10067
//odm/firmware/aw8697_fingerprint_effect7_RTP_116_234Hz.bin 10068
//odm/firmware/aw8697_fingerprint_effect7_RTP_116_237Hz.bin 10069
//odm/firmware/aw8697_fingerprint_effect8_RTP_117.bin 10070
//odm/firmware/aw8697_fingerprint_effect8_RTP_117_226Hz.bin 10071
//odm/firmware/aw8697_fingerprint_effect8_RTP_117_230Hz.bin 10072
//odm/firmware/aw8697_fingerprint_effect8_RTP_117_234Hz.bin 10073
//odm/firmware/aw8697_fingerprint_effect8_RTP_117_237Hz.bin 10074
//odm/firmware/aw8697_haptic.bin 10075
//odm/firmware/aw8697_haptic_166.bin 10076
//odm/firmware/aw8697_haptic_168.bin 10077
//odm/firmware/aw8697_haptic_170.bin 10078
//odm/firmware/aw8697_haptic_172.bin 10079
//odm/firmware/aw8697_haptic_174.bin 10080
//odm/firmware/aw8697_haptic_235.bin 10081
//odm/firmware/aw8697_haptic_235_19161.bin 10082
//odm/firmware/aw8697_high_temp_high_humidity_channel_RTP_51_160Hz.bin 10083
//odm/firmware/aw8697_high_temp_high_humidity_channel_RTP_51_162Hz.bin 10084
//odm/firmware/aw8697_high_temp_high_humidity_channel_RTP_51_164Hz.bin 10085
//odm/firmware/aw8697_high_temp_high_humidity_channel_RTP_51_166Hz.bin 10086
//odm/firmware/aw8697_high_temp_high_humidity_channel_RTP_51_168Hz.bin 10087
//odm/firmware/aw8697_high_temp_high_humidity_channel_RTP_51_170Hz.bin 10088
//odm/firmware/aw8697_high_temp_high_humidity_channel_RTP_51_172Hz.bin 10089
//odm/firmware/aw8697_high_temp_high_humidity_channel_RTP_51_174Hz.bin 10090
//odm/firmware/aw8697_high_temp_high_humidity_channel_RTP_51_176Hz.bin 10091
//odm/firmware/aw8697_high_temp_high_humidity_channel_RTP_51_178Hz.bin 10092
//odm/firmware/aw8697_high_temp_high_humidity_channel_RTP_51_180Hz.bin 10093
//odm/firmware/aw8697_high_temp_high_humidity_channel_RTP_51_225Hz.bin 10094-10096
//odm/firmware/aw8697_high_temp_high_humidity_channel_RTP_51_226Hz.bin 10097-10099
//odm/firmware/aw8697_high_temp_high_humidity_channel_RTP_51_227Hz.bin 10100-10102
//odm/firmware/aw8697_high_temp_high_humidity_channel_RTP_51_228Hz.bin 10103
//odm/firmware/aw8697_high_temp_high_humidity_channel_RTP_51_229Hz.bin 10104
//odm/firmware/aw8697_high_temp_high_humidity_channel_RTP_51_230Hz.bin 10105
//odm/firmware/aw8697_high_temp_high_humidity_channel_RTP_51_231Hz.bin 10106
//odm/firmware/aw8697_high_temp_high_humidity_channel_RTP_51_232Hz.bin 10107
//odm/firmware/aw8697_high_temp_high_humidity_channel_RTP_51_233Hz.bin 10108-10110
//odm/firmware/aw8697_high_temp_high_humidity_channel_RTP_51_234Hz.bin 10111-10113
//odm/firmware/aw8697_high_temp_high_humidity_channel_RTP_51_235Hz.bin 10115-10117
//odm/firmware/aw8697_honor_five_kill_RTP_64.bin 10125
//odm/firmware/aw8697_honor_five_kill_RTP_64_165Hz.bin 10126
//odm/firmware/aw8697_honor_five_kill_RTP_64_175Hz.bin 10127
//odm/firmware/aw8697_honor_five_kill_RTP_64_226Hz.bin 10128-10129
//odm/firmware/aw8697_honor_five_kill_RTP_64_230Hz.bin 10130-10131
//odm/firmware/aw8697_honor_five_kill_RTP_64_234Hz.bin 10132-10133
//odm/firmware/aw8697_honor_five_kill_RTP_64_237Hz.bin 10134-10135
//odm/firmware/aw8697_honor_four_continu_kill_RTP_66.bin 10136
//odm/firmware/aw8697_honor_four_continu_kill_RTP_66_165Hz.bin 10137
//odm/firmware/aw8697_honor_four_continu_kill_RTP_66_175Hz.bin 10138
//odm/firmware/aw8697_honor_four_continu_kill_RTP_66_226Hz.bin 10139
//odm/firmware/aw8697_honor_four_continu_kill_RTP_66_230Hz.bin 10140
//odm/firmware/aw8697_honor_four_continu_kill_RTP_66_234Hz.bin 10141
//odm/firmware/aw8697_honor_four_continu_kill_RTP_66_237Hz.bin 10142
//odm/firmware/aw8697_honor_four_kill_RTP_63.bin 10143
//odm/firmware/aw8697_honor_four_kill_RTP_63_165Hz.bin 10144
//odm/firmware/aw8697_honor_four_kill_RTP_63_175Hz.bin 10145
//odm/firmware/aw8697_honor_four_kill_RTP_63_226Hz.bin 10146
//odm/firmware/aw8697_honor_four_kill_RTP_63_230Hz.bin 10147
//odm/firmware/aw8697_honor_four_kill_RTP_63_234Hz.bin 10148
//odm/firmware/aw8697_honor_four_kill_RTP_63_237Hz.bin 10149
//odm/firmware/aw8697_honor_lengendary_RTP_69.bin 10150-10151
//odm/firmware/aw8697_honor_lengendary_RTP_69_165Hz.bin 10152-10153
//odm/firmware/aw8697_honor_lengendary_RTP_69_175Hz.bin 10154-10155
//odm/firmware/aw8697_honor_lengendary_RTP_69_226Hz.bin 10156-10157
//odm/firmware/aw8697_honor_lengendary_RTP_69_230Hz.bin 10158
//odm/firmware/aw8697_honor_lengendary_RTP_69_234Hz.bin 10159-10160
//odm/firmware/aw8697_honor_lengendary_RTP_69_237Hz.bin 10161-10162
//odm/firmware/aw8697_honor_thousands_kill_RTP_68.bin 10163
//odm/firmware/aw8697_honor_thousands_kill_RTP_68_165Hz.bin 10164
//odm/firmware/aw8697_honor_thousands_kill_RTP_68_175Hz.bin 10165
//odm/firmware/aw8697_honor_thousands_kill_RTP_68_226Hz.bin 10166-10167
//odm/firmware/aw8697_honor_thousands_kill_RTP_68_230Hz.bin 10168
//odm/firmware/aw8697_honor_thousands_kill_RTP_68_234Hz.bin 10169-10170
//odm/firmware/aw8697_honor_thousands_kill_RTP_68_237Hz.bin 10171-10172
//odm/firmware/aw8697_honor_three_continu_kill_RTP_65.bin 10173
//odm/firmware/aw8697_honor_three_continu_kill_RTP_65_165Hz.bin 10174
//odm/firmware/aw8697_honor_three_continu_kill_RTP_65_175Hz.bin 10175
//odm/firmware/aw8697_honor_three_continu_kill_RTP_65_226Hz.bin 10176
//odm/firmware/aw8697_honor_three_continu_kill_RTP_65_230Hz.bin 10177
//odm/firmware/aw8697_honor_three_continu_kill_RTP_65_234Hz.bin 10178
//odm/firmware/aw8697_honor_three_continu_kill_RTP_65_237Hz.bin 10179
//odm/firmware/aw8697_honor_three_kill_RTP_62.bin 10180
//odm/firmware/aw8697_honor_three_kill_RTP_62_165Hz.bin 10181
//odm/firmware/aw8697_honor_three_kill_RTP_62_175Hz.bin 10182
//odm/firmware/aw8697_honor_three_kill_RTP_62_226Hz.bin 10183
//odm/firmware/aw8697_honor_three_kill_RTP_62_230Hz.bin 10184
//odm/firmware/aw8697_honor_three_kill_RTP_62_234Hz.bin 10185
//odm/firmware/aw8697_honor_three_kill_RTP_62_237Hz.bin 10186
//odm/firmware/aw8697_honor_unstoppable_RTP_67.bin 10194
//odm/firmware/aw8697_honor_unstoppable_RTP_67_165Hz.bin 10195
//odm/firmware/aw8697_honor_unstoppable_RTP_67_175Hz.bin 10196
//odm/firmware/aw8697_honor_unstoppable_RTP_67_226Hz.bin 10197
//odm/firmware/aw8697_honor_unstoppable_RTP_67_230Hz.bin 10198
//odm/firmware/aw8697_honor_unstoppable_RTP_67_234Hz.bin 10199
//odm/firmware/aw8697_honor_unstoppable_RTP_67_237Hz.bin 10200
//odm/firmware/aw8697_jumpy_RTP_89.bin 10201
//odm/firmware/aw8697_jumpy_RTP_89_165Hz.bin 10202
//odm/firmware/aw8697_jumpy_RTP_89_175Hz.bin 10203
//odm/firmware/aw8697_jumpy_RTP_89_226Hz.bin 10204
//odm/firmware/aw8697_jumpy_RTP_89_230Hz.bin 10205
//odm/firmware/aw8697_jumpy_RTP_89_234Hz.bin 10206
//odm/firmware/aw8697_jumpy_RTP_89_237Hz.bin 10207
//odm/firmware/aw8697_kill_program_RTP_47.bin 10208
//odm/firmware/aw8697_kill_program_RTP_47_165Hz.bin 10209
//odm/firmware/aw8697_kill_program_RTP_47_175Hz.bin 10210
//odm/firmware/aw8697_kill_program_RTP_47_226Hz.bin 10211
//odm/firmware/aw8697_kill_program_RTP_47_230Hz.bin 10212
//odm/firmware/aw8697_kill_program_RTP_47_234Hz.bin 10213
//odm/firmware/aw8697_kill_program_RTP_47_237Hz.bin 10214
//odm/firmware/aw8697_listen_pop_53.bin 10215
//odm/firmware/aw8697_listen_pop_53_235Hz.bin 10216
//odm/firmware/aw8697_long_sound_channel_RTP_44.bin 10217
//odm/firmware/aw8697_long_sound_channel_RTP_44_165Hz.bin 10218
//odm/firmware/aw8697_long_sound_channel_RTP_44_175Hz.bin 10219
//odm/firmware/aw8697_long_sound_channel_RTP_44_226Hz.bin 10220
//odm/firmware/aw8697_long_sound_channel_RTP_44_230Hz.bin 10221
//odm/firmware/aw8697_long_sound_channel_RTP_44_234Hz.bin 10222
//odm/firmware/aw8697_long_sound_channel_RTP_44_237Hz.bin 10223-10228
//odm/firmware/aw8697_nfc_10_RTP_55.bin 10229-10230
//odm/firmware/aw8697_nfc_10_RTP_55_165Hz.bin 10231-10232
//odm/firmware/aw8697_nfc_10_RTP_55_175Hz.bin 10234-10235
//odm/firmware/aw8697_nfc_10_RTP_55_226Hz.bin 10236-10237
//odm/firmware/aw8697_nfc_10_RTP_55_230Hz.bin 10238-10239
//odm/firmware/aw8697_nfc_10_RTP_55_234Hz.bin 10240-10241
//odm/firmware/aw8697_nfc_10_RTP_55_237Hz.bin 10242-10243
//odm/firmware/aw8697_old_steady_test_RTP_52_160Hz.bin 10244
//odm/firmware/aw8697_old_steady_test_RTP_52_162Hz.bin 10245
//odm/firmware/aw8697_old_steady_test_RTP_52_164Hz.bin 10246
//odm/firmware/aw8697_old_steady_test_RTP_52_166Hz.bin 10247
//odm/firmware/aw8697_old_steady_test_RTP_52_168Hz.bin 10248
//odm/firmware/aw8697_old_steady_test_RTP_52_170Hz.bin 10249
//odm/firmware/aw8697_old_steady_test_RTP_52_172Hz.bin 10250
//odm/firmware/aw8697_old_steady_test_RTP_52_174Hz.bin 10251
//odm/firmware/aw8697_old_steady_test_RTP_52_176Hz.bin 10252
//odm/firmware/aw8697_old_steady_test_RTP_52_178Hz.bin 10253
//odm/firmware/aw8697_old_steady_test_RTP_52_180Hz.bin 10254
//odm/firmware/aw8697_old_steady_test_RTP_52_225Hz.bin 10255
//odm/firmware/aw8697_old_steady_test_RTP_52_226Hz.bin 10256
//odm/firmware/aw8697_old_steady_test_RTP_52_227Hz.bin 10257
//odm/firmware/aw8697_old_steady_test_RTP_52_228Hz.bin 10258
//odm/firmware/aw8697_old_steady_test_RTP_52_229Hz.bin 10259
//odm/firmware/aw8697_old_steady_test_RTP_52_230Hz.bin 10260
//odm/firmware/aw8697_old_steady_test_RTP_52_231Hz.bin 10261
//odm/firmware/aw8697_old_steady_test_RTP_52_232Hz.bin 10262
//odm/firmware/aw8697_old_steady_test_RTP_52_233Hz.bin 10263
//odm/firmware/aw8697_old_steady_test_RTP_52_234Hz.bin 10264
//odm/firmware/aw8697_old_steady_test_RTP_52_235Hz.bin 10265
//odm/firmware/aw8697_realme_its_realme_RTP_161_235Hz.bin 10266-10268
//odm/firmware/aw8697_realme_jingle_RTP_163_235Hz.bin 10269-10270
//odm/firmware/aw8697_realme_tune_RTP_162_235Hz.bin 10271-10275
//odm/firmware/aw8697_rtp.bin 10276
//odm/firmware/aw8697_rtp_lighthouse.bin 10278-10343
//odm/firmware/aw8697_rtp_silk.bin 10344-10409
//odm/firmware/aw8697_short_channel_RTP_45.bin 10410
//odm/firmware/aw8697_short_channel_RTP_45_165Hz.bin 10411
//odm/firmware/aw8697_short_channel_RTP_45_175Hz.bin 10412
//odm/firmware/aw8697_short_channel_RTP_45_226Hz.bin 10413-10419
//odm/firmware/aw8697_short_channel_RTP_45_230Hz.bin 10420
//odm/firmware/aw8697_short_channel_RTP_45_234Hz.bin 10421
//odm/firmware/aw8697_short_channel_RTP_45_237Hz.bin 10422-10428
//odm/firmware/aw8697_soldier_fifth_kill_RTP_104.bin 10429
//odm/firmware/aw8697_soldier_fifth_kill_RTP_104_165Hz.bin 10430
//odm/firmware/aw8697_soldier_fifth_kill_RTP_104_175Hz.bin 10431
//odm/firmware/aw8697_soldier_fifth_kill_RTP_104_226Hz.bin 10432
//odm/firmware/aw8697_soldier_fifth_kill_RTP_104_230Hz.bin 10433
//odm/firmware/aw8697_soldier_fifth_kill_RTP_104_234Hz.bin 10434
//odm/firmware/aw8697_soldier_fifth_kill_RTP_104_237Hz.bin 10435
//odm/firmware/aw8697_soldier_first_kill_RTP_100.bin 10436
//odm/firmware/aw8697_soldier_first_kill_RTP_100_165Hz.bin 10437
//odm/firmware/aw8697_soldier_first_kill_RTP_100_175Hz.bin 10438
//odm/firmware/aw8697_soldier_first_kill_RTP_100_226Hz.bin 10439
//odm/firmware/aw8697_soldier_first_kill_RTP_100_230Hz.bin 10440
//odm/firmware/aw8697_soldier_first_kill_RTP_100_234Hz.bin 10441
//odm/firmware/aw8697_soldier_first_kill_RTP_100_237Hz.bin 10442
//odm/firmware/aw8697_soldier_fourth_kill_RTP_103.bin 10443
//odm/firmware/aw8697_soldier_fourth_kill_RTP_103_165Hz.bin 10444
//odm/firmware/aw8697_soldier_fourth_kill_RTP_103_175Hz.bin 10446
//odm/firmware/aw8697_soldier_fourth_kill_RTP_103_226Hz.bin 10447
//odm/firmware/aw8697_soldier_fourth_kill_RTP_103_230Hz.bin 10448
//odm/firmware/aw8697_soldier_fourth_kill_RTP_103_234Hz.bin 10449
//odm/firmware/aw8697_soldier_fourth_kill_RTP_103_237Hz.bin 10450
//odm/firmware/aw8697_soldier_second_kill_RTP_101.bin 10451
//odm/firmware/aw8697_soldier_second_kill_RTP_101_165Hz.bin 10452
//odm/firmware/aw8697_soldier_second_kill_RTP_101_175Hz.bin 10453
//odm/firmware/aw8697_soldier_second_kill_RTP_101_226Hz.bin 10454
//odm/firmware/aw8697_soldier_second_kill_RTP_101_230Hz.bin 10455
//odm/firmware/aw8697_soldier_second_kill_RTP_101_234Hz.bin 10456
//odm/firmware/aw8697_soldier_second_kill_RTP_101_237Hz.bin 10457
//odm/firmware/aw8697_soldier_third_kill_RTP_102.bin 10458
//odm/firmware/aw8697_soldier_third_kill_RTP_102_165Hz.bin 10459
//odm/firmware/aw8697_soldier_third_kill_RTP_102_175Hz.bin 10460
//odm/firmware/aw8697_soldier_third_kill_RTP_102_226Hz.bin 10461
//odm/firmware/aw8697_soldier_third_kill_RTP_102_230Hz.bin 10462
//odm/firmware/aw8697_soldier_third_kill_RTP_102_234Hz.bin 10463
//odm/firmware/aw8697_soldier_third_kill_RTP_102_237Hz.bin 10464
//odm/firmware/aw8697_temple_tone_RTP_77.bin 10468-10469
//odm/firmware/aw8697_temple_tone_RTP_77_165Hz.bin 10470-10480
//odm/firmware/aw8697_temple_tone_RTP_77_175Hz.bin 10481-10492
//odm/firmware/aw8697_temple_tone_RTP_77_226Hz.bin 10493-10524
//odm/firmware/aw8697_temple_tone_RTP_77_230Hz.bin 10525-10542
//odm/firmware/aw8697_temple_tone_RTP_77_234Hz.bin 10543-10574
//odm/firmware/aw8697_temple_tone_RTP_77_237Hz.bin 10575-10607
//odm/firmware/aw8697_two_error_remaind_RTP_46.bin 10608
//odm/firmware/aw8697_two_error_remaind_RTP_46_165Hz.bin 10609
//odm/firmware/aw8697_two_error_remaind_RTP_46_175Hz.bin 10610
//odm/firmware/aw8697_two_error_remaind_RTP_46_226Hz.bin 10611
//odm/firmware/aw8697_two_error_remaind_RTP_46_230Hz.bin 10612
//odm/firmware/aw8697_two_error_remaind_RTP_46_234Hz.bin 10613
//odm/firmware/aw8697_two_error_remaind_RTP_46_237Hz.bin 10614
//odm/firmware/aw8697_vibrator_remain_12_RTP_56.bin 10615
//odm/firmware/aw8697_vibrator_remain_12_RTP_56_165Hz.bin 10616
//odm/firmware/aw8697_vibrator_remain_12_RTP_56_175Hz.bin 10617
//odm/firmware/aw8697_vibrator_remain_12_RTP_56_226Hz.bin 10618
//odm/firmware/aw8697_vibrator_remain_12_RTP_56_230Hz.bin 10619
//odm/firmware/aw8697_vibrator_remain_12_RTP_56_234Hz.bin 10620
//odm/firmware/aw8697_vibrator_remain_12_RTP_56_237Hz.bin 10621
//odm/firmware/aw8697_voice_level_bar_edge_RTP_106.bin 10627
//odm/firmware/aw8697_voice_level_bar_edge_RTP_106_226Hz.bin 10628
//odm/firmware/aw8697_voice_level_bar_edge_RTP_106_230Hz.bin 10629
//odm/firmware/aw8697_voice_level_bar_edge_RTP_106_234Hz.bin 10630
//odm/firmware/aw8697_voice_level_bar_edge_RTP_106_237Hz.bin 10631
//odm/firmware/aw8697_waltz_channel_RTP_41.bin 10632
//odm/firmware/aw8697_waltz_channel_RTP_41_165Hz.bin 10633
//odm/firmware/aw8697_waltz_channel_RTP_41_175Hz.bin 10634
//odm/firmware/aw8697_waltz_channel_RTP_41_226Hz.bin 10635
//odm/firmware/aw8697_waltz_channel_RTP_41_230Hz.bin 10636
//odm/firmware/aw8697_waltz_channel_RTP_41_234Hz.bin 10637
//odm/firmware/aw8697_waltz_channel_RTP_41_237Hz.bin 10638-10639
//odm/firmware/aw8697_weather_cloudy_RTP_oplusos7_143.bin 10640-10647
//odm/firmware/aw8697_weather_cloudy_RTP_oplusos7_143_165Hz.bin 10648-10652
//odm/firmware/aw8697_weather_cloudy_RTP_oplusos7_143_175Hz.bin 10653-10657
//odm/firmware/aw8697_weather_cloudy_RTP_oplusos7_143_226Hz.bin 10658-10659
//odm/firmware/aw8697_weather_cloudy_RTP_oplusos7_143_230Hz.bin 10660-10661
//odm/firmware/aw8697_weather_cloudy_RTP_oplusos7_143_234Hz.bin 10662-10663
//odm/firmware/aw8697_weather_cloudy_RTP_oplusos7_143_237Hz.bin 10664-10665
//odm/firmware/aw8697_weather_default_RTP_oplusos7_145.bin 10666-10670
//odm/firmware/aw8697_weather_default_RTP_oplusos7_145_165Hz.bin 10671-10674
//odm/firmware/aw8697_weather_default_RTP_oplusos7_145_175Hz.bin 10675-10677
//odm/firmware/aw8697_weather_default_RTP_oplusos7_145_226Hz.bin 10678-10696
//odm/firmware/aw8697_weather_default_RTP_oplusos7_145_230Hz.bin 10697-10714
//odm/firmware/aw8697_weather_default_RTP_oplusos7_145_234Hz.bin 10715-10733
//odm/firmware/aw8697_weather_default_RTP_oplusos7_145_237Hz.bin 10734-10751
//odm/firmware/aw8697_weather_rain_RTP_oplusos7_149.bin 10752-10755
//odm/firmware/aw8697_weather_rain_RTP_oplusos7_149_165Hz.bin 10756-10759
//odm/firmware/aw8697_weather_rain_RTP_oplusos7_149_175Hz.bin 10760-10763
//odm/firmware/aw8697_weather_rain_RTP_oplusos7_149_226Hz.bin 10764-10775
//odm/firmware/aw8697_weather_rain_RTP_oplusos7_149_230Hz.bin 10776-10786
//odm/firmware/aw8697_weather_rain_RTP_oplusos7_149_234Hz.bin 10788-10799
//odm/firmware/aw8697_weather_rain_RTP_oplusos7_149_237Hz.bin 10800-10810
//odm/firmware/aw8697_weather_smog_RTP_oplusos7_147.bin 10811-10814
//odm/firmware/aw8697_weather_smog_RTP_oplusos7_147_165Hz.bin 10815-10817
//odm/firmware/aw8697_weather_smog_RTP_oplusos7_147_175Hz.bin 10818-10820
//odm/firmware/aw8697_weather_smog_RTP_oplusos7_147_226Hz.bin 10821-10831
//odm/firmware/aw8697_weather_smog_RTP_oplusos7_147_230Hz.bin 10832-10842
//odm/firmware/aw8697_weather_smog_RTP_oplusos7_147_234Hz.bin 10843-10853
//odm/firmware/aw8697_weather_smog_RTP_oplusos7_147_237Hz.bin 10854-10864
//odm/firmware/aw8697_weather_snow_RTP_oplusos7_148.bin 10865-10868
//odm/firmware/aw8697_weather_snow_RTP_oplusos7_148_165Hz.bin 10869-10872
//odm/firmware/aw8697_weather_snow_RTP_oplusos7_148_175Hz.bin 10873-10876
//odm/firmware/aw8697_weather_snow_RTP_oplusos7_148_226Hz.bin 10877-10886
//odm/firmware/aw8697_weather_snow_RTP_oplusos7_148_230Hz.bin 10888-10897
//odm/firmware/aw8697_weather_snow_RTP_oplusos7_148_234Hz.bin 10898-10907
//odm/firmware/aw8697_weather_snow_RTP_oplusos7_148_237Hz.bin 10908-10916
//odm/firmware/aw8697_weather_sunny_RTP_oplusos7_146.bin 10917-10921
//odm/firmware/aw8697_weather_sunny_RTP_oplusos7_146_165Hz.bin 10922-10926
//odm/firmware/aw8697_weather_sunny_RTP_oplusos7_146_175Hz.bin 10927-10930
//odm/firmware/aw8697_weather_sunny_RTP_oplusos7_146_226Hz.bin 10931-10941
//odm/firmware/aw8697_weather_sunny_RTP_oplusos7_146_230Hz.bin 10942-10951
//odm/firmware/aw8697_weather_sunny_RTP_oplusos7_146_234Hz.bin 10952-10962
//odm/firmware/aw8697_weather_sunny_RTP_oplusos7_146_237Hz.bin 10963-10973
//odm/firmware/aw8697_weather_thunderstorm_RTP_oplusos7_144.bin 10974-10982
//odm/firmware/aw8697_weather_thunderstorm_RTP_oplusos7_144_165Hz.bin 10983-10991
//odm/firmware/aw8697_weather_thunderstorm_RTP_oplusos7_144_175Hz.bin 10993-11001
//odm/firmware/aw8697_weather_thunderstorm_RTP_oplusos7_144_226Hz.bin 11002-11008
//odm/firmware/aw8697_weather_thunderstorm_RTP_oplusos7_144_230Hz.bin 11009-11015
//odm/firmware/aw8697_weather_thunderstorm_RTP_oplusos7_144_234Hz.bin 11016-11022
//odm/firmware/aw8697_weather_thunderstorm_RTP_oplusos7_144_237Hz.bin 11023-11029
//odm/firmware/aw8697_weather_wind_RTP_oplusos7_142.bin 11030-11049
//odm/firmware/aw8697_weather_wind_RTP_oplusos7_142_165Hz.bin 11050-11069
//odm/firmware/aw8697_weather_wind_RTP_oplusos7_142_175Hz.bin 11070-11089
//odm/firmware/aw8697_weather_wind_RTP_oplusos7_142_226Hz.bin 11090-11097
//odm/firmware/aw8697_weather_wind_RTP_oplusos7_142_230Hz.bin 11098-11104
//odm/firmware/aw8697_weather_wind_RTP_oplusos7_142_234Hz.bin 11105-11112
//odm/firmware/aw8697_weather_wind_RTP_oplusos7_142_237Hz.bin 11113-11120
//odm/firmware/awinic.haptic.effect.so 11121-11128
//odm/firmware/barca_alarm_ring_RTP_120.bin 11131-11133
//odm/firmware/barca_incoming_ring_RTP_121.bin 11134-11136
//odm/firmware/barca_notice_ring_RTP_122.bin 11137
//odm/firmware/fastchg/19063/oplus_vooc_fw.bin 11138
//odm/firmware/fastchg/19065/oplus_vooc_fw.bin 11140
//odm/firmware/fastchg/19066/oplus_vooc_fw.bin 11142
//odm/firmware/fastchg/19067/oplus_vooc_fw.bin 11144
//odm/firmware/fastchg/19161/oplus_vooc_fw.bin 11146
//odm/firmware/fastchg/19361/oplus_vooc_fw.bin 11148
//odm/firmware/fastchg/19362/oplus_vooc_fw.bin 11150
//odm/firmware/fastchg/19705/oplus_vooc_fw.bin 11152
//odm/firmware/fastchg/19706/oplus_vooc_fw.bin 11154
//odm/firmware/fastchg/19795/oplus_vooc_fw.bin 11156
//odm/firmware/fastchg/19805/oplus_vooc_fw_rk826.bin 11158-11160
//odm/firmware/fastchg/19811/oplus_vooc_fw.bin 11161
//odm/firmware/fastchg/19813/oplus_vooc_fw.bin 11163
//odm/firmware/fastchg/19821/oplus_vooc_fw.bin 11165
//odm/firmware/fastchg/19823/oplus_vooc_fw.bin 11167
//odm/firmware/fastchg/19835/oplus_vooc_fw.bin 11169
//odm/firmware/fastchg/19837/oplus_vooc_fw.bin 11171
//odm/firmware/fastchg/19839/oplus_vooc_fw.bin 11173
//odm/firmware/fastchg/19841/oplus_vooc_fw.bin 11175
//odm/firmware/fastchg/19855/oplus_vooc_fw.bin 11177
//odm/firmware/fastchg/20061/oplus_vooc_fw_rk826.bin 11179-11181
//odm/firmware/fastchg/20062/oplus_vooc_fw_rk826.bin 11182-11184
//odm/firmware/fastchg/20135/oplus_vooc_fw_rk826.bin 11185-11187
//odm/firmware/fastchg/20137/oplus_vooc_fw_rk826.bin 11188-11190
//odm/firmware/fastchg/20139/oplus_vooc_fw_rk826.bin 11191-11193
//odm/firmware/fastchg/20161/oplus_vooc_fw_rt5125.bin 11194-11195
//odm/firmware/fastchg/20163/oplus_vooc_fw_rt5125.bin 11197-11198
//odm/firmware/fastchg/20235/oplus_vooc_fw_rk826.bin 11200-11202
//odm/firmware/fastchg/20351/oplus_vooc_fw_rt5125.bin 11203-11204
//odm/firmware/fastchg/20607/oplus_vooc_fw.bin 11206
//odm/firmware/fastchg/20806/oplus_vooc_fw_rk826.bin 11208-11210
//odm/firmware/fastchg/20807/oplus_vooc_fw_rk826.bin 11211-11213
//odm/firmware/fastchg/20808/oplus_vooc_fw_rk826.bin 11214-11216
//odm/firmware/fastchg/20809/oplus_vooc_fw_rk826.bin 11217-11219
//odm/firmware/fastchg/2080E/oplus_vooc_fw_rk826.bin 11220-11222
//odm/firmware/fastchg/20819/oplus_vooc_fw_rk826.bin 11223-11225
//odm/firmware/fastchg/20828/oplus_vooc_fw_rk826.bin 11226-11228
//odm/firmware/fastchg/20838/oplus_vooc_fw_rk826.bin 11229-11231
//odm/firmware/fastchg/21615/oplus_vooc_fw_rk826.bin 11232-11234
//odm/firmware/fastchg/21619/oplus_vooc_fw_rk826.bin 11235-11237
//odm/firmware/fastchg/2161A/oplus_vooc_fw_rk826.bin 11238-11240
//odm/firmware/fastchg/21623/oplus_vooc_fw_rk826.bin 11241-11243
//odm/firmware/fastchg/2169A/oplus_vooc_fw_rk826.bin 11244-11246
//odm/firmware/fastchg/2169B/oplus_vooc_fw_rk826.bin 11247-11249
//odm/firmware/fastchg/21732/oplus_vooc_fw_rk826.bin 11250-11252
//odm/firmware/fastchg/21733/oplus_vooc_fw_rk826.bin 11253-11255
//odm/firmware/fastchg/smart_chg_config_table.txt 11256-11261
//odm/firmware/lighthouse.mp3 11262-11489
//odm/firmware/nature_170HZ.bin 11490-11492
//odm/firmware/notif_Allay_RTP.bin 11493
//odm/firmware/notif_Allusion_RTP.bin 11494
//odm/firmware/notif_Amiable_RTP.bin 11495
//odm/firmware/notif_Blare_RTP.bin 11496
//odm/firmware/notif_Blissful_RTP.bin 11497
//odm/firmware/notif_Brisk_RTP.bin 11498
//odm/firmware/notif_Cheerful_RTP.bin 11500
//odm/firmware/notif_Clear_RTP.bin 11501
//odm/firmware/notif_Comely_RTP.bin 11502
//odm/firmware/notif_Cozy_RTP.bin 11503
//odm/firmware/notif_Ding_RTP.bin 11504
//odm/firmware/notif_Effervesce_RTP.bin 11505
//odm/firmware/notif_Elegant_RTP.bin 11506
//odm/firmware/notif_Free_RTP.bin 11507
//odm/firmware/notif_Hallucination_RTP.bin 11508
//odm/firmware/notif_Inbound_RTP.bin 11509
//odm/firmware/notif_Light_RTP.bin 11510
//odm/firmware/notif_Meet_RTP.bin 11511
//odm/firmware/notif_Naivety_RTP.bin 11512
//odm/firmware/notif_Quickly_RTP.bin 11513
//odm/firmware/notif_Rhythm_RTP.bin 11514
//odm/firmware/notif_Surprise_RTP.bin 11515
//odm/firmware/notif_Twinkle_RTP.bin 11516
//odm/firmware/ring_Amenity_RTP.bin 11517-11518
//odm/firmware/ring_Bounce_RTP.bin 11519-11520
//odm/firmware/ring_Calm_RTP.bin 11521
//odm/firmware/ring_Lazy_RTP.bin 11522-11526
//odm/firmware/ring_Mystical_RTP.bin 11527-11528
//odm/firmware/ring_Whirl_RTP.bin 11529-11530
//odm/firmware/ringtone_Alacrity_RTP.bin 11531-11532
//odm/firmware/ringtone_Blues_RTP.bin 11533-11534
//odm/firmware/ringtone_Cloud_RTP.bin 11535
//odm/firmware/ringtone_Cyclotron_RTP.bin 11536-11537
//odm/firmware/ringtone_Distinct_RTP.bin 11538
//odm/firmware/ringtone_Dynamic_RTP.bin 11539-11543
//odm/firmware/ringtone_Eager.bin 11544-11551
//odm/firmware/ringtone_Ebullition.bin 11552-11557
//odm/firmware/ringtone_Echo_RTP.bin 11558
//odm/firmware/ringtone_Expect_RTP.bin 11559
//odm/firmware/ringtone_Fanatical_RTP.bin 11560-11562
//odm/firmware/ringtone_Friendship.bin 11563-11566
//odm/firmware/ringtone_Funky_RTP.bin 11567
//odm/firmware/ringtone_Guitar_RTP.bin 11568-11572
//odm/firmware/ringtone_Harping_RTP.bin 11573-11574
//odm/firmware/ringtone_Highlight_RTP.bin 11575
//odm/firmware/ringtone_Idyl_RTP.bin 11576-11577
//odm/firmware/ringtone_Innocence_RTP.bin 11578-11580
//odm/firmware/ringtone_Jazz_life_RTP.bin 11581-11585
//odm/firmware/ringtone_Journey_RTP.bin 11586-11589
//odm/firmware/ringtone_Joyous_RTP.bin 11590
//odm/firmware/ringtone_Marimba_RTP.bin 11591
//odm/firmware/ringtone_Old_telephone_RTP.bin 11592
//odm/firmware/ringtone_OnePlus_tune_rhythm_RTP.bin 11593-11594
//odm/firmware/ringtone_Oneplus_tune_RTP.bin 11595-11596
//odm/firmware/ringtone_Optimistic_RTP.bin 11597-11599
//odm/firmware/ringtone_Piano_RTP.bin 11600-11602
//odm/firmware/ringtone_Rhythm_RTP.bin 11603-11604
//odm/firmware/ringtone_Sun_glittering_RTP.bin 11605-11611
//odm/firmware/shuntai24k_rtp.bin 11612
//odm/firmware/t-jingle_RTP.bin 11613
//odm/firmware/tp/19065/FW_S6SY791_SAMSUNG.bin 11615-11655
//odm/firmware/tp/19065/FW_S6SY791_SAMSUNG_FAE.bin 11656-11696
//odm/firmware/tp/19065/LIMIT_S6SY791_SAMSUNG.img 11697
//odm/firmware/tp/19161/FW_S3908_BOE.img 11698-11740
//odm/firmware/tp/19161/FW_S6SY771_SAMSUNG.bin 11742-11783
//odm/firmware/tp/19161/FW_S6SY771_SAMSUNG_FAE.bin 11784-11824
//odm/firmware/tp/19161/LIMIT_S3908_BOE.img 11825
//odm/firmware/tp/19161/LIMIT_S6SY771_SAMSUNG.img 11826
//odm/firmware/tp/19795/FW_GT9886_SAMSUNG.img 11827-11848
//odm/firmware/tp/19795/FW_GT9886_SAMSUNG_FAE.img 11849-11870
//odm/firmware/tp/19795/LIMIT_GT9886_SAMSUNG.img 11871
//odm/firmware/tp/19805/FW_S3908_SAMSUNG.img 11872-11920
//odm/firmware/tp/19805/FW_S3908_SAMSUNG_FAE.img 11922-11970
//odm/firmware/tp/19805/LIMIT_S3908_SAMSUNG.img 11972
//odm/firmware/tp/19811/FW_S6SY791_SAMSUNG.bin 11973-12013
//odm/firmware/tp/19811/FW_S6SY791_SAMSUNG_FAE.bin 12014-12054
//odm/firmware/tp/19811/LIMIT_S6SY791_SAMSUNG.img 12055
//odm/firmware/tp/19821/FW_S6SY771_SAMSUNG.bin 12056-12095
//odm/firmware/tp/19821/FW_S6SY771_SAMSUNG_FAE.bin 12096-12135
//odm/firmware/tp/19821/LIMIT_S6SY771_SAMSUNG.img 12136
//odm/firmware/tp/19855/FW_S6SY771_SAMSUNG.bin 12137-12176
//odm/firmware/tp/19855/FW_S6SY771_SAMSUNG_FAE.bin 12177-12216
//odm/firmware/tp/19855/LIMIT_S6SY771_SAMSUNG.img 12217
//odm/firmware/tp/20061/FW_S3908_SAMSUNG.img 12218-12267
//odm/firmware/tp/20061/FW_S3908_SAMSUNG_FAE.img 12268-12317
//odm/firmware/tp/20061/LIMIT_S3908_SAMSUNG.img 12318
//odm/firmware/tp/20135/FW_S6SY792_SAMSUNG.bin 12319-12359
//odm/firmware/tp/20135/FW_S6SY792_SAMSUNG_FAE.bin 12360-12400
//odm/firmware/tp/20135/LIMIT_S6SY792_SAMSUNG.img 12401
//odm/firmware/tp/20161/FW_S6SY792_SAMSUNG.bin 12402-12443
//odm/firmware/tp/20161/FW_S6SY792_SAMSUNG_FAE.bin 12444-12485
//odm/firmware/tp/20161/LIMIT_S6SY792_SAMSUNG.img 12486
//odm/firmware/tp/20809/FW_S3908_SAMSUNG.img 12487-12535
//odm/firmware/tp/20809/FW_S3908_SAMSUNG_FAE.img 12537-12585
//odm/firmware/tp/20809/LIMIT_S3908_SAMSUNG.img 12587
//odm/firmware/tp/20828/FW_S3908_SAMSUNG.img 12588-12637
//odm/firmware/tp/20828/FW_S3908_SAMSUNG_FAE.img 12638-12686
//odm/firmware/tp/20828/LIMIT_S3908_SAMSUNG.img 12688
//odm/firmware/tp/21027/FW_NT36523_BOE.bin 12689-12717
//odm/firmware/tp/21027/FW_NT36523_BOE_FAE.bin 12718-12746
//odm/firmware/tp/21027/FW_NT36523_BOE_TEST.bin 12748-12776
//odm/firmware/tp/21027/FW_S6SY792_SAMSUNG.bin 12777-12818
//odm/firmware/tp/21027/FW_S6SY792_SAMSUNG_FAE.bin 12819-12860
//odm/firmware/tp/21027/LIMIT_NT36523_BOE.img 12861-12864
//odm/firmware/tp/21027/LIMIT_S6SY792_SAMSUNG.img 12865
//odm/firmware/tp/21615/FW_S6SY792_SAMSUNG.bin 12866-12907
//odm/firmware/tp/21615/FW_S6SY792_SAMSUNG_FAE.bin 12908-12949
//odm/firmware/tp/21615/LIMIT_S6SY792_SAMSUNG.img 12950
//odm/firmware/tp/21619/FW_S3908_SAMSUNG.img 12951-13000
//odm/firmware/tp/21619/FW_S3908_SAMSUNG_FAE.img 13002-13051
//odm/firmware/tp/21619/LIMIT_S3908_SAMSUNG.img 13053-13054
//odm/firmware/tp/21623/FW_FT3658U_SAMSUNG.img 13055-13080
//odm/firmware/tp/21623/FW_FT3658U_SAMSUNG_FAE.img 13081-13106
//odm/firmware/tp/21623/LIMIT_FT3658U_SAMSUNG.img 13107-13109
//odm/firmware/wentai24k_rtp.bin 13110
//odm/framework/oat/arm/vendor.oplus.hardware.appradio-V1.0-java.odex 13112
//odm/framework/oat/arm/vendor.oplus.hardware.biometrics.fingerprint-V2.1-java.odex 13113
//odm/framework/oat/arm/vendor.oplus.hardware.biometrics.fingerprintpay-V1.0-java.odex 13114
//odm/framework/oat/arm/vendor.oplus.hardware.charger-V1.0-java.odex 13115
//odm/framework/oat/arm/vendor.oplus.hardware.cryptoeng-V1.0-java.odex 13116
//odm/framework/oat/arm/vendor.oplus.hardware.engineer-V1.0-java.odex 13117
//odm/framework/oat/arm/vendor.oplus.hardware.felica-V1.0-java.odex 13119
//odm/framework/oat/arm/vendor.oplus.hardware.gameopt-V1.0-java.odex 13120
//odm/framework/oat/arm/vendor.oplus.hardware.handlefactory-V1.0-java.odex 13121
//odm/framework/oat/arm/vendor.oplus.hardware.ims-V1.0-java.odex 13122
//odm/framework/oat/arm/vendor.oplus.hardware.lmvibrator-V1.0-java.odex 13123
//odm/framework/oat/arm/vendor.oplus.hardware.misc-V1.0-java.odex 13124
//odm/framework/oat/arm/vendor.oplus.hardware.oplusSensor-V1.0-java.odex 13125
//odm/framework/oat/arm/vendor.oplus.hardware.orms-V1.0-java.odex 13126
//odm/framework/oat/arm/vendor.oplus.hardware.orms.ormsHalService-V1.0-java.odex 13128
//odm/framework/oat/arm/vendor.oplus.hardware.osense.client-V1.0-java.odex 13129
//odm/framework/oat/arm/vendor.oplus.hardware.performance-V1.0-java.odex 13130
//odm/framework/oat/arm/vendor.oplus.hardware.radio-V1.0-java.odex 13131
//odm/framework/oat/arm/vendor.oplus.hardware.stability.oplus_project-V1.0-java.odex 13132
//odm/framework/oat/arm/vendor.oplus.hardware.thermalmntcfg-V1.0-java.odex 13133
//odm/framework/oat/arm/vendor.oplus.hardware.touch-V1.0-java.odex 13134
//odm/framework/oat/arm/vendor.oplus.hardware.transfer-V1.0-java.odex 13135
//odm/framework/oat/arm/vendor.oplus.hardware.transmessage-V1.0-java.odex 13137
//odm/framework/oat/arm/vendor.oplus.hardware.wifi-V1.1-java.odex 13138
//odm/framework/oat/arm64/vendor.oplus.hardware.appradio-V1.0-java.odex 13140
//odm/framework/oat/arm64/vendor.oplus.hardware.biometrics.fingerprint-V2.1-java.odex 13141
//odm/framework/oat/arm64/vendor.oplus.hardware.biometrics.fingerprintpay-V1.0-java.odex 13142
//odm/framework/oat/arm64/vendor.oplus.hardware.charger-V1.0-java.odex 13143
//odm/framework/oat/arm64/vendor.oplus.hardware.cryptoeng-V1.0-java.odex 13144
//odm/framework/oat/arm64/vendor.oplus.hardware.engineer-V1.0-java.odex 13145
//odm/framework/oat/arm64/vendor.oplus.hardware.felica-V1.0-java.odex 13146
//odm/framework/oat/arm64/vendor.oplus.hardware.gameopt-V1.0-java.odex 13147
//odm/framework/oat/arm64/vendor.oplus.hardware.handlefactory-V1.0-java.odex 13149
//odm/framework/oat/arm64/vendor.oplus.hardware.ims-V1.0-java.odex 13150
//odm/framework/oat/arm64/vendor.oplus.hardware.lmvibrator-V1.0-java.odex 13151
//odm/framework/oat/arm64/vendor.oplus.hardware.misc-V1.0-java.odex 13152
//odm/framework/oat/arm64/vendor.oplus.hardware.oplusSensor-V1.0-java.odex 13153
//odm/framework/oat/arm64/vendor.oplus.hardware.orms-V1.0-java.odex 13154
//odm/framework/oat/arm64/vendor.oplus.hardware.orms.ormsHalService-V1.0-java.odex 13155
//odm/framework/oat/arm64/vendor.oplus.hardware.osense.client-V1.0-java.odex 13156
//odm/framework/oat/arm64/vendor.oplus.hardware.performance-V1.0-java.odex 13158
//odm/framework/oat/arm64/vendor.oplus.hardware.radio-V1.0-java.odex 13159
//odm/framework/oat/arm64/vendor.oplus.hardware.stability.oplus_project-V1.0-java.odex 13160
//odm/framework/oat/arm64/vendor.oplus.hardware.thermalmntcfg-V1.0-java.odex 13161
//odm/framework/oat/arm64/vendor.oplus.hardware.touch-V1.0-java.odex 13162
//odm/framework/oat/arm64/vendor.oplus.hardware.transfer-V1.0-java.odex 13163
//odm/framework/oat/arm64/vendor.oplus.hardware.transmessage-V1.0-java.odex 13164
//odm/framework/oat/arm64/vendor.oplus.hardware.wifi-V1.1-java.odex 13166
//odm/framework/vendor.oplus.hardware.appradio-V1.0-java.jar 13167-13172
//odm/framework/vendor.oplus.hardware.biometrics.fingerprint-V2.1-java.jar 13173-13181
//odm/framework/vendor.oplus.hardware.biometrics.fingerprintpay-V1.0-java.jar 13182-13185
//odm/framework/vendor.oplus.hardware.charger-V1.0-java.jar 13186-13191
//odm/framework/vendor.oplus.hardware.cryptoeng-V1.0-java.jar 13192-13194
//odm/framework/vendor.oplus.hardware.engineer-V1.0-java.jar 13195-13200
//odm/framework/vendor.oplus.hardware.felica-V1.0-java.jar 13201-13204
//odm/framework/vendor.oplus.hardware.gameopt-V1.0-java.jar 13205-13208
//odm/framework/vendor.oplus.hardware.handlefactory-V1.0-java.jar 13209-13211
//odm/framework/vendor.oplus.hardware.ims-V1.0-java.jar 13212-13216
//odm/framework/vendor.oplus.hardware.lmvibrator-V1.0-java.jar 13217-13219
//odm/framework/vendor.oplus.hardware.misc-V1.0-java.jar 13220-13222
//odm/framework/vendor.oplus.hardware.oplusSensor-V1.0-java.jar 13223-13225
//odm/framework/vendor.oplus.hardware.orms-V1.0-java.jar 13226-13229
//odm/framework/vendor.oplus.hardware.orms.ormsHalService-V1.0-java.jar 13230-13233
//odm/framework/vendor.oplus.hardware.osense.client-V1.0-java.jar 13234-13237
//odm/framework/vendor.oplus.hardware.performance-V1.0-java.jar 13238-13245
//odm/framework/vendor.oplus.hardware.radio-V1.0-java.jar 13246-13258
//odm/framework/vendor.oplus.hardware.stability.oplus_project-V1.0-java.jar 13259-13262
//odm/framework/vendor.oplus.hardware.thermalmntcfg-V1.0-java.jar 13263-13265
//odm/framework/vendor.oplus.hardware.touch-V1.0-java.jar 13266-13268
//odm/framework/vendor.oplus.hardware.transfer-V1.0-java.jar 13269-13272
//odm/framework/vendor.oplus.hardware.transmessage-V1.0-java.jar 13273-13275
//odm/framework/vendor.oplus.hardware.wifi-V1.1-java.jar 13276-13282
//odm/lib/android.hardware.biometrics.fingerprint@2.1.so 13285-13298
//odm/lib/android.hardware.biometrics.fingerprint@2.2.so 13299-13310
//odm/lib/android.hardware.biometrics.fingerprint@2.3.so 13311-13319
//odm/lib/android.hardware.nfc@1.0.so 13320-13331
//odm/lib/android.hardware.nfc@1.1.so 13332-13343
//odm/lib/android.hardware.nfc@1.2.so 13344-13351
//odm/lib/android.hardware.secure_element@1.0-impl.so 13352-13356
//odm/lib/android.hardware.secure_element@1.0.so 13357-13368
//odm/lib/android.hardware.secure_element@1.1.so 13370-13380
//odm/lib/android.hardware.secure_element@1.2.so 13381-13388
//odm/lib/camera/components/com.qti.stats.pdlib.so 13389-13484
//odm/lib/camera/components/libipebpsstriping.so 13485-13521
//odm/lib/hta_lib/libhta_hexagon_runtime.so 13522-13867
//odm/lib/hw/audio.binaural_record.default.so 13868 13869
//odm/lib/hw/awinic.haptic.effect.so 13870-13875
//odm/lib/hw/fingerprint.19805_goodix9638_G6_3.default.so 13876
//odm/lib/hw/fingerprint.19805_goodix9678_G6_7.default.so 13878
//odm/lib/hw/fingerprint.19811_goodix9638_G6.default.so 13880
//odm/lib/hw/fingerprint.20801_goodix9558_G3.default.so 13882
//odm/lib/hw/fingerprint.20828_goodix9678.default.so 13884
//odm/lib/hw/fingerprint.goodix9608_G5.default.so 13886
//odm/lib/hw/fingerprint.goodix9638_G6.default.so 13888
//odm/lib/hw/vendor.oplus.hardware.bluetooth_audio_extend@2.1-impl.so 13890-13897
//odm/lib/hw/vendor.oplus.hardware.engcamera@1.0-impl.so 13898-13901
//odm/lib/hw/vendor.oplus.hardware.gameopt@1.0-impl.so 13902-13989
//odm/lib/hw/vendor.oplus.hardware.orms.ormsHalService@1.0-impl.so 13990-13995
//odm/lib/hw/vendor.qti.esepowermanager@1.1-impl.so 13996-13999
//odm/lib/jcos_nq_client.so 14000-14003
//odm/lib/libDxHdcp.so 14004-14183
//odm/lib/libSonyIMX471RmscLibrary.so 14185-14187
//odm/lib/lib_cryptoeng_api.so 14188
//odm/lib/libaacvibrator.so 14189-14205
//odm/lib/libaiboost.so 14206-14989
//odm/lib/libaiboost_hexagon.so 14990-14999
//odm/lib/libaiboost_nnlib_sr.so 15000-15031
//odm/lib/libaiboost_sr.so 15032-15051
//odm/lib/libaiboost_ubwc.so 15052-15054
//odm/lib/libaudioEngineerTest.so 15055-15063
//odm/lib/libavcodec.so 15064-16850
//odm/lib/libavformat.so 16853-17061
//odm/lib/libavutil.so 17062-17132
//odm/lib/libbluetooth_audio_extend_factory_client.so 17133
//odm/lib/libbluetooth_audio_extend_session_oplus.so 17134-17417
//odm/lib/libbsproxy.so 17418-17421
//odm/lib/libcdm_metrics_protos.so 17422-17439
//odm/lib/libcdm_protos.so 17440-17502
//odm/lib/libchrome.so 17503-17638
//odm/lib/libdapparamstorage_v3_6.so 17639-17641
//odm/lib/libdav1d.so.4 17642-17766
//odm/lib/libdeccfg_v3_6.so 17767-17771
//odm/lib/libdlbdsservice_v3_6.so 17772-17817
//odm/lib/libdpservice.so 17818-17821
//odm/lib/libfastov_dsp.so 17822-17837
//odm/lib/libffmpeg_omx.so 17839-17845
//odm/lib/libffmpeg_utils.so 17846-17848
//odm/lib/libgf_hal_19805_G6_3_oplus.so 17849-17890
//odm/lib/libgf_hal_19805_G6_7_oplus.so 17891-17932
//odm/lib/libgf_hal_19811_G6_oplus.so 17933-17970
//odm/lib/libgf_hal_20828_G6_7_oplus.so 17971-18012
//odm/lib/libgf_hal_G5_oplus.so 18013-18044
//odm/lib/libgf_hal_G6_oplus.so 18045-18082
//odm/lib/libgf_ud_hal_20801_G3_oplus.so 18083-18130
//odm/lib/libifaa_factory.so 18131
//odm/lib/liblvimfs.so 18133-18196
//odm/lib/liblvimfs_wrapper.so 18197-18200
//odm/lib/libmindroid-app.so 18201-18202
//odm/lib/libmindroid-framework.so 18203-18359
//odm/lib/liboemcrypto.so 18360-18380
//odm/lib/libolc_vnd.so 18381-18382
//odm/lib/liboplus_service.so 18383-18385
//odm/lib/libormshalclient.so 18386-18387
//odm/lib/libosensehalclient.so 18388-18390
//odm/lib/libosie_process.so 18391-18406
//odm/lib/libosie_stub.so 18407-18408
//odm/lib/libpn553_fw.so 18409-18416
//odm/lib/libpn557_fw.so 18417-18424
//odm/lib/libpnscr2.so 18425-18456
//odm/lib/libpwirisIoctlWrapper.so 18457
//odm/lib/libpwirisPCS.so 18458-18473
//odm/lib/libpwiriscalibrate.so 18474-18492
//odm/lib/libpwirisfeature.so 18494
//odm/lib/libpwirishalwrapper.so 18495-18503
//odm/lib/libpwirispq.so 18504-18692
//odm/lib/libpwirisservice.so 18693-18734
//odm/lib/libpwirissoft.so 18735-18907
//odm/lib/libpwsnapdragoncolor.so 18908-19109
//odm/lib/libpwsoftirisPCS.so 19111-19126
//odm/lib/libqsee_keybox_ca.so 19127-19136
//odm/lib/libqti-radio-service.so 19137-19210
//odm/lib/libqti-subsys-service.so 19211-19213
//odm/lib/libqtigef.so 19214-19216
//odm/lib/libradio-service.so 19217-19236
//odm/lib/libradioapis.so 19237-19270
//odm/lib/librfapis.so 19271-19286
//odm/lib/librpmbengclient.so 19287
//odm/lib/libsn100u_fw.so 19288-19337
//odm/lib/libstagefright_soft_ac4dec_v3_6.so 19339-19741
//odm/lib/libstagefright_soft_ddpdec_v3_6.so 19742-20164
//odm/lib/libstagefrightdolby.so 20165
//odm/lib/libsubsys-service.so 20167-20171
//odm/lib/libsubsys-utils.so 20172-20173
//odm/lib/libswresample.so 20174-20186
//odm/lib/libswscale.so 20187-20252
//odm/lib/libwvhidl.so 20253-20646
//odm/lib/ls_nq_client.so 20648-20653
//odm/lib/mediadrm/libwvdrmengine.so 20654-21035
//odm/lib/nfc_nci.nqx.default.hw.so 21036-21068
//odm/lib/rfsa/adsp/aiboost/libaiboostsr_skel_v66.so 21069-21290
//odm/lib/rfsa/adsp/aiboost/libaiboostubwc_skel.so 21291-21304
//odm/lib/rfsa/adsp/hta_lib/libhta_dsp_skel.so 21305-21328
//odm/lib/rfsa/adsp/libaiboost_skel.so 21329-21546
//odm/lib/rfsa/adsp/libaiboost_skel_v65.so 21548-21769
//odm/lib/rfsa/adsp/libaiboost_skel_v66.so 21770-21990
//odm/lib/rfsa/adsp/libc++.so.1 21991-22361
//odm/lib/rfsa/adsp/libc++abi.so.1 22362-22433
//odm/lib/rfsa/adsp/libinterstellar_skel.so 22434-22449
//odm/lib/rfsa/adsp/libktvdrc.so 22450-22452
//odm/lib/rfsa/adsp/libktveffect.so 22453-22470
//odm/lib/rfsa/adsp/libktveq.so 22471-22476
//odm/lib/rfsa/adsp/libktvns.so 22478-22483
//odm/lib/rfsa/adsp/libktvpitchshift.so 22484-22487
//odm/lib/rfsa/adsp/libktvreverb.so 22488-22491
//odm/lib/rfsa/adsp/libktvvolume.so 22492-22493
//odm/lib/se_nq_extn_client.so 22494-22498
//odm/lib/sensors.hal.tof.so 22499-22502
//odm/lib/sensors.hal.tofcalib.so 22503-22508
//odm/lib/soundfx/libhwdap_v3_6.so 22509-22519
//odm/lib/soundfx/libswdap_v3_6.so 22520-22844
//odm/lib/vendor.aac.hardware.richtap.vibrator-V1-ndk_platform.so 22845-22849
//odm/lib/vendor.aac.hardware.richtap.vibrator-V2-ndk_platform.so 22850-22855
//odm/lib/vendor.dolby_v3_6.hardware.dms360@2.0-impl.so 22856-22859
//odm/lib/vendor.dolby_v3_6.hardware.dms360@2.0.so 22860-22881
//odm/lib/vendor.nxp.hardware.nfc@1.0.so 22882-22888
//odm/lib/vendor.nxp.hardware.nfc@1.1.so 22889-22896
//odm/lib/vendor.oneplus.faceunlock.hal@1.0.so 22897-22906
//odm/lib/vendor.oplus.hardware.appradio@1.0.so 22907-22924
//odm/lib/vendor.oplus.hardware.biometrics.fingerprint@2.1.so 22925-22937
//odm/lib/vendor.oplus.hardware.biometrics.fingerprintpay@1.0.so 22938-22950
//odm/lib/vendor.oplus.hardware.bluetooth_audio_extend@2.1.so 22951-22966
//odm/lib/vendor.oplus.hardware.cammidasservice@1.0.so 22967-22974
//odm/lib/vendor.oplus.hardware.charger@1.0.so 22975-22998
//odm/lib/vendor.oplus.hardware.commondcs@1.0.so 22999-23005
//odm/lib/vendor.oplus.hardware.cryptoeng@1.0.so 23006-23012
//odm/lib/vendor.oplus.hardware.displaypanelfeature@1.0.so 23013-23020
//odm/lib/vendor.oplus.hardware.engcamera@1.0.so 23022-23033
//odm/lib/vendor.oplus.hardware.engineer@1.0.so 23034-23052
//odm/lib/vendor.oplus.hardware.felica@1.0-impl.so 23053-23054
//odm/lib/vendor.oplus.hardware.felica@1.0.so 23055-23063
//odm/lib/vendor.oplus.hardware.gameopt@1.0.so 23064-23075
//odm/lib/vendor.oplus.hardware.handlefactory@1.0.so 23076-23083
//odm/lib/vendor.oplus.hardware.ims@1.0.so 23084-23098
//odm/lib/vendor.oplus.hardware.lmvibrator@1.0.so 23099-23106
//odm/lib/vendor.oplus.hardware.misc@1.0.so 23107-23114
//odm/lib/vendor.oplus.hardware.mmdisplayfeature@1.0.so 23115-23121
//odm/lib/vendor.oplus.hardware.nfc@1.0.so 23122-23128
//odm/lib/vendor.oplus.hardware.olc@2.0.so 23129-23140
//odm/lib/vendor.oplus.hardware.oplusSensor@1.0.so 23141-23149
//odm/lib/vendor.oplus.hardware.orms.ormsHalService@1.0.so 23150-23162
//odm/lib/vendor.oplus.hardware.orms@1.0.so 23163-23170
//odm/lib/vendor.oplus.hardware.osense.client@1.0.so 23171-23178
//odm/lib/vendor.oplus.hardware.performance@1.0.so 23179-23215
//odm/lib/vendor.oplus.hardware.power.powermonitor@1.0.so 23216-23224
//odm/lib/vendor.oplus.hardware.radio@1.0.so 23225-23263
//odm/lib/vendor.oplus.hardware.rpmh@2.0.so 23264-23271
//odm/lib/vendor.oplus.hardware.stability.oplus_project@1.0.so 23272-23284
//odm/lib/vendor.oplus.hardware.subsys-V1-ndk_platform.so 23285-23290
//odm/lib/vendor.oplus.hardware.subsys_radio-V1-ndk_platform.so 23291-23324
//odm/lib/vendor.oplus.hardware.thermalmntcfg@1.0.so 23325-23332
//odm/lib/vendor.oplus.hardware.touch@1.0.so 23333-23340
//odm/lib/vendor.oplus.hardware.transfer@1.0.so 23341-23350
//odm/lib/vendor.oplus.hardware.transmessage@1.0.so 23351-23358
//odm/lib/vendor.oplus.hardware.wifi.supplicant@2.0.so 23359-23391
//odm/lib/vendor.oplus.hardware.wifi@1.1.so 23393-23409
//odm/lib/vendor.pixelworks.hardware.display@1.0.so 23410-23421
//odm/lib/vendor.pixelworks.hardware.display@1.1.so 23422-23444
//odm/lib/vendor.pixelworks.hardware.feature@1.0.so 23445-23451
//odm/lib/vendor.qti.esepowermanager@1.0.so 23452-23459
//odm/lib/vendor.qti.esepowermanager@1.1.so 23460-23467
//odm/lib64/android.hardware.biometrics.common-V1-ndk_platform.so 23469-23473
//odm/lib64/android.hardware.biometrics.face-V1-ndk_platform.so 23474-23487
//odm/lib64/android.hardware.biometrics.fingerprint@2.1.so 23488-23509
//odm/lib64/android.hardware.biometrics.fingerprint@2.2.so 23510-23529
//odm/lib64/android.hardware.biometrics.fingerprint@2.3.so 23530-23542
//odm/lib64/android.hardware.common-V2-ndk_platform.so 23543-23544
//odm/lib64/android.hardware.keymaster-V3-ndk_platform.so 23545-23546
//odm/lib64/android.hardware.nfc@1.0.so 23547-23565
//odm/lib64/android.hardware.nfc@1.1.so 23566-23585
//odm/lib64/android.hardware.nfc@1.2.so 23587-23600
//odm/lib64/android.hardware.secure_element@1.0-impl.so 23601-23606
//odm/lib64/android.hardware.secure_element@1.0.so 23607-23626
//odm/lib64/android.hardware.secure_element@1.1.so 23627-23645
//odm/lib64/android.hardware.secure_element@1.2.so 23646-23658
//odm/lib64/camera/com.qti.sensormodule.holitech_gc02m1b.bin 23659-23661
//odm/lib64/camera/com.qti.sensormodule.qtech_imx481.bin 23662-23670
//odm/lib64/camera/com.qti.sensormodule.semco_imx586.bin 23671-23705
//odm/lib64/camera/com.qti.sensormodule.shine_gc5035.bin 23706-23709
//odm/lib64/camera/com.qti.sensormodule.truly_imx471.bin 23710-23714
//odm/lib64/camera/com.qti.tuned.holitech_gc02m1b.bin 23715-23732
//odm/lib64/camera/com.qti.tuned.qtech_imx481.bin 23733-23916
//odm/lib64/camera/com.qti.tuned.semco_imx586.bin 23919-24596
//odm/lib64/camera/com.qti.tuned.shine_gc5035.bin 24604-24697
//odm/lib64/camera/com.qti.tuned.truly_imx471.bin 24698-24831
//odm/lib64/camera/com.qti_lemonades.sensor.gc02m1b.so 24834-24835
//odm/lib64/camera/com.qti_lemonades.sensor.gc5035.so 24836-24837
//odm/lib64/camera/com.qti_lemonades.sensor.imx471.so 24838
//odm/lib64/camera/com.qti_lemonades.sensor.imx481.so 24839-24840
//odm/lib64/camera/com.qti_lemonades.sensor.imx586.so 24841-24842
//odm/lib64/camera/components/com.oneplus.node.cfrsnapshot.so 24843-24847
//odm/lib64/camera/components/com.oneplus.node.cfrvideo.so 24848-24853
//odm/lib64/camera/components/com.qti.stats.haf.so 24854-24914
//odm/lib64/camera/components/com.qti.stats.pdlib.so 24915-25088
//odm/lib64/camera/components/libipebpsstriping.so 25089-25130
//odm/lib64/hta_lib/libhta_hexagon_runtime.so 25132-25895
//odm/lib64/hw/audio.binaural_record.default.so 25897-25898
//odm/lib64/hw/fingerprint.19805_goodix9638_G6_3.default.so 25899-25900
//odm/lib64/hw/fingerprint.19805_goodix9678_G6_7.default.so 25901-25902
//odm/lib64/hw/fingerprint.19811_goodix9638_G6.default.so 25903-25904
//odm/lib64/hw/fingerprint.20801_goodix9558_G3.default.so 25905-25906
//odm/lib64/hw/fingerprint.20828_goodix9678.default.so 25907-25908
//odm/lib64/hw/fingerprint.goodix9608_G5.default.so 25909-25910
//odm/lib64/hw/fingerprint.goodix9638_G6.default.so 25911-25912
//odm/lib64/hw/vendor.oplus.hardware.bluetooth_audio_extend@2.1-impl.so 25913-25922
//odm/lib64/hw/vendor.oplus.hardware.engcamera@1.0-impl.so 25923-25926
//odm/lib64/hw/vendor.oplus.hardware.gameopt@1.0-impl.so 25927-26035
//odm/lib64/hw/vendor.oplus.hardware.orms.ormsHalService@1.0-impl.so 26036-26041
//odm/lib64/hw/vendor.qti.esepowermanager@1.1-impl.so 26042-26047
//odm/lib64/jcos_nq_client.so 26048-26052
//odm/lib64/libDxHdcp.so 26053-26269
//odm/lib64/libSonyIMX471RmscLibrary.so 26270-26285
//odm/lib64/libTeeClient.so 26287-26324
//odm/lib64/lib_cryptoeng_api.so 26325
//odm/lib64/libaacvibrator.so 26326-26342
//odm/lib64/libaiboost.so 26343-27330
//odm/lib64/libaiboost_hexagon.so 27332-27341
//odm/lib64/libaiboost_nnlib_sr.so 27342-27377
//odm/lib64/libaiboost_sr.so 27378-27405
//odm/lib64/libaiboost_ubwc.so 27406-27408
//odm/lib64/libaudioEngineerTest.so 27409-27417
//odm/lib64/libavcodec.so 27418-29065
//odm/lib64/libavformat.so 29068-29260
//odm/lib64/libavutil.so 29261-29321
//odm/lib64/libbluetooth_audio_extend_factory_client.so 29322
//odm/lib64/libbluetooth_audio_extend_session_oplus.so 29323-29617
//odm/lib64/libbsproxy.so 29618-29621
//odm/lib64/libcdm_metrics_protos.so 29622-29642
//odm/lib64/libcdm_protos.so 29643-29719
//odm/lib64/libchrome.so 29720-29887
//odm/lib64/libdapparamstorage_v3_6.so 29888-29890
//odm/lib64/libdav1d.so.4 29891-30013
//odm/lib64/libdeccfg_v3_6.so 30014-30019
//odm/lib64/libdlbdsservice_v3_6.so 30020-30076
//odm/lib64/libdpservice.so 30077-30080
//odm/lib64/libfastov_dsp.so 30081-30085
//odm/lib64/libffmpeg_utils.so 30086-30088
//odm/lib64/libgf_hal_19805_G6_3_oplus.so 30089-30136
//odm/lib64/libgf_hal_19805_G6_7_oplus.so 30137-30183
//odm/lib64/libgf_hal_19811_G6_oplus.so 30184-30226
//odm/lib64/libgf_hal_20828_G6_7_oplus.so 30227-30273
//odm/lib64/libgf_hal_G5_oplus.so 30274-30310
//odm/lib64/libgf_hal_G6_oplus.so 30311-30353
//odm/lib64/libgf_ud_hal_20801_G3_oplus.so 30355-30408
//odm/lib64/libifaa_factory.so 30409-30410
//odm/lib64/liblvimfs.so 30411-30530
//odm/lib64/liblvimfs_wrapper.so 30531-30532
//odm/lib64/libmindroid-app.so 30533-30534
//odm/lib64/libmindroid-framework.so 30535-30725
//odm/lib64/liboemcrypto.so 30726-30746
//odm/lib64/libolc_vnd.so 30747-30748
//odm/lib64/liboplus_service.so 30749-30751
//odm/lib64/libormshalclient.so 30752-30754
//odm/lib64/libosensehalclient.so 30755-30757
//odm/lib64/libosie_process.so 30758-30775
//odm/lib64/libosie_stub.so 30776-30777
//odm/lib64/libpnscr2.so 30778-30807
//odm/lib64/libpwirisIoctlWrapper.so 30808
//odm/lib64/libpwirisPCS.so 30809-30833
//odm/lib64/libpwiriscalibrate.so 30834-30852
//odm/lib64/libpwirisfeature.so 30853
//odm/lib64/libpwirishalwrapper.so 30854-30863
//odm/lib64/libpwirispq.so 30864-31050
//odm/lib64/libpwirisservice.so 31052-31102
//odm/lib64/libpwirissoft.so 31103-31275
//odm/lib64/libpwsnapdragoncolor.so 31276-31482
//odm/lib64/libpwsoftirisPCS.so 31483-31506
//odm/lib64/libqsee_keybox_ca.so 31508-31518
//odm/lib64/libqti-radio-service.so 31519-31616
//odm/lib64/libqti-subsys-service.so 31617-31619
//odm/lib64/libqtigef.so 31620-31623
//odm/lib64/libradio-service.so 31624-31647
//odm/lib64/libradioapis.so 31648-31683
//odm/lib64/librfapis.so 31684-31701
//odm/lib64/librpmbengclient.so 31702
//odm/lib64/libstdc++.so 31703-31704
//odm/lib64/libstfaceunlockocl.so 31705-41486
//odm/lib64/libsubsys-service.so 41495-41499
//odm/lib64/libsubsys-utils.so 41500-41501
//odm/lib64/libswresample.so 41502-41513
//odm/lib64/libswscale.so 41514-41582
//odm/lib64/libvl53l1_daemon.so 41583-41590
//odm/lib64/libwvhidl.so 41591-42018
//odm/lib64/ls_nq_client.so 42019-42025
//odm/lib64/mediadrm/libwvdrmengine.so 42026-42438
//odm/lib64/nfc_nci.nqx.default.hw.so 42439-42481
//odm/lib64/se_nq_extn_client.so 42482-42488
//odm/lib64/sensors.hal.tof.so 42489-42492
//odm/lib64/sensors.hal.tofcalib.so 42493-42498
//odm/lib64/soundfx/libhwdap_v3_6.so 42499-42511
//odm/lib64/soundfx/libswdap_v3_6.so 42512-42851
//odm/lib64/vendor.aac.hardware.richtap.vibrator-V1-ndk_platform.so 42853-42859
//odm/lib64/vendor.aac.hardware.richtap.vibrator-V2-ndk_platform.so 42860-42866
//odm/lib64/vendor.dolby_v3_6.hardware.dms360@2.0-impl.so 42867-42871
//odm/lib64/vendor.dolby_v3_6.hardware.dms360@2.0.so 42872-42897
//odm/lib64/vendor.nxp.hardware.nfc@1.0.so 42898-42908
//odm/lib64/vendor.nxp.hardware.nfc@1.1.so 42909-42921
//odm/lib64/vendor.oneplus.faceunlock.hal@1.0.so 42922-42932
//odm/lib64/vendor.oplus.hardware.appradio@1.0.so 42933-42953
//odm/lib64/vendor.oplus.hardware.biometrics.fingerprint@2.1.so 42954-42968
//odm/lib64/vendor.oplus.hardware.biometrics.fingerprintpay@1.0.so 42969-42984
//odm/lib64/vendor.oplus.hardware.bluetooth_audio_extend@2.1.so 42985-43003
//odm/lib64/vendor.oplus.hardware.cammidasservice@1.0.so 43004-43012
//odm/lib64/vendor.oplus.hardware.charger@1.0.so 43013-43039
//odm/lib64/vendor.oplus.hardware.commondcs@1.0.so 43040-43047
//odm/lib64/vendor.oplus.hardware.cryptoeng@1.0.so 43048-43055
//odm/lib64/vendor.oplus.hardware.displaypanelfeature@1.0.so 43056-43064
//odm/lib64/vendor.oplus.hardware.engcamera@1.0.so 43065-43078
//odm/lib64/vendor.oplus.hardware.engineer@1.0.so 43079-43100
//odm/lib64/vendor.oplus.hardware.felica@1.0-impl.so 43101-43103
//odm/lib64/vendor.oplus.hardware.felica@1.0.so 43104-43113
//odm/lib64/vendor.oplus.hardware.gameopt@1.0.so 43114-43127
//odm/lib64/vendor.oplus.hardware.handlefactory@1.0.so 43128-43137
//odm/lib64/vendor.oplus.hardware.ims@1.0.so 43138-43154
//odm/lib64/vendor.oplus.hardware.lmvibrator@1.0.so 43155-43164
//odm/lib64/vendor.oplus.hardware.misc@1.0.so 43165-43174
//odm/lib64/vendor.oplus.hardware.mmdisplayfeature@1.0.so 43175-43182
//odm/lib64/vendor.oplus.hardware.nfc@1.0.so 43184-43191
//odm/lib64/vendor.oplus.hardware.olc@2.0.so 43192-43204
//odm/lib64/vendor.oplus.hardware.oplusSensor@1.0.so 43205-43215
//odm/lib64/vendor.oplus.hardware.orms.ormsHalService@1.0.so 43216-43230
//odm/lib64/vendor.oplus.hardware.orms@1.0.so 43231-43239
//odm/lib64/vendor.oplus.hardware.osense.client@1.0.so 43240-43248
//odm/lib64/vendor.oplus.hardware.performance@1.0.so 43249-43291
//odm/lib64/vendor.oplus.hardware.power.powermonitor@1.0.so 43292-43301
//odm/lib64/vendor.oplus.hardware.radio@1.0.so 43302-43347
//odm/lib64/vendor.oplus.hardware.rpmh@2.0.so 43348-43356
//odm/lib64/vendor.oplus.hardware.stability.oplus_project@1.0.so 43357-43371
//odm/lib64/vendor.oplus.hardware.subsys-V1-ndk_platform.so 43372-43378
//odm/lib64/vendor.oplus.hardware.subsys_radio-V1-ndk_platform.so 43379-43417
//odm/lib64/vendor.oplus.hardware.thermalmntcfg@1.0.so 43418-43426
//odm/lib64/vendor.oplus.hardware.touch@1.0.so 43427-43435
//odm/lib64/vendor.oplus.hardware.transfer@1.0.so 43436-43447
//odm/lib64/vendor.oplus.hardware.transmessage@1.0.so 43448-43457
//odm/lib64/vendor.oplus.hardware.wifi.supplicant@2.0.so 43458-43497
//odm/lib64/vendor.oplus.hardware.wifi@1.1.so 43498-43517
//odm/lib64/vendor.pixelworks.hardware.display@1.0.so 43518-43532
//odm/lib64/vendor.pixelworks.hardware.display@1.1.so 43533-43558
//odm/lib64/vendor.pixelworks.hardware.feature@1.0.so 43559-43566
//odm/lib64/vendor.qti.esepowermanager@1.0.so 43568-43580
//odm/lib64/vendor.qti.esepowermanager@1.1.so 43581-43592
//odm/overlay/CarrierConfigOverlay.19823.apk 43593-43598
//odm/overlay/android_framework_res_overlay.audio.product.20838.apk 43599-43600
//odm/overlay/framework_res_overlay_Network.kona.apk 43601-43602
//odm/overlay/oplus_framework_res_overlay.camera.product.20838.apk 43603-43604
//odm/vendor/etc/wifi/WCNSS_qcom_cfg.ini 43605-43607
//odm/vendor/firmware/alipay.b01 43608
//odm/vendor/firmware/alipay.b02 43609-43615
//odm/vendor/firmware/alipay.b07 43617
//odm/vendor/firmware/alipay.mdt 43619
//odm/vendor/firmware/cryptoeng.b01 43620
//odm/vendor/firmware/cryptoeng.b02 43621-43640
//odm/vendor/firmware/cryptoeng.b04 43641-43643
//odm/vendor/firmware/cryptoeng.b07 43645-43648
//odm/vendor/firmware/cryptoeng.mdt 43649
//odm/vendor/firmware/dxhdcp2.b01 43650
//odm/vendor/firmware/dxhdcp2.b02 43651-43699
//odm/vendor/firmware/dxhdcp2.b07 43701-43705
//odm/vendor/firmware/dxhdcp2.mdt 43706
//odm/vendor/firmware/gfp9638.b01 43707
//odm/vendor/firmware/gfp9638.b02 43708-44849
//odm/vendor/firmware/gfp9638.b04 44851-45956
//odm/vendor/firmware/gfp9638.b07 45959-45986
//odm/vendor/firmware/gfp9638.mdt 45987
//odm/vendor/firmware/gfp9678.b01 45988
//odm/vendor/firmware/gfp9678.b02 45989-47133
//odm/vendor/firmware/gfp9678.b04 47135-48328
//odm/vendor/firmware/gfp9678.b07 48331-48359
//odm/vendor/firmware/gfp9678.mdt 48360
//odm/vendor/firmware/hdcpsrm.b01 48361
//odm/vendor/firmware/hdcpsrm.b02 48362-48365
//odm/vendor/firmware/hdcpsrm.b07 48366
//odm/vendor/firmware/hdcpsrm.mdt 48367
//odm/vendor/firmware/ois_bu63169_sec.prog 48369
//odm/vendor/firmware/ois_sem1215s_19066_dvt.bin 48370-48376
//odm/vendor/firmware_mnt/faceapp.b01 48377
//odm/vendor/firmware_mnt/faceapp.b02 48378-48384
//odm/vendor/firmware_mnt/faceapp.b07 48386
//odm/vendor/firmware_mnt/faceapp.mdt 48387
